******************************************************************************
                  TI ARM Linker PC v16.9.4                     
******************************************************************************
>> Linked Wed Sep 27 16:53:38 2017

OUTPUT FILE NAME:   <wearableDevice_CC1350_LAUNCHXL_tirtos_ccs.out>
ENTRY POINT SYMBOL: "ResetISR"  address: 00008f89


MEMORY CONFIGURATION

         name            origin    length      used     unused   attr    fill
----------------------  --------  ---------  --------  --------  ----  --------
  FLASH                 00000000   00020000  0000b4c8  00014b38  R  X
  SRAM                  20000000   00005000  00003343  00001cbd  RW X


SEGMENT ALLOCATION MAP

run origin  load origin   length   init length attrs members
----------  ----------- ---------- ----------- ----- -------
00000000    00000000    000002b8   000002b8    r--
  00000000    00000000    0000003c   0000003c    r-- .resetVecs
  0000003c    0000003c    00000004   00000004    r-- .init_array
  00000040    00000040    00000278   00000278    r-- .cinit
00001000    00001000    0000b1c4   0000b1c4    r-x
  00001000    00001000    0000003c   0000003c    r-- .const:ti_sysbios_knl_Task_Object__PARAMS__C
  0000103c    0000103c    00000034   00000034    r-- .const:ti_sysbios_knl_Mailbox_Object__PARAMS__C
  00001070    00001070    00000030   00000030    r-- .const:ti_sysbios_family_arm_m3_Hwi_Object__PARAMS__C
  000010a0    000010a0    0000002c   0000002c    r-- .const:ti_sysbios_hal_Hwi_Object__PARAMS__C
  000010cc    000010cc    00000028   00000028    r-- .const:ti_sysbios_heaps_HeapMem_Module__FXNS__C
  000010f4    000010f4    00000028   00000028    r-- .const:ti_sysbios_knl_Swi_Object__PARAMS__C
  0000111c    0000111c    00000024   00000024    r-- .const:ti_sysbios_gates_GateHwi_Module__FXNS__C
  00001140    00001140    00000024   00000024    r-- .const:ti_sysbios_gates_GateMutex_Module__FXNS__C
  00001164    00001164    00000024   00000024    r-- .const:ti_sysbios_heaps_HeapMem_Object__PARAMS__C
  00001188    00001188    00000024   00000024    r-- .const:ti_sysbios_knl_Clock_Object__PARAMS__C
  000011ac    000011ac    00000024   00000024    r-- .const:ti_sysbios_knl_Semaphore_Object__PARAMS__C
  000011d0    000011d0    00000020   00000020    r-- .const:ti_sysbios_family_arm_m3_Hwi_Object__DESC__C
  000011f0    000011f0    00000020   00000020    r-- .const:ti_sysbios_gates_GateHwi_Object__DESC__C
  00001210    00001210    00000020   00000020    r-- .const:ti_sysbios_gates_GateMutex_Object__DESC__C
  00001230    00001230    00000020   00000020    r-- .const:ti_sysbios_hal_Hwi_Object__DESC__C
  00001250    00001250    00000020   00000020    r-- .const:ti_sysbios_heaps_HeapMem_Object__DESC__C
  00001270    00001270    00000020   00000020    r-- .const:ti_sysbios_knl_Clock_Object__DESC__C
  00001290    00001290    00000020   00000020    r-- .const:ti_sysbios_knl_Mailbox_Object__DESC__C
  000012b0    000012b0    00000020   00000020    r-- .const:ti_sysbios_knl_Queue_Object__DESC__C
  000012d0    000012d0    00000020   00000020    r-- .const:ti_sysbios_knl_Semaphore_Object__DESC__C
  000012f0    000012f0    00000020   00000020    r-- .const:ti_sysbios_knl_Swi_Object__DESC__C
  00001310    00001310    00000020   00000020    r-- .const:ti_sysbios_knl_Task_Object__DESC__C
  00001330    00001330    00000018   00000018    r-- .const:ti_sysbios_gates_GateHwi_Object__PARAMS__C
  00001348    00001348    00000018   00000018    r-- .const:ti_sysbios_gates_GateMutex_Object__PARAMS__C
  00001360    00001360    00000018   00000018    r-- .const:ti_sysbios_knl_Queue_Object__PARAMS__C
  00001378    00001378    00000008   00000008    r-- .const:ti_sysbios_knl_Idle_funcList__C
  00001384    00001384    00000004   00000004    r-- .const:ti_sysbios_family_arm_cc26xx_Timer_startupNeeded__C
  00001388    00001388    00000004   00000004    r-- .const:ti_sysbios_family_arm_m3_Hwi_E_alreadyDefined__C
  0000138c    0000138c    00000004   00000004    r-- .const:ti_sysbios_family_arm_m3_Hwi_E_hwiLimitExceeded__C
  00001390    00001390    00000004   00000004    r-- .const:ti_sysbios_family_arm_m3_Hwi_NUM_INTERRUPTS__C
  00001394    00001394    00000004   00000004    r-- .const:ti_sysbios_family_arm_m3_Hwi_Object__count__C
  00001398    00001398    00000004   00000004    r-- .const:ti_sysbios_family_arm_m3_Hwi_Object__table__C
  0000139c    0000139c    00000004   00000004    r-- .const:ti_sysbios_family_arm_m3_Hwi_ccr__C
  000013a0    000013a0    00000004   00000004    r-- .const:ti_sysbios_family_arm_m3_Hwi_excHandlerFunc__C
  000013a4    000013a4    00000004   00000004    r-- .const:ti_sysbios_family_arm_m3_Hwi_nullIsrFunc__C
  000013a8    000013a8    00000004   00000004    r-- .const:ti_sysbios_family_arm_m3_Hwi_numSparseInterrupts__C
  000013ac    000013ac    00000004   00000004    r-- .const:ti_sysbios_family_arm_m3_Hwi_priGroup__C
  000013b0    000013b0    00000004   00000004    r-- .const:ti_sysbios_family_arm_m3_TaskSupport_stackAlignment__C
  000013b4    000013b4    00000004   00000004    r-- .const:ti_sysbios_heaps_HeapMem_E_memory__C
  000013b8    000013b8    00000004   00000004    r-- .const:ti_sysbios_heaps_HeapMem_Module__gateObj__C
  000013bc    000013bc    00000004   00000004    r-- .const:ti_sysbios_heaps_HeapMem_Object__count__C
  000013c0    000013c0    00000004   00000004    r-- .const:ti_sysbios_heaps_HeapMem_Object__table__C
  000013c4    000013c4    00000004   00000004    r-- .const:ti_sysbios_heaps_HeapMem_reqAlign__C
  000013c8    000013c8    00000004   00000004    r-- .const:ti_sysbios_knl_Clock_serviceMargin__C
  000013cc    000013cc    00000004   00000004    r-- .const:ti_sysbios_knl_Mailbox_Object__count__C
  000013d0    000013d0    00000004   00000004    r-- .const:ti_sysbios_knl_Mailbox_Object__table__C
  000013d4    000013d4    00000004   00000004    r-- .const:ti_sysbios_knl_Mailbox_maxTypeAlign__C
  000013d8    000013d8    00000004   00000004    r-- .const:ti_sysbios_knl_Queue_Object__count__C
  000013dc    000013dc    00000004   00000004    r-- .const:ti_sysbios_knl_Queue_Object__table__C
  000013e0    000013e0    00000004   00000004    r-- .const:ti_sysbios_knl_Swi_Object__count__C
  000013e4    000013e4    00000004   00000004    r-- .const:ti_sysbios_knl_Swi_Object__table__C
  000013e8    000013e8    00000004   00000004    r-- .const:ti_sysbios_knl_Swi_numPriorities__C
  000013ec    000013ec    00000004   00000004    r-- .const:ti_sysbios_knl_Task_Object__count__C
  000013f0    000013f0    00000004   00000004    r-- .const:ti_sysbios_knl_Task_Object__table__C
  000013f4    000013f4    00000004   00000004    r-- .const:ti_sysbios_knl_Task_allBlockedFunc__C
  000013f8    000013f8    00000004   00000004    r-- .const:ti_sysbios_knl_Task_defaultStackHeap__C
  000013fc    000013fc    00000004   00000004    r-- .const:ti_sysbios_knl_Task_defaultStackSize__C
  00001400    00001400    00000004   00000004    r-- .const:ti_sysbios_knl_Task_numConstructedTasks__C
  00001406    00001406    00000002   00000002    r-- .const:ti_sysbios_family_arm_cc26xx_Timer_Module__id__C
  00001408    00001408    00000002   00000002    r-- .const:ti_sysbios_family_arm_cc26xx_TimestampProvider_useClockTimer__C
  0000140a    0000140a    00000002   00000002    r-- .const:ti_sysbios_family_arm_m3_Hwi_Module__id__C
  0000140c    0000140c    00000002   00000002    r-- .const:ti_sysbios_gates_GateHwi_Module__id__C
  0000140e    0000140e    00000002   00000002    r-- .const:ti_sysbios_gates_GateMutex_Module__id__C
  00001410    00001410    00000002   00000002    r-- .const:ti_sysbios_heaps_HeapMem_Module__id__C
  00001412    00001412    00000002   00000002    r-- .const:ti_sysbios_knl_Task_initStackFlag__C
  00001414    00001414    00000001   00000001    r-- .const:ti_sysbios_knl_Clock_tickMode__C
  00001418    00001418    00000008   00000008    r-- .const:xdc_runtime_Startup_firstFxns__C
  00001420    00001420    00000008   00000008    r-- .const:xdc_runtime_Startup_lastFxns__C
  00001428    00001428    00000004   00000004    r-- .const:xdc_runtime_Assert_E_assertFailed__C
  0000142c    0000142c    00000004   00000004    r-- .const:xdc_runtime_Error_E_memory__C
  00001430    00001430    00000004   00000004    r-- .const:xdc_runtime_Error_policyFxn__C
  00001434    00001434    00000004   00000004    r-- .const:xdc_runtime_IGateProvider_Interface__BASE__C
  00001438    00001438    00000004   00000004    r-- .const:xdc_runtime_IHeap_Interface__BASE__C
  0000143c    0000143c    00000004   00000004    r-- .const:xdc_runtime_IModule_Interface__BASE__C
  00001440    00001440    00000004   00000004    r-- .const:xdc_runtime_Main_Module__diagsEnabled__C
  00001444    00001444    00000004   00000004    r-- .const:xdc_runtime_Main_Module__diagsIncluded__C
  00001448    00001448    00000004   00000004    r-- .const:xdc_runtime_Main_Module__diagsMask__C
  0000144c    0000144c    00000004   00000004    r-- .const:xdc_runtime_Memory_defaultHeapInstance__C
  00001450    00001450    00000004   00000004    r-- .const:xdc_runtime_Startup_execImpl__C
  00001454    00001454    00000004   00000004    r-- .const:xdc_runtime_Startup_maxPasses__C
  00001458    00001458    00000004   00000004    r-- .const:xdc_runtime_Startup_sfxnRts__C
  0000145c    0000145c    00000004   00000004    r-- .const:xdc_runtime_Startup_sfxnTab__C
  00001460    00001460    00000004   00000004    r-- .const:xdc_runtime_Startup_startModsFxn__C
  00001464    00001464    00000004   00000004    r-- .const:xdc_runtime_SysCallback_abortFxn__C
  00001468    00001468    00000004   00000004    r-- .const:xdc_runtime_SysCallback_exitFxn__C
  0000146c    0000146c    00000004   00000004    r-- .const:xdc_runtime_System_abortFxn__C
  00001470    00001470    00000004   00000004    r-- .const:xdc_runtime_System_exitFxn__C
  00001474    00001474    00000004   00000004    r-- .const:xdc_runtime_System_maxAtexitHandlers__C
  00001478    00001478    00000004   00000004    r-- .const:xdc_runtime_Text_charTab__C
  0000147c    0000147c    00000004   00000004    r-- .const:xdc_runtime_Text_nameEmpty__C
  00001480    00001480    00000004   00000004    r-- .const:xdc_runtime_Text_nameStatic__C
  00001484    00001484    00000004   00000004    r-- .const:xdc_runtime_Text_nameUnknown__C
  00001488    00001488    00000002   00000002    r-- .const:xdc_runtime_Main_Module__id__C
  0000148a    0000148a    00000002   00000002    r-- .const:xdc_runtime_Memory_Module__id__C
  0000148c    0000148c    00000002   00000002    r-- .const:xdc_runtime_Text_charCnt__C
  0000148e    0000148e    00000002   00000002    r-- .const:xdc_runtime_Text_isLoaded__C
  00001490    00001490    00000001   00000001    r-- .const:xdc_runtime_Error_policy__C
  00001494    00001494    00000004   00000004    r-- .const:ti_sysbios_rom_ROM_AONRTCChannelEnable
  00001498    00001498    00000004   00000004    r-- .const:ti_sysbios_rom_ROM_AONRTCCompareValueSet
  0000149c    0000149c    00000004   00000004    r-- .const:ti_sysbios_rom_ROM_AONRTCCurrentCompareValueGet
  000014a0    000014a0    00000004   00000004    r-- .const:ti_sysbios_rom_ROM_AONRTCEventClear
  000014a4    000014a4    00000004   00000004    r-- .const:ti_sysbios_rom_ROM_ti_sysbios_family_arm_cc26xx_Timer_getCount64__E
  000014a8    000014a8    00000004   00000004    r-- .const:ti_sysbios_rom_ROM_ti_sysbios_family_arm_cc26xx_Timer_getCurrentTick__E
  000014ac    000014ac    00000004   00000004    r-- .const:ti_sysbios_rom_ROM_ti_sysbios_family_arm_cc26xx_Timer_getMaxTicks__E
  000014b0    000014b0    00000004   00000004    r-- .const:ti_sysbios_rom_ROM_ti_sysbios_family_arm_cc26xx_Timer_initDevice__I
  000014b4    000014b4    00000004   00000004    r-- .const:ti_sysbios_rom_ROM_ti_sysbios_family_arm_cc26xx_Timer_setNextTick__E
  000014b8    000014b8    00000004   00000004    r-- .const:ti_sysbios_rom_ROM_ti_sysbios_family_arm_cc26xx_Timer_setThreshold__I
  000014bc    000014bc    00000004   00000004    r-- .const:ti_sysbios_rom_ROM_ti_sysbios_family_arm_cc26xx_Timer_start__E
  000014c0    000014c0    00000004   00000004    r-- .const:ti_sysbios_rom_ROM_ti_sysbios_family_arm_cc26xx_TimestampProvider_get32__E
  000014c4    000014c4    00000004   00000004    r-- .const:ti_sysbios_rom_ROM_xdc_runtime_Startup_getState__I
  000014c8    000014c8    00000004   00000004    r-- .const:ti_sysbios_rom_ROM_xdc_runtime_System_SupportProxy_abort__E
  000014cc    000014cc    00000004   00000004    r-- .const:ti_sysbios_rom_ROM_xdc_runtime_System_SupportProxy_exit__E
  000014d0    000014d0    00000004   00000004    r-- .const:ti_sysbios_gates_GateMutex_Instance_State_sem__O
  000014d4    000014d4    00000004   00000004    r-- .const:ti_sysbios_knl_Clock_Module_State_clockQ__O
  000014d8    000014d8    00000004   00000004    r-- .const:ti_sysbios_knl_Mailbox_Instance_State_dataQue__O
  000014dc    000014dc    00000004   00000004    r-- .const:ti_sysbios_knl_Mailbox_Instance_State_dataSem__O
  000014e0    000014e0    00000004   00000004    r-- .const:ti_sysbios_knl_Mailbox_Instance_State_freeQue__O
  000014e4    000014e4    00000004   00000004    r-- .const:ti_sysbios_knl_Mailbox_Instance_State_freeSem__O
  000014e8    000014e8    00000004   00000004    r-- .const:ti_sysbios_knl_Semaphore_Instance_State_pendQ__O
  000014ec    000014ec    00000004   00000004    r-- .const:ti_sysbios_knl_Task_Module_State_inactiveQ__O
  000014f0    000014f0    00009868   00009868    r-x .text
  0000ad58    0000ad58    0000146c   0000146c    r-- .const
0001ffa8    0001ffa8    00000058   00000058    r--
  0001ffa8    0001ffa8    00000058   00000058    r-- .ccfg
20000100    20000100    00001669   00000000    rw-
  20000100    20000100    00000044   00000000    rw- .data:ti_sysbios_knl_Task_Module__state__V
  20000144    20000144    00000034   00000000    rw- .data:ti_sysbios_family_arm_m3_Hwi_Module__state__V
  20000178    20000178    0000002c   00000000    rw- .data:ti_sysbios_knl_Clock_Module__state__V
  200001a4    200001a4    00000024   00000000    rw- .data:ti_sysbios_BIOS_Module__state__V
  200001c8    200001c8    0000001c   00000000    rw- .data:ti_sysbios_knl_Swi_Module__state__V
  200001e4    200001e4    00000008   00000000    rw- .data:ti_sysbios_family_arm_cc26xx_Timer_Module__state__V
  200001ec    200001ec    00000004   00000000    rw- .data:ti_sysbios_family_arm_cc26xx_TimestampProvider_Module__state__V
  200001f0    200001f0    00000008   00000000    rw- .data:xdc_runtime_Startup_Module__state__V
  200001f8    200001f8    00000008   00000000    rw- .data:xdc_runtime_System_Module__state__V
  20000200    20000200    00000004   00000000    rw- .data:xdc_runtime_Memory_Module__state__V
  20000208    20000208    00001561   00000000    rw- .bss
20001770    20001770    00001000   00000000    r--
  20001770    20001770    00001000   00000000    r-- .priheap
20002770    20002770    00000816   00000000    rw-
  20002770    20002770    00000816   00000000    rw- .data
20004c00    20004c00    00000400   00000000    rw-
  20004c00    20004c00    00000400   00000000    rw- .stack


SECTION ALLOCATION MAP

 output                                  attributes/
section   page    origin      length       input sections
--------  ----  ----------  ----------   ----------------
.text      0    000014f0    00009868     
                  000014f0    00001102     rtsv7M3_T_le_eabi.lib : _printfi.obj (.text)
                  000025f2    00000002     display.aem3 : DisplayUart.oem3 (.text:DisplayUartMin_clear)
                  000025f4    000003c0     Adafruit_GFX.obj (.text:_ZN12Adafruit_GFX8drawCharEsshtth)
                  000029b4    0000033c     rom_sysbios.aem3 : rom_sysbios.obj (.text:xdc_runtime_System_doPrint__I)
                  00002cf0    0000030c     drivers_cc13x0.aem3 : PowerCC26XX_calibrateRCOSC.oem3 (.text:PowerCC26XX_auxISR)
                  00002ffc    00000228     driverlib.lib : sys_ctrl.obj (.text:NOROM_SysCtrlSetRechargeBeforePowerDown)
                  00003224    00000224     WDsDisplay.obj (.text:_ZN10WDsDisplay11Battery_setEhb)
                  00003448    0000021c     drivers_cc13x0.aem3 : PowerCC26XX.oem3 (.text:Power_sleep)
                  00003664    000001f4     rtsv7M3_T_le_eabi.lib : ull_div_t2.obj (.text)
                  00003858    000001ca     Adafruit_GFX.obj (.text:_ZN12Adafruit_GFX5writeEh)
                  00003a22    00000002     display.aem3 : DisplayUart.oem3 (.text:DisplayUartMin_clearLines)
                  00003a24    000001c4     wearableDevice.obj (.text:_Z22mainTaskStructFunctionjj)
                  00003be8    000001b6     rtsv7M3_T_le_eabi.lib : fd_add_t2.obj (.text)
                  00003d9e    00000192     Adafruit_GFX.obj (.text:_ZN12Adafruit_GFX9writeLineEsssst)
                  00003f30    00000190     drivers_cc13x0.aem3 : PowerCC26XX_calibrateRCOSC.oem3 (.text:PowerCC26XX_doCalibrate)
                  000040c0    0000018c                         : PINCC26XX.oem3 (.text:PIN_init)
                  0000424c    0000018c     wearableDevice.obj (.text:_Z19wearableDevice_initv)
                  000043d8    00000170     Adafruit_SSD1306.obj (.text:_ZN16Adafruit_SSD13069drawPixelEsst)
                  00004548    00000168     release_pem3.oem3 (.text:xdc_runtime_System_printfExtend__I)
                  000046b0    00000164     drivers_cc13x0.aem3 : UARTCC26XX.oem3 (.text:UARTCC26XX_open)
                  00004814    0000015c     Adafruit_SSD1306.obj (.text:_ZN16Adafruit_SSD130621drawFastVLineInternalEssst)
                  00004970    00000154     drivers_cc13x0.aem3 : I2CCC26XX.oem3 (.text:I2CCC26XX_open)
                  00004ac4    00000136     rtsv7M3_T_le_eabi.lib : fd_div_t2.obj (.text)
                  00004bfa    00000002     display.aem3 : DisplayUart.oem3 (.text:DisplayUartMin_init)
                  00004bfc    00000130     driverlib.lib : setup_rom.obj (.text:NOROM_SetupAfterColdResetWakeupFromShutDownCfg3)
                  00004d2c    00000130     WDsDisplay.obj (.text:_ZN10WDsDisplay16Footsteps_numberEj)
                  00004e5c    0000012e     bigtime.obj (.text:_ZN5Clock6setDayEv)
                  00004f8a    00000002     drivers_cc13x0.aem3 : PowerCC26XX.oem3 (.text:emptyClockFunc)
                  00004f8c    0000012c                         : PowerCC26XX.oem3 (.text:Power_init)
                  000050b8    00000128     Adafruit_SSD1306.obj (.text:_ZN16Adafruit_SSD13065beginEhhb)
                  000051e0    00000124     WDsDisplay.obj (.text:_ZN10WDsDisplay16Heartrate_numberEa)
                  00005304    00000118     drivers_cc13x0.aem3 : UARTCC26XX.oem3 (.text:UARTCC26XX_read)
                  0000541c    00000112     Adafruit_SSD1306.obj (.text:_ZN16Adafruit_SSD130613drawFastHLineEssst)
                  0000552e    00000112     Adafruit_SSD1306.obj (.text:_ZN16Adafruit_SSD130613drawFastVLineEssst)
                  00005640    00000110     drivers_cc13x0.aem3 : I2CCC26XX.oem3 (.text:I2CCC26XX_hwiFxn)
                  00005750    0000010a                         : UARTCC26XX.oem3 (.text:UARTCC26XX_hwiIntFxn)
                  0000585a    00000002     rtsv7M3_T_le_eabi.lib : i_div0.obj (.text)
                  0000585c    00000100     WDsDisplay.obj (.text:_ZN10WDsDisplay16Heartrate_statusEv)
                  0000595c    00000100     Adafruit_SSD1306.obj (.text:_ZN16Adafruit_SSD130621drawFastHLineInternalEssst)
                  00005a5c    000000fe     Adafruit_GFX.obj (.text:_ZN12Adafruit_GFX8drawLineEsssst)
                  00005b5a    00000002     rom_sysbios.aem3 : rom_sysbios.obj (.text:ti_sysbios_BIOS_linkedWithIncorrectBootLibrary__E)
                  00005b5c    000000fc     drivers_cc13x0.aem3 : UARTCC26XX.oem3 (.text:UARTCC26XX_write)
                  00005c58    000000fc     rtsv7M3_T_le_eabi.lib : fd_mul_t2.obj (.text)
                  00005d54    000000f4                           : dtor_list.obj (.text)
                  00005e48    000000f0     drivers_cc13x0.aem3 : GPIOCC26XX.oem3 (.text:GPIO_setConfig)
                  00005f38    000000f0     driverlib.lib : setup_rom.obj (.text:NOROM_SetupAfterColdResetWakeupFromShutDownCfg2)
                  00006028    000000ee     Adafruit_GFX.obj (.text:_ZN12Adafruit_GFX10drawBitmapEssPKhsstt)
                  00006116    00000002     release_pem3.oem3 (.text:ti_sysbios_BIOS_nullFunc__I)
                  00006118    000000e8     rom_sysbios.aem3 : rom_sysbios.obj (.text:ti_sysbios_knl_Event_pend__E)
                  00006200    000000e4     Adafruit_SSD1306.obj (.text:_ZN16Adafruit_SSD13067displayEhh)
                  000062e4    000000dc     drivers_cc13x0.aem3 : PINCC26XX.oem3 (.text:PINCC26XX_setIoCfg)
                  000063c0    000000d0     dpl_cc13x0.aem3 : PowerCC26XX_tirtos.oem3 (.text:PowerCC26XX_standbyPolicy)
                  00006490    000000d0     rtsv7M3_T_le_eabi.lib : s_scalbn.obj (.text)
                  00006560    000000cc     WDsDisplay.obj (.text:_ZN10WDsDisplay9Clock_setEhh)
                  0000662c    000000c4     driverlib.lib : setup.obj (.text:TrimAfterColdResetWakeupFromShutDown)
                  000066f0    000000c0     drivers_cc13x0.aem3 : I2CCC26XX.oem3 (.text:I2CCC26XX_transfer)
                  000067b0    000000c0     wearableDevice.obj (.text:_Z25primaryTaskStructFunctionjj)
                  00006870    000000c0     Adafruit_SSD1306.obj (.text:_ZN16Adafruit_SSD13067displayEv)
                  00006930    000000bc     drivers_cc13x0.aem3 : GPIOCC26XX.oem3 (.text:GPIO_init)
                  000069ec    000000bc                         : PowerCC26XX.oem3 (.text:Power_releaseDependency)
                  00006aa8    000000bc                         : UARTCC26XX.oem3 (.text:UARTCC26XX_initHw)
                  00006b64    000000bc     rtsv7M3_T_le_eabi.lib : typeinfo_.obj (.text)
                  00006c20    000000b4     drivers_cc13x0.aem3 : PowerCC26XX.oem3 (.text:Power_setDependency)
                  00006cd4    000000b2     Adafruit_GFX.obj (.text:_ZN12Adafruit_GFX8drawRectEsssst)
                  00006d86    00000002     rom_sysbios.aem3 : rom_sysbios.obj (.text:ti_sysbios_knl_Clock_triggerFunc__I)
                  00006d88    000000a8     driverlib.lib : setup.obj (.text:NOROM_SetupTrimDevice)
                  00006e30    000000a4                   : setup_rom.obj (.text:NOROM_SetupAfterColdResetWakeupFromShutDownCfg1)
                  00006ed4    000000a0     auto_init.aem3 : auto_init.oem3 (.text)
                  00006f74    0000009c     i2ctransfer.obj (.text:_Z17I2c_WriteRegisteraaPhh)
                  00007010    0000009c     rtsv7M3_T_le_eabi.lib : memcpy_t2.obj (.text)
                  000070ac    00000098     drivers_cc13x0.aem3 : PINCC26XX.oem3 (.text:PIN_open)
                  00007144    00000098                         : UARTCC26XX.oem3 (.text:UARTCC26XX_initIO)
                  000071dc    00000098     rom_sysbios.aem3 : rom_sysbios.obj (.text:ti_sysbios_knl_Clock_workFuncDynamic__E)
                  00007274    00000094     drivers_cc13x0.aem3 : UARTCC26XX.oem3 (.text:writeFinishedDoCallback)
                  00007308    00000090                         : I2CCC26XX.oem3 (.text:I2CCC26XX_cancel)
                  00007398    0000008c                         : I2CCC26XX.oem3 (.text:I2CCC26XX_primeTransfer)
                  00007424    0000008c                         : UARTCC26XX.oem3 (.text:UARTCC26XX_close)
                  000074b0    0000008c                         : UARTCC26XX.oem3 (.text:UARTCC26XX_writeCancel)
                  0000753c    0000008c     WDsDisplay.obj (.text:_ZN10WDsDisplay16Footsteps_statusEv)
                  000075c8    00000088     drivers_cc13x0.aem3 : PowerCC26XX.oem3 (.text:disableLFClockQualifiers)
                  00007650    00000086     rtsv7M3_T_le_eabi.lib : fd_cmp_t2.obj (.text:__aeabi_cdcmple)
                  000076d6    00000086                           : fd_cmp_t2.obj (.text:__aeabi_cdrcmple)
                  0000775c    00000084     wearableDevice.obj (.text:_Z14gpioButtonFxn0h)
                  000077e0    00000084     drivers_cc13x0.aem3 : PowerCC26XX.oem3 (.text:switchXOSCHFclockFunc)
                  00007864    0000007c     wearableDevice.obj (.text:_Z10clock_mainj)
                  000078e0    0000007a     rtsv7M3_T_le_eabi.lib : memset_t2.obj (.text)
                  0000795a    00000002     release_pem3.oem3 (.text:ti_sysbios_rom_cortexm_cc13xx_CC13xx_badRomRevision__E)
                  0000795c    00000078     WDsDisplay.obj (.text:_ZN10WDsDisplay12Colon_toogleEv)
                  000079d4    00000078     drivers_cc13x0.aem3 : UARTCC26XX.oem3 (.text:writeTxFifoFlush)
                  00007a4c    00000074     driverlib.lib : setup_rom.obj (.text:NOROM_SetupSetVddrLevel)
                  00007ac0    00000074     Adafruit_GFX.obj (.text:_ZN12Adafruit_GFX8fillRectEsssst)
                  00007b34    00000074     Adafruit_GFX.obj (.text:_ZN12Adafruit_GFXC1Ess)
                  00007ba8    00000074     rom_sysbios.aem3 : rom_sysbios.obj (.text:ti_sysbios_family_arm_cc26xx_Timer_start__E)
                  00007c1c    00000070                      : rom_sysbios.obj (.text:ti_sysbios_knl_Event_post__E)
                  00007c8c    0000006d                      : rom_sysbios.obj (.text:xdc_runtime_System_formatNum__I)
                  00007cf9    00000001     --HOLE-- [fill = 0]
                  00007cfa    00000002                      : rom_sysbios.obj (.text:xdc_runtime_SysCallback_defaultAbort)
                  00007cfc    0000006c     drivers_cc13x0.aem3 : PowerCC26XX_calibrateRCOSC.oem3 (.text:PowerCC26XX_initiateCalibration)
                  00007d68    0000006c     i2ctransfer.obj (.text:_Z13I2c_WriteByteaah)
                  00007dd4    00000068     drivers_cc13x0.aem3 : I2CCC26XX.oem3 (.text:I2CCC26XX_close)
                  00007e3c    00000068     driverlib.lib : setup_rom.obj (.text:NOROM_SetupGetTrimForAmpcompCtrl)
                  00007ea4    00000068                   : setup_rom.obj (.text:NOROM_SetupGetTrimForAnabypassValue1)
                  00007f0c    00000068                   : sys_ctrl.obj (.text:NOROM_SysCtrl_DCDC_VoltageConditionalControl)
                  00007f74    00000068     drivers_cc13x0.aem3 : UARTCC26XX.oem3 (.text:UARTCC26XX_readCancel)
                  00007fdc    00000068     rtsv7M3_T_le_eabi.lib : copy_decompress_lzss.obj (.text:decompress:lzss)
                  00008044    00000064     driverlib.lib : osc.obj (.text:NOROM_OSCHF_AttemptToSwitchToXosc)
                  000080a8    00000064     drivers_cc13x0.aem3 : PINCC26XX.oem3 (.text:PIN_add)
                  0000810c    00000064     i2ctransfer.obj (.text:_Z16I2c_ReadRegisteraaPhh)
                  00008170    00000064     drivers_cc13x0.aem3 : PowerCC26XX.oem3 (.text:configureXOSCHF)
                  000081d4    00000060     driverlib.lib : osc.obj (.text:NOROM_OSCClockSourceSet)
                  00008234    00000060     drivers_cc13x0.aem3 : UARTCC26XX.oem3 (.text:UARTCC26XX_control)
                  00008294    00000060     wearableDevice.obj (.text:_Z14pedometer_shows)
                  000082f4    00000060     wearableDevice.obj (.text:_Z17heart_measurementt)
                  00008354    00000060     rtsv7M3_T_le_eabi.lib : sprintf.obj (.text)
                  000083b4    0000005e     Adafruit_GFX.obj (.text:_ZN12Adafruit_GFX13drawFastHLineEssst)
                  00008412    0000005e     Adafruit_GFX.obj (.text:_ZN12Adafruit_GFX13drawFastVLineEssst)
                  00008470    0000005c     display.aem3 : Display.oem3 (.text:Display_doOpen)
                  000084cc    0000005c     driverlib.lib : sys_ctrl.obj (.text:NOROM_SysCtrlAdjustRechargeAfterPowerDown)
                  00008528    0000005c     drivers_cc13x0.aem3 : PowerCC26XX_calibrateRCOSC.oem3 (.text:PowerCC26XX_RCOSC_clockFunc)
                  00008584    0000005c                         : PowerCC26XX.oem3 (.text:PowerCC26XX_calibrate)
                  000085e0    0000005c     wearableDevice.obj (.text:_Z12display_headv)
                  0000863c    0000005c     WDsDisplay.obj (.text:_ZN10WDsDisplay15clear_characterEssttt)
                  00008698    0000005c     rtsv7M3_T_le_eabi.lib : s_frexp.obj (.text)
                  000086f4    0000005c     rom_sysbios.aem3 : rom_sysbios.obj (.text:ti_sysbios_heaps_HeapMem_initPrimary__I)
                  00008750    0000005c     release_pem3.oem3 (.text:xdc_runtime_Startup_getState__I)
                  000087ac    00000058     drivers_cc13x0.aem3 : I2CCC26XX.oem3 (.text:I2CCC26XX_swiFxn)
                  00008804    00000058                         : PINCC26XX.oem3 (.text:PIN_remove)
                  0000885c    00000058     wearableDevice.obj (.text:_Z28countSleepTaskStructFunctionjj)
                  000088b4    00000056     Adafruit_GFX.obj (.text:_ZN12Adafruit_GFX11setRotationEh)
                  0000890a    00000002     rom_sysbios.aem3 : rom_sysbios.obj (.text:xdc_runtime_SysCallback_defaultExit)
                  0000890c    00000054     wearableDevice.obj (.text:__sti___18_wearableDevice_cpp_modeMain)
                  00008960    00000054     rtsv7M3_T_le_eabi.lib : exit.obj (.text)
                  000089b4    00000054                           : ltoa.obj (.text)
                  00008a08    00000050     driverlib.lib : setup_rom.obj (.text:NOROM_SetupSetCacheModeAccordingToCcfgSetting)
                  00008a58    00000050     bigtime.obj (.text:_ZN5ClockC1Ei)
                  00008aa8    00000050     wearableDevice.obj (.text:_ZN7hienthi8showBodyEh)
                  00008af8    00000050     drivers_cc13x0.aem3 : UARTCC26XX.oem3 (.text:startTxFifoEmptyClk)
                  00008b48    0000004c                         : I2CCC26XX.oem3 (.text:I2CCC26XX_initHw)
                  00008b94    0000004c     wearableDevice.obj (.text:_Z21pedometer_measurementv)
                  00008be0    0000004c     drivers_cc13x0.aem3 : GPIOCC26XX.oem3 (.text:powerPostNotify)
                  00008c2c    0000004c     rtsv7M3_T_le_eabi.lib : atoi.obj (.text)
                  00008c78    0000004c                           : cpy_tbl.obj (.text)
                  00008cc4    0000004a     display.aem3 : DisplayUart.oem3 (.text:DisplayUartMin_open)
                  00008d0e    00000002     rom_sysbios.aem3 : rom_sysbios.obj (.text:xdc_runtime_SysCallback_defaultPutch)
                  00008d10    00000048     dpl_cc13x0.aem3 : ClockP_tirtos.oem3 (.text:ClockP_construct)
                  00008d58    00000048     drivers_cc13x0.aem3 : PINCC26XX.oem3 (.text:PIN_setOutputEnable)
                  00008da0    00000048     wearableDevice.obj (.text:_Z10heart_showh)
                  00008de8    00000048     rtsv7M3_T_le_eabi.lib : fd_toi_t2.obj (.text)
                  00008e30    00000046     display.aem3 : DisplayUart.oem3 (.text:DisplayUartMin_vprintf)
                  00008e76    00000002     --HOLE-- [fill = 0]
                  00008e78    00000044     drivers_cc13x0.aem3 : PINCC26XX.oem3 (.text:PIN_swi)
                  00008ebc    00000044                         : RingBuf.oem3 (.text:RingBuf_put)
                  00008f00    00000044     WDsDisplay.obj (.text:_ZN10WDsDisplay14Bluetooth_iconEb)
                  00008f44    00000044     Adafruit_SSD1306.obj (.text:_ZN16Adafruit_SSD1306C1Ea)
                  00008f88    00000044     boot.aem3 : boot.oem3 (.text)
                  00008fcc    00000044     drivers_cc13x0.aem3 : PowerCC26XX.oem3 (.text:notify)
                  00009010    00000044     rtsv7M3_T_le_eabi.lib : fd_tou_t2.obj (.text)
                  00009054    00000042     dvMMA9553.obj (.text:_ZN9pedometer4initEv)
                  00009096    00000002     --HOLE-- [fill = 0]
                  00009098    00000040     drivers_cc13x0.aem3 : GPIOCC26XX.oem3 (.text:GPIO_enableInt)
                  000090d8    00000040     dpl_cc13x0.aem3 : HwiP_tirtos.oem3 (.text:HwiP_construct)
                  00009118    00000040     drivers_cc13x0.aem3 : I2C.oem3 (.text:I2C_init)
                  00009158    00000040                         : I2C.oem3 (.text:I2C_open)
                  00009198    00000040                         : UART.oem3 (.text:UART_init)
                  000091d8    00000040                         : UART.oem3 (.text:UART_open)
                  00009218    00000040     rtsv7M3_T_le_eabi.lib : u_divt2.obj (.text)
                  00009258    00000040     rom_sysbios.aem3 : rom_sysbios.obj (.text:ti_sysbios_family_arm_cc26xx_Timer_setThreshold__I)
                  00009298    0000003e     drivers_cc13x0.aem3 : RingBuf.oem3 (.text:RingBuf_get)
                  000092d6    00000002     --HOLE-- [fill = 0]
                  000092d8    0000003c     driverlib.lib : chipinfo.obj (.text:NOROM_ChipInfo_GetHwRevision)
                  00009314    0000003c                   : osc.obj (.text:NOROM_OSC_HPOSCRelativeFrequencyOffsetGet)
                  00009350    0000003c     dpl_cc13x0.aem3 : SwiP_tirtos.oem3 (.text:SwiP_construct)
                  0000938c    0000003c     Adafruit_GFX.obj (.text:_ZN12Adafruit_GFX13writeFillRectEsssst)
                  000093c8    0000003c     rom_sysbios.aem3 : rom_sysbios.obj (.text:ti_sysbios_family_arm_m3_Hwi_construct2__E)
                  00009404    0000003a     Adafruit_SSD1306.obj (.text:_ZN16Adafruit_SSD130615ssd1306_commandEh)
                  0000943e    00000002     --HOLE-- [fill = 0]
                  00009440    00000038     drivers_cc13x0.aem3 : PINCC26XX.oem3 (.text:PIN_setOutputValue)
                  00009478    00000038                         : UARTCC26XX.oem3 (.text:UARTCC26XX_swiIntFxn)
                  000094b0    00000038     WDsDisplay.obj (.text:_ZN10WDsDisplay11clear_16x16Esst)
                  000094e8    00000038     WDsDisplay.obj (.text:_ZN10WDsDisplay11clear_18x24Esst)
                  00009520    00000038     WDsDisplay.obj (.text:_ZN10WDsDisplay11clear_heartEsst)
                  00009558    00000038     WDsDisplay.obj (.text:_ZN10WDsDisplayC1Ea)
                  00009590    00000038     drivers_cc13x0.aem3 : UARTCC26XX.oem3 (.text:readData)
                  000095c8    00000038     rtsv7M3_T_le_eabi.lib : fs_tod_t2.obj (.text)
                  00009600    00000038     rom_sysbios.aem3 : rom_sysbios.obj (.text:ti_sysbios_family_arm_cc26xx_Seconds_get__E)
                  00009638    00000038     drivers_cc13x0.aem3 : UARTCC26XX.oem3 (.text:writeData)
                  00009670    00000036     Adafruit_GFX.obj (.text:_ZN12Adafruit_GFX14writeFastHLineEssst)
                  000096a6    00000036     Adafruit_GFX.obj (.text:_ZN12Adafruit_GFX14writeFastVLineEssst)
                  000096dc    00000034     drivers_cc13x0.aem3 : GPIOCC26XX.oem3 (.text:GPIO_setCallback)
                  00009710    00000034                         : GPIOCC26XX.oem3 (.text:GPIO_toggle)
                  00009744    00000034     driverlib.lib : osc.obj (.text:NOROM_OSCHF_SwitchToRcOscTurnOffXosc)
                  00009778    00000034     drivers_cc13x0.aem3 : PINCC26XX.oem3 (.text:PIN_setConfig)
                  000097ac    00000034                         : PowerCC26XX.oem3 (.text:Power_releaseConstraint)
                  000097e0    00000034     rom_sysbios.aem3 : rom_sysbios.obj (.text:ti_sysbios_family_arm_cc26xx_Timer_initDevice__I)
                  00009814    00000032                      : rom_sysbios.obj (.text:ti_sysbios_family_arm_cc26xx_Timer_setNextTick__E)
                  00009846    00000002     --HOLE-- [fill = 0]
                  00009848    00000030     driverlib.lib : setup_rom.obj (.text:NOROM_SetupSetAonRtcSubSecInc)
                  00009878    00000030     drivers_cc13x0.aem3 : PowerCC26XX.oem3 (.text:Power_setConstraint)
                  000098a8    00000030     Adafruit_GFX.obj (.text:_ZN12Adafruit_GFX10fillScreenEt)
                  000098d8    00000030     drivers_cc13x0.aem3 : UARTCC26XX.oem3 (.text:readData2RingBuf)
                  00009908    00000030     release_pem3.oem3 (.text:ti_sysbios_BIOS_atExitFunc__I)
                  00009938    00000030     release_pem3.oem3 (.text:ti_sysbios_BIOS_startFunc__I)
                  00009968    00000030     rom_sysbios.aem3 : rom_sysbios.obj (.text:ti_sysbios_family_arm_cc26xx_Timer_getCurrentTick__E)
                  00009998    0000002e     rtsv7M3_T_le_eabi.lib : i_tofd_t2.obj (.text)
                  000099c6    0000002e     release_pem3.oem3 (.text:ti_sysbios_rts_gnu_MemAlloc_alloc)
                  000099f4    0000002c     driverlib.lib : ddi.obj (.text:NOROM_DDI32RegWrite)
                  00009a20    0000002c                   : osc.obj (.text:NOROM_OSCClockSourceGet)
                  00009a4c    0000002c                   : setup_rom.obj (.text:NOROM_SetupGetTrimForRadcExtCfg)
                  00009a78    0000002c     drivers_cc13x0.aem3 : PINCC26XX.oem3 (.text:PINCC26XX_setMux)
                  00009aa4    0000002c     dpl_cc13x0.aem3 : SemaphoreP_tirtos.oem3 (.text:SemaphoreP_constructBinary)
                  00009ad0    0000002c                     : SemaphoreP_tirtos.oem3 (.text:SemaphoreP_createBinary)
                  00009afc    0000002c     Adafruit_GFX.obj (.text:_ZN12Adafruit_GFX10writePixelEsst)
                  00009b28    0000002c     Adafruit_GFX.obj (.text:_ZN12Adafruit_GFX5printEPh)
                  00009b54    0000002c     dvMMA9553.obj (.text:_ZN9pedometer10afe_configEv)
                  00009b80    0000002c     dvMMA9553.obj (.text:_ZN9pedometer11int0_enableEv)
                  00009bac    0000002c     dvMMA9553.obj (.text:_ZN9pedometer12write_configEv)
                  00009bd8    0000002c     dvMMA9553.obj (.text:_ZN9pedometer6activeEv)
                  00009c04    0000002c     dvMMA9553.obj (.text:_ZN9pedometer6enableEv)
                  00009c30    0000002c     dvMMA9553.obj (.text:_ZN9pedometer6wakeupEv)
                  00009c5c    0000002c     dvMMA9553.obj (.text:_ZN9pedometer7disableEv)
                  00009c88    0000002c     rom_sysbios.aem3 : rom_sysbios.obj (.text:ti_sysbios_knl_Clock_getTicksUntilInterrupt__E)
                  00009cb4    0000002c     release_pem3.oem3 (.text:ti_sysbios_knl_Event_construct)
                  00009ce0    0000002c     rom_sysbios.aem3 : rom_sysbios.obj (.text:ti_sysbios_knl_Event_pendTimeout__I)
                  00009d0c    0000002a     display.aem3 : Display.oem3 (.text:Display_doPrintf)
                  00009d36    0000002a     rom_sysbios.aem3 : rom_sysbios.obj (.text:xdc_runtime_System_putchar__I)
                  00009d60    00000028     display.aem3 : Display.oem3 (.text:Display_doInit)
                  00009d88    00000028     driverlib.lib : aon_batmon.obj (.text:NOROM_AONBatMonTemperatureGetDegC)
                  00009db0    00000028     drivers_cc13x0.aem3 : PowerCC26XX.oem3 (.text:Power_registerNotify)
                  00009dd8    00000028     driverlib.lib : adi.obj (.text:SafeHapiVoid)
                  00009e00    00000028     wearableDevice.obj (.text:_Z27mainClockTaskStructFunctionjj)
                  00009e28    00000024     drivers_cc13x0.aem3 : GPIOCC26XX.oem3 (.text:GPIO_hwiIntFxn)
                  00009e4c    00000024                         : PINCC26XX.oem3 (.text:PINCC26XX_getPinCount)
                  00009e70    00000024     bigtime.obj (.text:_ZN5Clock10setCenturyEv)
                  00009e94    00000024     bigtime.obj (.text:_ZN5Clock7setHourEv)
                  00009eb8    00000024     bigtime.obj (.text:_ZN5Clock7setYearEv)
                  00009edc    00000024     bigtime.obj (.text:_ZN5Clock8setMonthEv)
                  00009f00    00000024     bigtime.obj (.text:_ZN5Clock9setMinuteEv)
                  00009f24    00000024     bigtime.obj (.text:_ZN5Clock9setSecondEv)
                  00009f48    00000024     wearableDevice.obj (.text:_ZN7hienthi16TurnONOFFDisplayEb)
                  00009f6c    00000024     wearableDevice.obj (.text:_ZN7hienthi8showHeadEv)
                  00009f90    00000024     wearableDevice.obj (.text:_ZN7hienthiC1Ev)
                  00009fb4    00000024     dvMMA9553.obj (.text:_ZN9pedometer13delay_mma9553Ev)
                  00009fd8    00000024     dvMMA9553.obj (.text:_ZN9pedometer14dvMMA9553_ReadEhhPhh)
                  00009ffc    00000024     dvMMA9553.obj (.text:_ZN9pedometer15dvMMA9553_WriteEhhPhh)
                  0000a020    00000024     dvMMA9553.obj (.text:_ZN9pedometer4ReadEPhh)
                  0000a044    00000024     release_pem3.oem3 (.text:ti_sysbios_BIOS_registerRTSLock__I)
                  0000a068    00000024     release_pem3.oem3 (.text:ti_sysbios_BIOS_removeRTSLock__I)
                  0000a08c    00000024     rom_sysbios.aem3 : rom_sysbios.obj (.text:ti_sysbios_family_arm_cc26xx_Timer_getMaxTicks__E)
                  0000a0b0    00000022     drivers_cc13x0.aem3 : List.oem3 (.text:List_put)
                  0000a0d2    00000022     Adafruit_GFX.obj (.text:_ZN12Adafruit_GFX11setTextSizeEh)
                  0000a0f4    00000022     Adafruit_GFX.obj (.text:_ZN12Adafruit_GFX9setCursorEss)
                  0000a116    00000022     Adafruit_SSD1306.obj (.text:_ZN16Adafruit_SSD13065onoffEb)
                  0000a138    00000020     driverlib.lib : setup_rom.obj (.text:NOROM_SetupGetTrimForXoscHfCtl)
                  0000a158    00000020     dpl_cc13x0.aem3 : PowerCC26XX_tirtos.oem3 (.text:PowerCC26XX_schedulerDisable)
                  0000a178    00000020                     : PowerCC26XX_tirtos.oem3 (.text:PowerCC26XX_schedulerRestore)
                  0000a198    00000020     drivers_cc13x0.aem3 : PowerCC26XX.oem3 (.text:Power_unregisterNotify)
                  0000a1b8    00000020     dvMMA9553.obj (.text:_ZN9pedometer14cmd_readstatusEv)
                  0000a1d8    00000020     dvMMA9553.obj (.text:_ZN9pedometer15afe_config_readEv)
                  0000a1f8    00000020     rtsv7M3_T_le_eabi.lib : guard.obj (.text)
                  0000a218    00000020     release_pem3.oem3 (.text:ti_sysbios_BIOS_rtsLock__I)
                  0000a238    00000020     rom_sysbios.aem3 : rom_sysbios.obj (.text:ti_sysbios_family_arm_cc26xx_Timer_dynamicStub__E)
                  0000a258    00000020                      : rom_sysbios.obj (.text:ti_sysbios_knl_Clock_stop__E)
                  0000a278    00000020                      : rom_sysbios.obj (.text:ti_sysbios_knl_Event_checkEvents__I)
                  0000a298    00000020                      : rom_sysbios.obj (.text:xdc_runtime_Error_policyMin__E)
                  0000a2b8    0000001e     drivers_cc13x0.aem3 : PINCC26XX.oem3 (.text:PIN_close)
                  0000a2d6    0000001e                         : PowerCC26XX.oem3 (.text:Power_getTransitionLatency)
                  0000a2f4    0000001e     WDsDisplay.obj (.text:_ZN10WDsDisplay10Clear_bodyEv)
                  0000a312    00000002     --HOLE-- [fill = 0]
                  0000a314    0000001c     driverlib.lib : chipinfo.obj (.text:NOROM_ChipInfo_GetChipFamily)
                  0000a330    0000001c                   : setup_rom.obj (.text:NOROM_SetupGetTrimForAmpcompTh2)
                  0000a34c    0000001c                   : setup_rom.obj (.text:NOROM_SetupGetTrimForRcOscLfRtuneCtuneTrim)
                  0000a368    0000001c     drivers_cc13x0.aem3 : PINCC26XX.oem3 (.text:PINCC26XX_setIoCfgMux)
                  0000a384    0000001c                         : PINCC26XX.oem3 (.text:PIN_hwi)
                  0000a3a0    0000001c     rom_sysbios.aem3 : rom_sysbios.obj (.text:ti_sysbios_knl_Swi_construct2__E)
                  0000a3bc    0000001a     WDsDisplay.obj (.text:_ZN10WDsDisplay10Clear_headEv)
                  0000a3d6    0000001a     Adafruit_GFX.obj (.text:_ZN12Adafruit_GFX12setTextColorEt)
                  0000a3f0    0000001a     Adafruit_GFX.obj (.text:_ZN12Adafruit_GFX5printEc)
                  0000a40a    0000001a     rtsv7M3_T_le_eabi.lib : memccpy.obj (.text)
                  0000a424    00000018     CC1350_LAUNCHXL.obj (.text:CC1350_LAUNCHXL_initGeneral)
                  0000a43c    00000018     driverlib.lib : aon_rtc.obj (.text:NOROM_AONRTCCurrentCompareValueGet)
                  0000a454    00000018                   : chipinfo.obj (.text:NOROM_ChipInfo_GetPackageType)
                  0000a46c    00000018                   : osc.obj (.text:NOROM_OSCHF_TurnOnXosc)
                  0000a484    00000018                   : setup_rom.obj (.text:NOROM_SetupGetTrimForAdcShModeEn)
                  0000a49c    00000018                   : setup_rom.obj (.text:NOROM_SetupGetTrimForAdcShVbufEn)
                  0000a4b4    00000018                   : setup_rom.obj (.text:NOROM_SetupGetTrimForAmpcompTh1)
                  0000a4cc    00000018                   : setup_rom.obj (.text:NOROM_SetupGetTrimForDblrLoopFilterResetVoltage)
                  0000a4e4    00000018                   : setup_rom.obj (.text:NOROM_SetupGetTrimForRcOscLfIBiasTrim)
                  0000a4fc    00000018                   : setup_rom.obj (.text:NOROM_SetupGetTrimForXoscLfRegulatorAndCmirrwrRatio)
                  0000a514    00000018     drivers_cc13x0.aem3 : PowerCC26XX.oem3 (.text:Power_idleFunc)
                  0000a52c    00000018                         : UARTCC26XX.oem3 (.text:UARTCC26XX_init)
                  0000a544    00000018                         : UART.oem3 (.text:UART_Params_init)
                  0000a55c    00000018     Adafruit_SSD1306.obj (.text:_ZN16Adafruit_SSD130612clearDisplayEv)
                  0000a574    00000018     drivers_cc13x0.aem3 : PowerCC26XX.oem3 (.text:configureRFCoreClocks)
                  0000a58c    00000018     release_pem3.oem3 (.text:free)
                  0000a5a4    00000018     rtsv7M3_T_le_eabi.lib : args_main.obj (.text)
                  0000a5bc    00000018                           : ll_mul_t2.obj (.text)
                  0000a5d4    00000018     release_pem3.oem3 (.text:ti_sysbios_BIOS_rtsUnlock__I)
                  0000a5ec    00000018     rom_sysbios.aem3 : rom_sysbios.obj (.text:ti_sysbios_knl_Swi_or__E)
                  0000a604    00000018     release_pem3.oem3 (.text:ti_sysbios_rom_cortexm_cc13xx_CC13xx_checkRevision__E)
                  0000a61c    00000018     rom_sysbios.aem3 : rom_sysbios.obj (.text:xdc_runtime_Error_init__E)
                  0000a634    00000016     display.aem3 : DisplayUart.oem3 (.text:DisplayUartMin_close)
                  0000a64a    00000016     drivers_cc13x0.aem3 : List.oem3 (.text:List_remove)
                  0000a660    00000016     driverlib.lib : chipinfo.obj (.text:NOROM_ThisLibraryIsFor_CC13x0_HwRev20AndLater_HaltIfViolated)
                  0000a676    00000016     wearableDevice.obj (.text:_Z31ti_sysbios_knl_Task_Params_initP26ti_sysbios_knl_Task_Params)
                  0000a68c    00000016     wearableDevice.obj (.text:_Z32ti_sysbios_knl_Clock_Params_initP27ti_sysbios_knl_Clock_Params)
                  0000a6a2    00000016     wearableDevice.obj (.text:_Z32ti_sysbios_knl_Event_Params_initP27ti_sysbios_knl_Event_Params)
                  0000a6b8    00000016     wearableDevice.obj (.text:_Z36ti_sysbios_knl_Semaphore_Params_initP31ti_sysbios_knl_Semaphore_Params)
                  0000a6ce    00000016     WDsDisplay.obj (.text:_ZN10WDsDisplayD0Ev)
                  0000a6e4    00000016     rtsv7M3_T_le_eabi.lib : strchr.obj (.text)
                  0000a6fa    00000016                           : strcpy.obj (.text)
                  0000a710    00000016     release_pem3.oem3 (.text:ti_sysbios_BIOS_exitFunc__I)
                  0000a726    00000002     --HOLE-- [fill = 0]
                  0000a728    00000014     driverlib.lib : aon_rtc.obj (.text:NOROM_AONRTCCurrent64BitValueGet)
                  0000a73c    00000014     wearableDevice.obj (.text:_Z10heart_mainv)
                  0000a750    00000014     wearableDevice.obj (.text:_Z14pedometer_mainv)
                  0000a764    00000014     rtsv7M3_T_le_eabi.lib : _lock.obj (.text)
                  0000a778    00000014                           : strlen.obj (.text)
                  0000a78c    00000014     release_pem3.oem3 (.text:ti_sysbios_knl_Clock_doTick__I)
                  0000a7a0    00000014     rom_sysbios.aem3 : rom_sysbios.obj (.text:ti_sysbios_knl_Event_Instance_init__E)
                  0000a7b4    00000012     drivers_cc13x0.aem3 : RingBuf.oem3 (.text:RingBuf_construct)
                  0000a7c6    00000012     dpl_cc13x0.aem3 : SemaphoreP_tirtos.oem3 (.text:SemaphoreP_pend)
                  0000a7d8    00000012     bigtime.obj (.text:_ZN5Clock12setMilleniumEv)
                  0000a7ea    00000012     main_tirtos.obj (.text:main)
                  0000a7fc    00000012     release_pem3.oem3 (.text:xdc_runtime_Startup_exec__I)
                  0000a80e    00000010     dpl_cc13x0.aem3 : HwiP_tirtos.oem3 (.text:HwiP_Params_init)
                  0000a81e    00000002     --HOLE-- [fill = 0]
                  0000a820    00000010     drivers_cc13x0.aem3 : I2C.oem3 (.text:I2C_Params_init)
                  0000a830    00000010     driverlib.lib : setup_rom.obj (.text:NOROM_SetupGetTrimForXoscHfFastStart)
                  0000a840    00000010                   : setup_rom.obj (.text:NOROM_SetupGetTrimForXoscHfIbiastherm)
                  0000a850    00000010     dpl_cc13x0.aem3 : SwiP_tirtos.oem3 (.text:SwiP_Params_init)
                  0000a860    00000010     WDsDisplay.obj (.text:_ZN10WDsDisplay12Display_bodyEv)
                  0000a870    00000010     WDsDisplay.obj (.text:_ZN10WDsDisplay12Display_headEv)
                  0000a880    00000010     Adafruit_SSD1306.obj (.text:_ZN16Adafruit_SSD13069getbufferEv)
                  0000a890    00000010     Adafruit_GFX.obj (.text:_ZNK12Adafruit_GFX5widthEv)
                  0000a8a0    00000010     Adafruit_GFX.obj (.text:_ZNK12Adafruit_GFX6heightEv)
                  0000a8b0    00000010     drivers_cc13x0.aem3 : I2CCC26XX.oem3 (.text:i2cPostNotify)
                  0000a8c0    00000010                         : UARTCC26XX.oem3 (.text:uartPostNotify)
                  0000a8d0    00000010     rom_sysbios.aem3 : rom_sysbios.obj (.text:xdc_runtime_SysCallback_putch__E)
                  0000a8e0    00000010                      : rom_sysbios.obj (.text:xdc_runtime_SysCallback_ready__E)
                  0000a8f0    00000010                      : rom_sysbios.obj (.text:xdc_runtime_System_vsnprintf__E)
                  0000a900    0000000e     driverlib.lib : vims.obj (.text:NOROM_VIMSModeGet)
                  0000a90e    0000000e     Adafruit_SSD1306.obj (.text:_ZN16Adafruit_SSD130612fastSPIwriteEh)
                  0000a91c    0000000e     bigtime.obj (.text:_ZN5Clock7getHourEv)
                  0000a92a    0000000e     bigtime.obj (.text:_ZN5Clock9getMinuteEv)
                  0000a938    0000000e     Adafruit_GFX.obj (.text:_ZNK12Adafruit_GFX11getRotationEv)
                  0000a946    0000000e     rtsv7M3_T_le_eabi.lib : copy_decompress_none.obj (.text:decompress:none)
                  0000a954    0000000e     rom_sysbios.aem3 : rom_sysbios.obj (.text:ti_sysbios_family_arm_cc26xx_TimestampProvider_get32__E)
                  0000a962    0000000c     drivers_cc13x0.aem3 : List.oem3 (.text:List_empty)
                  0000a96e    0000000c     driverlib.lib : cpu.obj (.text:NOROM_CPUcpsid)
                  0000a97a    0000000c                   : cpu.obj (.text:NOROM_CPUcpsie)
                  0000a986    0000000c                   : osc.obj (.text:NOROM_OSC_HPOSCRelativeFrequencyOffsetToRFCoreFormatConvert)
                  0000a992    0000000c     drivers_cc13x0.aem3 : PINCC26XX.oem3 (.text:PIN_registerIntCb)
                  0000a99e    00000002     --HOLE-- [fill = 0]
                  0000a9a0    0000000c                         : PowerCC26XX.oem3 (.text:Power_getConstraintMask)
                  0000a9ac    0000000c                         : PowerCC26XX.oem3 (.text:Power_getDependencyCount)
                  0000a9b8    0000000c     dpl_cc13x0.aem3 : SemaphoreP_tirtos.oem3 (.text:SemaphoreP_delete)
                  0000a9c4    0000000c     wearableDevice.obj (.text:_Z14gpioButtonFxn1h)
                  0000a9d0    0000000c     wearableDevice.obj (.text:_Z27ti_sysbios_knl_Clock_handleP27ti_sysbios_knl_Clock_Struct)
                  0000a9dc    0000000c     wearableDevice.obj (.text:_Z27ti_sysbios_knl_Event_handleP27ti_sysbios_knl_Event_Struct)
                  0000a9e8    0000000c     wearableDevice.obj (.text:_Z31ti_sysbios_knl_Semaphore_handleP31ti_sysbios_knl_Semaphore_Struct)
                  0000a9f4    0000000c     WDsDisplay.obj (.text:_ZN10WDsDisplayD1Ev)
                  0000aa00    0000000c     bigtime.obj (.text:_ZN5ClockD1Ev)
                  0000aa0c    0000000c     dvMMA9553.obj (.text:_ZN9pedometerC1Ev)
                  0000aa18    0000000c     dvMMA9553.obj (.text:_ZN9pedometerD1Ev)
                  0000aa24    0000000c     rtsv7M3_T_le_eabi.lib : copy_zero_init.obj (.text:decompress:ZI)
                  0000aa30    0000000c     release_pem3.oem3 (.text:ti_sysbios_knl_Event_Params__init__S)
                  0000aa3c    0000000c     rom_sysbios.aem3 : rom_sysbios.obj (.text:ti_sysbios_knl_Swi_getTrigger__E)
                  0000aa48    0000000c     release_pem3.oem3 (.text:xdc_runtime_Startup_reset__I)
                  0000aa54    0000000c     rom_sysbios.aem3 : rom_sysbios.obj (.text:xdc_runtime_Startup_rtsDone__E)
                  0000aa60    0000000a     drivers_cc13x0.aem3 : I2CCC26XX.oem3 (.text:I2CCC26XX_init)
                  0000aa6a    0000000a                         : I2C.oem3 (.text:I2C_transfer)
                  0000aa74    0000000a                         : UART.oem3 (.text:UART_close)
                  0000aa7e    0000000a                         : UART.oem3 (.text:UART_control)
                  0000aa88    0000000a                         : UART.oem3 (.text:UART_write)
                  0000aa92    0000000a     Adafruit_GFX.obj (.text:_ZN12Adafruit_GFX10startWriteEv)
                  0000aa9c    0000000a     Adafruit_GFX.obj (.text:_ZN12Adafruit_GFX8endWriteEv)
                  0000aaa6    00000008     drivers_cc13x0.aem3 : I2CCC26XX.oem3 (.text:I2CCC26XX_blockingCallback)
                  0000aaae    00000008                         : UARTCC26XX.oem3 (.text:readSemCallback)
                  0000aab6    00000008     rtsv7M3_T_le_eabi.lib : delete.obj (.text)
                  0000aabe    00000008                           : s_copysign.obj (.text)
                  0000aac6    00000008     drivers_cc13x0.aem3 : UARTCC26XX.oem3 (.text:writeSemCallback)
                  0000aace    00000006     dpl_cc13x0.aem3 : ClockP_tirtos.oem3 (.text:ClockP_Params_init)
                  0000aad4    00000006     display.aem3 : DisplayUart.oem3 (.text:DisplayUartMin_control)
                  0000aada    00000006                  : DisplayUart.oem3 (.text:DisplayUartMin_getType)
                  0000aae0    00000006     drivers_cc13x0.aem3 : I2CCC26XX.oem3 (.text:I2CCC26XX_control)
                  0000aae6    00000006     driverlib.lib : cpu.obj (.text:NOROM_CPUdelay)
                  0000aaec    00000006     drivers_cc13x0.aem3 : UARTCC26XX.oem3 (.text:UARTCC26XX_readPolling)
                  0000aaf2    00000006                         : UARTCC26XX.oem3 (.text:UARTCC26XX_writePolling)
                  0000aaf8    00000006     rtsv7M3_T_le_eabi.lib : pure_virt.obj (.text)
                  0000aafe    00000004     dpl_cc13x0.aem3 : PowerCC26XX_tirtos.oem3 (.text:CPUwfi)
                  0000ab02    00000004                     : ClockP_tirtos.oem3 (.text:ClockP_destruct)
                  0000ab06    00000004                     : ClockP_tirtos.oem3 (.text:ClockP_getCpuFreq)
                  0000ab0a    00000004                     : ClockP_tirtos.oem3 (.text:ClockP_setTimeout)
                  0000ab0e    00000004                     : ClockP_tirtos.oem3 (.text:ClockP_start)
                  0000ab12    00000004                     : ClockP_tirtos.oem3 (.text:ClockP_stop)
                  0000ab16    00000004                     : HwiP_tirtos.oem3 (.text:HwiP_destruct)
                  0000ab1a    00000004                     : HwiP_tirtos.oem3 (.text:HwiP_disable)
                  0000ab1e    00000004                     : HwiP_tirtos.oem3 (.text:HwiP_disableInterrupt)
                  0000ab22    00000004                     : HwiP_tirtos.oem3 (.text:HwiP_enableInterrupt)
                  0000ab26    00000004     drivers_cc13x0.aem3 : List.oem3 (.text:List_head)
                  0000ab2a    00000004                         : List.oem3 (.text:List_next)
                  0000ab2e    00000004     dpl_cc13x0.aem3 : SemaphoreP_tirtos.oem3 (.text:SemaphoreP_destruct)
                  0000ab32    00000004                     : SemaphoreP_tirtos.oem3 (.text:SemaphoreP_post)
                  0000ab36    00000004                     : SwiP_tirtos.oem3 (.text:SwiP_destruct)
                  0000ab3a    00000004                     : SwiP_tirtos.oem3 (.text:SwiP_disable)
                  0000ab3e    00000004                     : SwiP_tirtos.oem3 (.text:SwiP_getTrigger)
                  0000ab42    00000004                     : SwiP_tirtos.oem3 (.text:SwiP_or)
                  0000ab46    00000004                     : SwiP_tirtos.oem3 (.text:SwiP_post)
                  0000ab4a    00000004                     : SystemP_tirtos.oem3 (.text:SystemP_vsnprintf)
                  0000ab4e    00000004     drivers_cc13x0.aem3 : PowerCC26XX.oem3 (.text:nopResourceHandler)
                  0000ab52    00000004     rtsv7M3_T_le_eabi.lib : error.obj (.text)
                  0000ab56    00000004     rom_sysbios.aem3 : rom_sysbios.obj (.text:ti_sysbios_family_arm_cc26xx_Timer_getCount64__E)
                  0000ab5a    00000004                      : rom_sysbios.obj (.text:xdc_runtime_SysCallback_defaultReady)
                  0000ab5e    00000002     --HOLE-- [fill = 0]
                  0000ab60    00000008     (.tramp.ti_sysbios_knl_Swi_destruct.1)
                  0000ab68    00000008     (.tramp.ti_sysbios_knl_Semaphore_destruct.1)
                  0000ab70    00000008     (.tramp.ti_sysbios_family_arm_m3_Hwi_enableInterrupt__E.1)
                  0000ab78    00000008     (.tramp.ti_sysbios_family_arm_m3_Hwi_disableInterrupt__E.1)
                  0000ab80    00000008     (.tramp.ti_sysbios_family_arm_m3_Hwi_disableFxn__E.1)
                  0000ab88    00000008     (.tramp.ti_sysbios_family_arm_m3_Hwi_destruct.1)
                  0000ab90    00000008     (.tramp.ti_sysbios_BIOS_getCpuFreq__E.1)
                  0000ab98    00000008     (.tramp.ti_sysbios_knl_Clock_destruct.1)
                  0000aba0    00000008     (.tramp.xdc_runtime_Core_assignParams__I.1)
                  0000aba8    00000008     (.tramp.ti_sysbios_knl_Semaphore_delete.1)
                  0000abb0    00000008     (.tramp.xdc_runtime_Startup_startMods__I.1)
                  0000abb8    00000008     (.tramp.ti_sysbios_BIOS_start__E.1)
                  0000abc0    00000008     (.tramp.ti_sysbios_knl_Queue_construct.1)
                  0000abc8    00000008     (.tramp.ti_sysbios_knl_Clock_logTick__E.1)
                  0000abd0    00000008     (.tramp.ti_sysbios_knl_Task_Params__init__S.1)
                  0000abd8    00000008     (.tramp.ti_sysbios_knl_Swi_post__E.1)
                  0000abe0    00000008     (.tramp.ti_sysbios_BIOS_RtsGateProxy_leave__E.1)
                  0000abe8    00000008     (.tramp.xdc_runtime_Memory_free__E.1)
                  0000abf0    00000008     (.tramp.ti_sysbios_knl_Swi_construct.1)
                  0000abf8    00000008     (.tramp.ti_sysbios_BIOS_RtsGateProxy_enter__E.1)
                  0000ac00    00000008     (.tramp.xdc_runtime_Core_constructObject__I.1)
                  0000ac08    00000008     (.tramp.ti_sysbios_knl_Semaphore_create.1)
                  0000ac10    00000008     (.tramp.ti_sysbios_knl_Semaphore_Params__init__S.1)
                  0000ac18    00000008     (.tramp.xdc_runtime_Memory_alloc__E.1)
                  0000ac20    00000008     (.tramp.ti_sysbios_knl_Task_startup__E.1)
                  0000ac28    00000008     (.tramp.ti_sysbios_knl_Swi_startup__E.1)
                  0000ac30    00000008     (.tramp.ti_sysbios_hal_Hwi_startup__E.1)
                  0000ac38    00000008     (.tramp.ti_sysbios_family_arm_cc26xx_Timer_startup__E.1)
                  0000ac40    00000008     (.tramp.xdc_runtime_System_atexit__E.1)
                  0000ac48    00000008     (.tramp.ti_sysbios_BIOS_setThreadType__E.1)
                  0000ac50    00000008     (.tramp.ti_sysbios_knl_Swi_disable__E.1)
                  0000ac58    00000008     (.tramp.ti_sysbios_family_arm_m3_Hwi_construct.1)
                  0000ac60    00000008     (.tramp.ti_sysbios_knl_Swi_Params__init__S.1)
                  0000ac68    00000008     (.tramp.ti_sysbios_family_arm_m3_Hwi_Params__init__S.1)
                  0000ac70    00000008     (.tramp.xdc_runtime_System_exit__E.1)
                  0000ac78    00000008     (.tramp.ti_sysbios_knl_Clock_Params__init__S.1)
                  0000ac80    00000008     (.tramp.ti_sysbios_knl_Task_sleep__E.1)
                  0000ac88    00000008     (.tramp.ti_sysbios_heaps_HeapMem_restore__E.1)
                  0000ac90    00000008     (.tramp.ti_sysbios_heaps_HeapMem_Object__get__S.1)
                  0000ac98    00000008     (.tramp.ti_sysbios_knl_Task_unblockI__E.1)
                  0000aca0    00000008     (.tramp.ti_sysbios_knl_Queue_remove__E.1)
                  0000aca8    00000008     (.tramp.ti_sysbios_knl_Queue_head__E.1)
                  0000acb0    00000008     (.tramp.ti_sysbios_knl_Queue_empty__E.1)
                  0000acb8    00000008     (.tramp.ti_sysbios_knl_Clock_scheduleNextTick__E.1)
                  0000acc0    00000008     (.tramp.ti_sysbios_knl_Clock_walkQueueDynamic__E.1)
                  0000acc8    00000008     (.tramp.ti_sysbios_knl_Clock_TimerProxy_getCurrentTick__E.1)
                  0000acd0    00000008     (.tramp.ti_sysbios_knl_Semaphore_post__E.1)
                  0000acd8    00000008     (.tramp.ti_sysbios_knl_Semaphore_pend__E.1)
                  0000ace0    00000008     (.tramp.ti_sysbios_knl_Clock_setTimeout__E.1)
                  0000ace8    00000008     (.tramp.ti_sysbios_knl_Clock_removeI__E.1)
                  0000acf0    00000008     (.tramp.ti_sysbios_knl_Task_restore__E.1)
                  0000acf8    00000008     (.tramp.ti_sysbios_knl_Clock_startI__E.1)
                  0000ad00    00000008     (.tramp.ti_sysbios_knl_Task_blockI__E.1)
                  0000ad08    00000008     (.tramp.ti_sysbios_knl_Queue_enqueue__E.1)
                  0000ad10    00000008     (.tramp.ti_sysbios_knl_Task_disable__E.1)
                  0000ad18    00000008     (.tramp.ti_sysbios_knl_Task_self__E.1)
                  0000ad20    00000008     (.tramp.ti_sysbios_knl_Clock_addI__E.1)
                  0000ad28    00000008     (.tramp.ti_sysbios_family_arm_m3_Hwi_restoreFxn__E.1)
                  0000ad30    00000008     (.tramp.ti_sysbios_knl_Semaphore_construct.1)
                  0000ad38    00000008     (.tramp.ti_sysbios_knl_Clock_construct.1)
                  0000ad40    00000008     (.tramp.ti_sysbios_knl_Task_construct.1)
                  0000ad48    00000008     (.tramp.ti_sysbios_knl_Clock_start__E.1)
                  0000ad50    00000008     (.tramp.ti_sysbios_knl_Swi_restore__E.1)

.const     0    0000ad58    0000146c     
                  0000ad58    00000500     Adafruit_GFX.obj (.const:.string:font)
                  0000b258    00000120     WDsDisplay.obj (.const:.string:cardiogram1)
                  0000b378    00000120     WDsDisplay.obj (.const:.string:cardiogram2)
                  0000b498    00000120     WDsDisplay.obj (.const:.string:cardiogram3)
                  0000b5b8    00000120     WDsDisplay.obj (.const:.string:cardiogram)
                  0000b6d8    00000120     WDsDisplay.obj (.const:.string:footsteps1)
                  0000b7f8    00000120     WDsDisplay.obj (.const:.string:footsteps)
                  0000b918    00000101     rtsv7M3_T_le_eabi.lib : ctype.obj (.const:.string:_ctypes_)
                  0000ba19    00000002     WDsDisplay.obj (.const:.string:$P$T1$1)
                  0000ba1b    00000001     display.aem3 : Display.oem3 (.const:Display_defaultParams)
                  0000ba1c    00000050     WDsDisplay.obj (.const:_ZTV10WDsDisplay)
                  0000ba6c    0000004c     drivers_cc13x0.aem3 : PowerCC26XX.oem3 (.const:resourceDB)
                  0000bab8    00000048     release_pem3.oem3 (.const:.string)
                  0000bb00    00000048     Adafruit_GFX.obj (.const:_ZTV12Adafruit_GFX)
                  0000bb48    00000048     Adafruit_SSD1306.obj (.const:_ZTV16Adafruit_SSD1306)
                  0000bb90    00000040     drivers_cc13x0.aem3 : UARTCC26XX.oem3 (.const:$O1$$)
                  0000bbd0    00000040                         : GPIOCC26XX.oem3 (.const:$O2$$)
                  0000bc10    00000034     CC1350_LAUNCHXL.obj (.const:BoardGpioInitTable)
                  0000bc44    00000028     rtsv7M3_T_le_eabi.lib : typeinfo_.obj (.const:.typeinfo:_ZTSN10__cxxabiv123__fundamental_type_infoE)
                  0000bc6c    00000028     drivers_cc13x0.aem3 : UARTCC26XX.oem3 (.const:UARTCC26XX_fxnTable)
                  0000bc94    00000025     rtsv7M3_T_le_eabi.lib : typeinfo_.obj (.const:.typeinfo:_ZTSN10__cxxabiv120__si_class_type_infoE)
                  0000bcb9    00000024                           : typeinfo_.obj (.const:.typeinfo:_ZTSN10__cxxabiv119__pointer_type_infoE)
                  0000bcdd    00000002     WDsDisplay.obj (.const:.string:clock_cursor)
                  0000bcdf    00000001     release_pem3.oem3 (.const:xdc_runtime_Text_charTab__A)
                  0000bce0    00000024     drivers_cc13x0.aem3 : UART.oem3 (.const:UART_defaultParams)
                  0000bd04    00000024     release_pem3.oem3 (.const:xdc_runtime_Startup_sfxnTab__A)
                  0000bd28    00000022     rtsv7M3_T_le_eabi.lib : typeinfo_.obj (.const:.typeinfo:_ZTSN10__cxxabiv117__class_type_infoE)
                  0000bd4a    00000022                           : typeinfo_.obj (.const:.typeinfo:_ZTSN10__cxxabiv117__pbase_type_infoE)
                  0000bd6c    00000020     WDsDisplay.obj (.const:.string:battery_10p)
                  0000bd8c    00000020     WDsDisplay.obj (.const:.string:battery_20p)
                  0000bdac    00000020     WDsDisplay.obj (.const:.string:battery_30p)
                  0000bdcc    00000020     WDsDisplay.obj (.const:.string:battery_40p)
                  0000bdec    00000020     WDsDisplay.obj (.const:.string:battery_50p)
                  0000be0c    00000020     WDsDisplay.obj (.const:.string:battery_60p)
                  0000be2c    00000020     WDsDisplay.obj (.const:.string:battery_70p)
                  0000be4c    00000020     WDsDisplay.obj (.const:.string:battery_80p)
                  0000be6c    00000020     WDsDisplay.obj (.const:.string:battery_90p)
                  0000be8c    00000020     WDsDisplay.obj (.const:.string:battery_full)
                  0000beac    00000020     WDsDisplay.obj (.const:.string:battery_low)
                  0000becc    00000020     WDsDisplay.obj (.const:.string:battery_warning)
                  0000beec    00000020     WDsDisplay.obj (.const:.string:bluetooth_enabled)
                  0000bf0c    00000020     display.aem3 : DisplayUart.oem3 (.const:DisplayUartMin_fxnTable)
                  0000bf2c    00000020     release_pem3.oem3 (.const:ti_sysbios_knl_Event_Object__DESC__C)
                  0000bf4c    00000020     CC1350_LAUNCHXL.obj (.const:uartCC26XXHWAttrs)
                  0000bf6c    00000018     drivers_cc13x0.aem3 : I2CCC26XX.oem3 (.const:I2CCC26XX_fxnTable)
                  0000bf84    00000018     CC1350_LAUNCHXL.obj (.const:i2cCC26xxHWAttrs)
                  0000bf9c    00000018     release_pem3.oem3 (.const:ti_sysbios_knl_Event_Object__PARAMS__C)
                  0000bfb4    00000014     dvMMA9553.obj (.const:.string:$P$T4$5)
                  0000bfc8    00000014     CC1350_LAUNCHXL.obj (.const:GPIOCC26XX_config)
                  0000bfdc    00000014     CC1350_LAUNCHXL.obj (.const:displayUartHWAttrs)
                  0000bff0    00000013     Adafruit_SSD1306.obj (.const:.typeinfo:_ZTS16Adafruit_SSD1306)
                  0000c003    00000001     --HOLE-- [fill = 0]
                  0000c004    00000012     release_pem3.oem3 (.const:xdc_runtime_Startup_sfxnRts__A)
                  0000c016    00000002     WDsDisplay.obj (.const:.string:sizeBigHeart)
                  0000c018    00000010     rtsv7M3_T_le_eabi.lib : typeinfo_.obj (.const:.typeinfo:_ZTIPKe)
                  0000c028    00000010     drivers_cc13x0.aem3 : I2C.oem3 (.const:I2C_defaultParams)
                  0000c038    00000010     CC1350_LAUNCHXL.obj (.const:PowerCC26XX_config)
                  0000c048    00000010     rtsv7M3_T_le_eabi.lib : typeinfo_.obj (.const:_ZTVN10__cxxabiv117__class_type_infoE)
                  0000c058    00000010                           : typeinfo_.obj (.const:_ZTVN10__cxxabiv119__pointer_type_infoE)
                  0000c068    00000010                           : typeinfo_.obj (.const:_ZTVN10__cxxabiv120__si_class_type_infoE)
                  0000c078    00000010                           : typeinfo_.obj (.const:_ZTVN10__cxxabiv123__fundamental_type_infoE)
                  0000c088    0000000f     Adafruit_GFX.obj (.const:.typeinfo:_ZTS12Adafruit_GFX)
                  0000c097    0000000d     WDsDisplay.obj (.const:.typeinfo:_ZTS10WDsDisplay)
                  0000c0a4    0000000d     rtsv7M3_T_le_eabi.lib : typeinfo_.obj (.const:.typeinfo:_ZTSSt9type_info)
                  0000c0b1    00000002     WDsDisplay.obj (.const:.string:sizeFootsteps)
                  0000c0b3    00000001     --HOLE-- [fill = 0]
                  0000c0b4    0000000c     WDsDisplay.obj (.const:.typeinfo:_ZTI10WDsDisplay)
                  0000c0c0    0000000c     Adafruit_SSD1306.obj (.const:.typeinfo:_ZTI16Adafruit_SSD1306)
                  0000c0cc    0000000c     rtsv7M3_T_le_eabi.lib : typeinfo_.obj (.const:.typeinfo:_ZTIN10__cxxabiv117__class_type_infoE)
                  0000c0d8    0000000c                           : typeinfo_.obj (.const:.typeinfo:_ZTIN10__cxxabiv117__pbase_type_infoE)
                  0000c0e4    0000000c                           : typeinfo_.obj (.const:.typeinfo:_ZTIN10__cxxabiv119__pointer_type_infoE)
                  0000c0f0    0000000c                           : typeinfo_.obj (.const:.typeinfo:_ZTIN10__cxxabiv120__si_class_type_infoE)
                  0000c0fc    0000000c                           : typeinfo_.obj (.const:.typeinfo:_ZTIN10__cxxabiv123__fundamental_type_infoE)
                  0000c108    0000000c     CC1350_LAUNCHXL.obj (.const:Display_config)
                  0000c114    0000000c     CC1350_LAUNCHXL.obj (.const:I2C_config)
                  0000c120    0000000c     CC1350_LAUNCHXL.obj (.const:UART_config)
                  0000c12c    0000000c     release_pem3.oem3 (.const:xdc_runtime_Startup_firstFxns__A)
                  0000c138    00000009     CC1350_LAUNCHXL.obj (.const)
                  0000c141    00000002     rtsv7M3_T_le_eabi.lib : typeinfo_.obj (.const:.typeinfo:_ZTSe)
                  0000c143    00000001     --HOLE-- [fill = 0]
                  0000c144    00000008     Adafruit_GFX.obj (.const:.typeinfo:_ZTI12Adafruit_GFX)
                  0000c14c    00000008     rtsv7M3_T_le_eabi.lib : typeinfo_.obj (.const:.typeinfo:_ZTISt9type_info)
                  0000c154    00000008                           : typeinfo_.obj (.const:.typeinfo:_ZTIe)
                  0000c15c    00000008     CC1350_LAUNCHXL.obj (.const:PINCC26XX_hwAttrs)
                  0000c164    00000008     drivers_cc13x0.aem3 : I2CCC26XX.oem3 (.const:bitRate)
                  0000c16c    00000005     dvMMA9553.obj (.const:.string:$P$T1$2)
                  0000c171    00000005     dvMMA9553.obj (.const:.string:$P$T2$3)
                  0000c176    00000005     dvMMA9553.obj (.const:.string:$P$T3$4)
                  0000c17b    00000005     dvMMA9553.obj (.const:.string:$P$T5$6)
                  0000c180    00000005     dvMMA9553.obj (.const:.string:$P$T7$8)
                  0000c185    00000005     dvMMA9553.obj (.const:.string:$P$T9$10)
                  0000c18a    00000004     dvMMA9553.obj (.const:.string:$P$T10$11)
                  0000c18e    00000004     dvMMA9553.obj (.const:.string:$P$T6$7)
                  0000c192    00000004     rtsv7M3_T_le_eabi.lib : typeinfo_.obj (.const:.typeinfo:_ZTSPKe)
                  0000c196    00000002     --HOLE-- [fill = 0]
                  0000c198    00000004     release_pem3.oem3 (.const:ti_sysbios_family_arm_m3_Hwi_swiDisable__C)
                  0000c19c    00000004     release_pem3.oem3 (.const:ti_sysbios_family_arm_m3_Hwi_swiRestoreHwi__C)
                  0000c1a0    00000004     release_pem3.oem3 (.const:ti_sysbios_heaps_HeapMem_primaryHeapBaseAddr__C)
                  0000c1a4    00000004     release_pem3.oem3 (.const:ti_sysbios_heaps_HeapMem_primaryHeapEndAddr__C)
                  0000c1a8    00000004     release_pem3.oem3 (.const:ti_sysbios_knl_Clock_tickPeriod__C)
                  0000c1ac    00000004     release_pem3.oem3 (.const:ti_sysbios_knl_Clock_triggerClock__C)
                  0000c1b0    00000004     release_pem3.oem3 (.const:ti_sysbios_knl_Event_Instance_State_pendQ__O)
                  0000c1b4    00000004     release_pem3.oem3 (.const:ti_sysbios_knl_Idle_funcList__A)
                  0000c1b8    00000004     release_pem3.oem3 (.const:xdc_runtime_SysCallback_putchFxn__C)
                  0000c1bc    00000004     release_pem3.oem3 (.const:xdc_runtime_SysCallback_readyFxn__C)
                  0000c1c0    00000004     release_pem3.oem3 (.const:xdc_runtime_System_extendFxn__C)

.init_array 
*          0    0000003c    00000004     
                  0000003c    00000004     wearableDevice.obj (.init_array)

.cinit     0    00000040    00000278     
                  00000040    0000013c     (.cinit..data.load) [load image, compression = lzss]
                  0000017c    00000029     (.cinit..data:ti_sysbios_family_arm_m3_Hwi_Module__state__V.load) [load image, compression = lzss]
                  000001a5    00000021     (.cinit..data:ti_sysbios_knl_Task_Module__state__V.load) [load image, compression = lzss]
                  000001c6    0000001f     (.cinit..data:ti_sysbios_BIOS_Module__state__V.load) [load image, compression = lzss]
                  000001e5    0000001d     (.cinit..data:ti_sysbios_knl_Clock_Module__state__V.load) [load image, compression = lzss]
                  00000202    00000010     (.cinit..data:ti_sysbios_knl_Swi_Module__state__V.load) [load image, compression = lzss]
                  00000212    00000002     --HOLE-- [fill = 0]
                  00000214    0000000c     (__TI_handler_table)
                  00000220    0000000b     (.cinit..data:ti_sysbios_family_arm_cc26xx_Timer_Module__state__V.load) [load image, compression = lzss]
                  0000022b    0000000b     (.cinit..data:xdc_runtime_System_Module__state__V.load) [load image, compression = lzss]
                  00000236    00000002     --HOLE-- [fill = 0]
                  00000238    00000008     (.cinit..bss.load) [load image, compression = zero_init]
                  00000240    00000008     (.cinit..data:xdc_runtime_Memory_Module__state__V.load) [load image, compression = lzss]
                  00000248    00000007     (.cinit..data:ti_sysbios_family_arm_cc26xx_TimestampProvider_Module__state__V.load) [load image, compression = lzss]
                  0000024f    00000007     (.cinit..data:xdc_runtime_Startup_Module__state__V.load) [load image, compression = lzss]
                  00000256    00000002     --HOLE-- [fill = 0]
                  00000258    00000060     (__TI_cinit_table)

.resetVecs 
*          0    00000000    0000003c     
                  00000000    0000003c     release_pem3.oem3 (.resetVecs)

.binit     0    00000000    00000000     

.const:ti_sysbios_knl_Task_Object__PARAMS__C 
*          0    00001000    0000003c     
                  00001000    0000003c     release_pem3.oem3 (.const:ti_sysbios_knl_Task_Object__PARAMS__C)

.const:ti_sysbios_knl_Mailbox_Object__PARAMS__C 
*          0    0000103c    00000034     
                  0000103c    00000034     release_pem3.oem3 (.const:ti_sysbios_knl_Mailbox_Object__PARAMS__C)

.const:ti_sysbios_family_arm_m3_Hwi_Object__PARAMS__C 
*          0    00001070    00000030     
                  00001070    00000030     release_pem3.oem3 (.const:ti_sysbios_family_arm_m3_Hwi_Object__PARAMS__C)

.const:ti_sysbios_hal_Hwi_Object__PARAMS__C 
*          0    000010a0    0000002c     
                  000010a0    0000002c     release_pem3.oem3 (.const:ti_sysbios_hal_Hwi_Object__PARAMS__C)

.const:ti_sysbios_heaps_HeapMem_Module__FXNS__C 
*          0    000010cc    00000028     
                  000010cc    00000028     release_pem3.oem3 (.const:ti_sysbios_heaps_HeapMem_Module__FXNS__C)

.const:ti_sysbios_knl_Swi_Object__PARAMS__C 
*          0    000010f4    00000028     
                  000010f4    00000028     release_pem3.oem3 (.const:ti_sysbios_knl_Swi_Object__PARAMS__C)

.const:ti_sysbios_gates_GateHwi_Module__FXNS__C 
*          0    0000111c    00000024     
                  0000111c    00000024     release_pem3.oem3 (.const:ti_sysbios_gates_GateHwi_Module__FXNS__C)

.const:ti_sysbios_gates_GateMutex_Module__FXNS__C 
*          0    00001140    00000024     
                  00001140    00000024     release_pem3.oem3 (.const:ti_sysbios_gates_GateMutex_Module__FXNS__C)

.const:ti_sysbios_heaps_HeapMem_Object__PARAMS__C 
*          0    00001164    00000024     
                  00001164    00000024     release_pem3.oem3 (.const:ti_sysbios_heaps_HeapMem_Object__PARAMS__C)

.const:ti_sysbios_knl_Clock_Object__PARAMS__C 
*          0    00001188    00000024     
                  00001188    00000024     release_pem3.oem3 (.const:ti_sysbios_knl_Clock_Object__PARAMS__C)

.const:ti_sysbios_knl_Semaphore_Object__PARAMS__C 
*          0    000011ac    00000024     
                  000011ac    00000024     release_pem3.oem3 (.const:ti_sysbios_knl_Semaphore_Object__PARAMS__C)

.const:ti_sysbios_family_arm_m3_Hwi_Object__DESC__C 
*          0    000011d0    00000020     
                  000011d0    00000020     release_pem3.oem3 (.const:ti_sysbios_family_arm_m3_Hwi_Object__DESC__C)

.const:ti_sysbios_gates_GateHwi_Object__DESC__C 
*          0    000011f0    00000020     
                  000011f0    00000020     release_pem3.oem3 (.const:ti_sysbios_gates_GateHwi_Object__DESC__C)

.const:ti_sysbios_gates_GateMutex_Object__DESC__C 
*          0    00001210    00000020     
                  00001210    00000020     release_pem3.oem3 (.const:ti_sysbios_gates_GateMutex_Object__DESC__C)

.const:ti_sysbios_hal_Hwi_Object__DESC__C 
*          0    00001230    00000020     
                  00001230    00000020     release_pem3.oem3 (.const:ti_sysbios_hal_Hwi_Object__DESC__C)

.const:ti_sysbios_heaps_HeapMem_Object__DESC__C 
*          0    00001250    00000020     
                  00001250    00000020     release_pem3.oem3 (.const:ti_sysbios_heaps_HeapMem_Object__DESC__C)

.const:ti_sysbios_knl_Clock_Object__DESC__C 
*          0    00001270    00000020     
                  00001270    00000020     release_pem3.oem3 (.const:ti_sysbios_knl_Clock_Object__DESC__C)

.const:ti_sysbios_knl_Mailbox_Object__DESC__C 
*          0    00001290    00000020     
                  00001290    00000020     release_pem3.oem3 (.const:ti_sysbios_knl_Mailbox_Object__DESC__C)

[...]
1001c265  xdc_runtime_System_Module_GateProxy_query__E                              
1001c269  ti_sysbios_gates_GateMutex_delete                                         
1001c26d  ti_sysbios_gates_GateMutex_destruct                                       
1001c271  ti_sysbios_BIOS_RtsGateProxy_query__E                                     
1001c271  ti_sysbios_gates_GateMutex_query__E                                       
1001c271  ti_sysbios_heaps_HeapMem_Module_GateProxy_query__E                        
1001c275  ti_sysbios_hal_Hwi_HwiProxy_Module__startupDone__S                        
1001c279  ti_sysbios_hal_Hwi_HwiProxy_delete                                        
1001c27d  ti_sysbios_hal_Hwi_HwiProxy_disableInterrupt__E                           
1001c27d  ti_sysbios_hal_Hwi_disableInterrupt__E                                    
1001c281  ti_sysbios_hal_Hwi_HwiProxy_enableInterrupt__E                            
1001c281  ti_sysbios_hal_Hwi_enableInterrupt__E                                     
1001c285  ti_sysbios_hal_Hwi_HwiProxy_getStackInfo__E                               
1001c285  ti_sysbios_hal_Hwi_getStackInfo__E                                        
1001c289  ti_sysbios_hal_Hwi_HwiProxy_startup__E                                    
1001c289  ti_sysbios_hal_Hwi_startup__E                                             
1001c28d  ti_sysbios_hal_Hwi_HwiProxy_switchFromBootStack__E                        
1001c291  ti_sysbios_hal_Hwi_delete                                                 
1001c295  ti_sysbios_hal_Hwi_switchFromBootStack__E                                 
1001c299  ti_sysbios_heaps_HeapMem_Module_GateProxy_enter__E                        
1001c29d  ti_sysbios_heaps_HeapMem_Module_GateProxy_leave__E                        
1001c2a1  ti_sysbios_heaps_HeapMem_isBlocking__E                                    
1001c2a5  ti_sysbios_knl_Clock_TimerProxy_Module__startupDone__S                    
1001c2a9  ti_sysbios_knl_Clock_TimerProxy_getExpiredTicks__E                        
1001c2ad  ti_sysbios_knl_Clock_TimerProxy_getPeriod__E                              
1001c2b1  ti_sysbios_knl_Clock_delete                                               
1001c2b5  ti_sysbios_knl_Clock_destruct                                             
1001c2b9  ti_sysbios_knl_Clock_removeI__E                                           
1001c2bd  ti_sysbios_knl_Clock_setTimeout__E                                        
1001c2c1  ti_sysbios_knl_Mailbox_delete                                             
1001c2c5  ti_sysbios_knl_Mailbox_destruct                                           
1001c2c9  ti_sysbios_knl_Queue_delete                                               
1001c2cd  ti_sysbios_knl_Queue_destruct                                             
1001c2d1  ti_sysbios_knl_Queue_head__E                                              
1001c2d5  ti_sysbios_knl_Queue_next__E                                              
1001c2d9  ti_sysbios_knl_Semaphore_delete                                           
1001c2dd  ti_sysbios_knl_Semaphore_destruct                                         
1001c2e1  ti_sysbios_knl_Swi_delete                                                 
1001c2e5  ti_sysbios_knl_Swi_destruct                                               
1001c2e9  ti_sysbios_knl_Swi_postInit__I                                            
1001c2ed  ti_sysbios_knl_Task_SupportProxy_Module__startupDone__S                   
1001c2f1  ti_sysbios_knl_Task_SupportProxy_getStackAlignment__E                     
1001c2f5  ti_sysbios_knl_Task_SupportProxy_start__E                                 
1001c2f9  ti_sysbios_knl_Task_SupportProxy_swap__E                                  
1001c2fd  ti_sysbios_knl_Task_delete                                                
1001c301  ti_sysbios_knl_Task_destruct                                              
1001c305  ti_sysbios_knl_Task_startup__E                                            
1001c309  xdc_runtime_Startup_startMods__I                                          
1001c401  xdc_runtime_Core_createObject__I                                          
1001c483  xdc_runtime_Error_policySpin__E                                           
1001c485  xdc_runtime_Memory_alloc__E                                               
1001c4f5  xdc_runtime_Core_deleteObject__I                                          
1001c555  xdc_runtime_Startup_exec__E                                               
1001c5a5  xdc_runtime_Assert_raise__I                                               
1001c5ed  xdc_runtime_Core_assignParams__I                                          
1001c635  xdc_runtime_Core_constructObject__I                                       
1001c67d  xdc_runtime_System_atexit__E                                              
1001c6b5  xdc_runtime_System_processAtExit__E                                       
1001c6e9  xdc_runtime_Core_assignLabel__I                                           
1001c719  xdc_runtime_Text_cordText__E                                              
1001c745  xdc_runtime_System_abort__E                                               
1001c765  xdc_runtime_Error_raiseX__E                                               
1001c781  xdc_runtime_Memory_valloc__E                                              
1001c79d  xdc_runtime_Core_destructObject__I                                        
1001c7b5  xdc_runtime_Error_check__E                                                
1001c7cd  xdc_runtime_System_exit__E                                                
1001c7e5  xdc_runtime_Text_ropeText__E                                              
1001c7fd  xdc_runtime_Memory_free__E                                                
1001c80d  xdc_runtime_SysCallback_abort__E                                          
1001c81d  xdc_runtime_SysCallback_exit__E                                           
1001c82d  xdc_runtime_Timestamp_SupportProxy_get32__E                               
1001c82d  xdc_runtime_Timestamp_get32__E                                            
1001c849  xdc_runtime_Memory_calloc__E                                              
1001c855  xdc_runtime_Memory_getMaxDefaultTypeAlign__E                              
1001c875  xdc_runtime_Gate_leaveSystem__E                                           
1001c87b  xdc_runtime_System_Module_startup__E                                      
1001c881  xdc_runtime_Gate_enterSystem__E                                           
1001c885  xdc_runtime_Memory_HeapProxy_alloc__E                                     
1001c889  xdc_runtime_Memory_HeapProxy_free__E                                      
1001c88d  xdc_runtime_System_Module_GateProxy_enter__E                              
1001c891  xdc_runtime_System_Module_GateProxy_leave__E                              
1001c895  xdc_runtime_System_abortSpin__E                                           
1001c897  xdc_runtime_System_exitSpin__E                                            
1001c899  ti_sysbios_family_arm_m3_Hwi_dispatch__I                                  
1001c969  ti_sysbios_family_arm_m3_TaskSupport_buildTaskStack                       
1001c9b5  ti_sysbios_family_arm_m3_Hwi_initStacks__E                                
1001c9fd  ti_sysbios_family_arm_m3_Hwi_excHandlerAsm__I                             
1001ca1d  ti_sysbios_family_xxx_Hwi_switchAndRunFunc                                
1001ca3b  ti_sysbios_family_arm_m3_Hwi_pendSV__I                                    
1001ca53  ti_sysbios_family_arm_m3_Hwi_return                                       
1001ca55  ti_sysbios_family_arm_m3_TaskSupport_glue                                 
1001ca65  ti_sysbios_family_arm_m3_TaskSupport_swap__E                              
1001ca6d  ti_sysbios_knl_Task_swapReturn                                            
1001ca97  ti_sysbios_rom_cortexm_cc13xx_CC13xx_getRevision__E                       
20000000  ti_sysbios_family_arm_m3_Hwi_ramVectors                                   
20000100  ti_sysbios_knl_Task_Module__state__V                                      
20000144  ti_sysbios_family_arm_m3_Hwi_Module__state__V                             
20000178  ti_sysbios_knl_Clock_Module__state__V                                     
200001a4  ti_sysbios_BIOS_Module__state__V                                          
200001c8  ti_sysbios_knl_Swi_Module__state__V                                       
200001e4  ti_sysbios_family_arm_cc26xx_Timer_Module__state__V                       
200001ec  ti_sysbios_family_arm_cc26xx_TimestampProvider_Module__state__V           
200001f0  xdc_runtime_Startup_Module__state__V                                      
200001f8  xdc_runtime_System_Module__state__V                                       
20000200  xdc_runtime_Memory_Module__state__V                                       
20000e08  ti_sysbios_knl_Task_Instance_State_0_stack__A                             
20001008  uartCC26XXObjects                                                         
20001134  PIN_NumPins                                                               
200011c8  PIN_HandleTable                                                           
20001244  i2cCC26xxObjects                                                          
20001324  ti_sysbios_family_arm_m3_Hwi_dispatchTable                                
2000146c  countSleepTaskStruct                                                      
200014bc  mainTaskStruct                                                            
2000150c  primaryTaskStruct                                                         
200015d4  clk                                                                       
20001600  displayOLED                                                               
2000164f  Pedometer                                                                 
20001650  mainClockStruct                                                           
20001674  i2cTransaction                                                            
20001690  sem0Struct                                                                
200016ac  sem1Struct                                                                
200016c8  elementHead                                                               
200016de  eventChange                                                               
200016f4  operationEvent                                                            
20001708  operationEvent1                                                           
2000171c  i2cParams                                                                 
2000172c  displayUartObject                                                         
20001738  PowerCC26XX_taskKey                                                       
2000173c  PowerCC26XX_swiKey                                                        
20001748  ClockP_tickPeriod                                                         
2000174c  _ZSt16__dummy_typeinfo                                                    
20001750  __dso_handle                                                              
20001754  i2c                                                                       
20001758  mainTaskHandle                                                            
2000175c  primaryTaskHandle                                                         
20001760  sem0Handle                                                                
20001764  sem1Handle                                                                
20001768  driverlib_release_0_48919                                                 
20001770  __primary_heap_start__                                                    
20002770  __primary_heap_end__                                                      
20002b70  PowerCC26XX_module                                                        
20002cd8  ti_sysbios_knl_Task_Object__table__V                                      
20002d28  ti_sysbios_family_arm_cc26xx_Timer_Object__table__V                       
20002d70  ti_sysbios_gates_GateMutex_Object__table__V                               
20002da8  ti_sysbios_knl_Swi_Module_State_0_readyQ__A                               
20002dd8  ti_sysbios_knl_Swi_Object__table__V                                       
20002e08  ti_sysbios_knl_Task_Module_State_0_readyQ__A                              
20002e38  ti_sysbios_knl_Clock_Object__table__V                                     
20002e58  xdc_runtime_Error_IgnoreBlock                                             
20002e78  ti_sysbios_family_arm_m3_Hwi_Object__table__V                             
20002e90  ti_sysbios_heaps_HeapMem_Object__table__V                                 
20002ea8  modeMain                                                                  
20002ea9  onoff                                                                     
20002eac  timestamp                                                                 
20002eb0  heartRateNumber                                                           
20002eb2  taskExitIsSet                                                             
20002eb3  enableSleep                                                               
20002eb4  stateDisplay                                                              
20002ebe  ti_sysbios_family_arm_m3_Hwi_Module_State_0_excActive__A                  
20002ec0  gpioPinConfigs                                                            
20002ed4  __TI_cleanup_ptr                                                          
20002ed8  __TI_dtors_ptr                                                            
20002edc  __TI_enable_exit_profile_output                                           
20002ee0  _lock                                                                     
20002ee4  _unlock                                                                   
20002ee8  _ZZN16Adafruit_SSD130621drawFastVLineInternalEssstE7premask               
20002ef0  _ZZN16Adafruit_SSD130621drawFastVLineInternalEssstE8postmask              
20002ef8  gpioCallbackFunctions                                                     
20002f00  ti_sysbios_family_arm_cc26xx_Seconds_Module__state__V                     
20002f08  ti_sysbios_family_arm_m3_Hwi_Module__root__V                              
20002f10  ti_sysbios_gates_GateHwi_Module__root__V                                  
20002f18  ti_sysbios_gates_GateMutex_Module__root__V                                
20002f20  ti_sysbios_hal_Hwi_Module__root__V                                        
20002f28  ti_sysbios_heaps_HeapMem_Module__root__V                                  
20002f30  ti_sysbios_knl_Clock_Module__root__V                                      
20002f38  ti_sysbios_knl_Event_Module__root__V                                      
20002f40  ti_sysbios_knl_Mailbox_Module__root__V                                    
20002f48  ti_sysbios_knl_Queue_Module__root__V                                      
20002f50  ti_sysbios_knl_Semaphore_Module__root__V                                  
20002f58  ti_sysbios_knl_Swi_Module__root__V                                        
20002f60  ti_sysbios_knl_Task_Module__root__V                                       
20002f68  xdc_runtime_System_Module_State_0_atexitHandlers__A                       
20002f70  errno                                                                     
20002f74  main_func_sp                                                              
20002f78  ti_sysbios_family_arm_m3_Hwi_Module_State_0_excContext__A                 
20002f7c  ti_sysbios_family_arm_m3_Hwi_Module_State_0_excStack__A                   
20002f80  ti_sysbios_knl_Task_Module_State_0_idleTask__A                            
20004c00  __stack                                                                   
20005000  __STACK_END                                                               
e000e000  ti_sysbios_family_arm_m3_Hwi_nvic                                         
ffffffff  __TI_pprof_out_hndl                                                       
ffffffff  __TI_prof_data_size                                                       
ffffffff  __TI_prof_data_start                                                      
ffffffff  __binit__                                                                 
ffffffff  __c_args__                                                                
ffffffff  binit                                                                     
UNDEFED   ClockP_getSystemTicks                                                     
UNDEFED   HwiP_restore                                                              
UNDEFED   SwiP_restore                                                              
UNDEFED   ti_sysbios_BIOS_RtsGateProxy_Handle__label__S__mangled__                  
UNDEFED   ti_sysbios_BIOS_RtsGateProxy_Params__init__S__mangled__                   
UNDEFED   ti_sysbios_BIOS_RtsGateProxy_query__E__mangled__                          
UNDEFED   ti_sysbios_hal_Hwi_HwiProxy_Module__startupDone__S__mangled__             
UNDEFED   ti_sysbios_hal_Hwi_HwiProxy_Params__init__S__mangled__                    
UNDEFED   ti_sysbios_hal_Hwi_HwiProxy_disableInterrupt__E__mangled__                
UNDEFED   ti_sysbios_hal_Hwi_HwiProxy_enableInterrupt__E__mangled__                 
UNDEFED   ti_sysbios_hal_Hwi_HwiProxy_getStackInfo__E__mangled__                    
UNDEFED   ti_sysbios_hal_Hwi_HwiProxy_startup__E__mangled__                         
UNDEFED   ti_sysbios_hal_Hwi_HwiProxy_switchFromBootStack__E__mangled__             
UNDEFED   ti_sysbios_hal_Hwi_disableInterrupt__E                                    
UNDEFED   ti_sysbios_hal_Hwi_enableInterrupt__E                                     
UNDEFED   ti_sysbios_hal_Hwi_getStackInfo__E                                        
UNDEFED   ti_sysbios_hal_Hwi_startup__E                                             
UNDEFED   ti_sysbios_hal_Hwi_switchFromBootStack__E                                 
UNDEFED   ti_sysbios_heaps_HeapMem_Module_GateProxy_Handle__label__S__mangled__     
UNDEFED   ti_sysbios_heaps_HeapMem_Module_GateProxy_Params__init__S__mangled__      
UNDEFED   ti_sysbios_heaps_HeapMem_Module_GateProxy_query__E__mangled__             
UNDEFED   ti_sysbios_knl_Clock_TimerProxy_Module__startupDone__S__mangled__         
UNDEFED   ti_sysbios_knl_Clock_TimerProxy_startup__E__mangled__                     
UNDEFED   ti_sysbios_knl_Task_SupportProxy_Module__startupDone__S__mangled__        
UNDEFED   ti_sysbios_knl_Task_SupportProxy_getStackAlignment__E__mangled__          
UNDEFED   ti_sysbios_knl_Task_SupportProxy_start__E__mangled__                      
UNDEFED   ti_sysbios_knl_Task_SupportProxy_swap__E__mangled__                       
UNDEFED   xdc_runtime_Main_Module_GateProxy_Handle__label__S                        
UNDEFED   xdc_runtime_Main_Module_GateProxy_query__E                                
UNDEFED   xdc_runtime_Memory_HeapProxy_Handle__label__S__mangled__                  
UNDEFED   xdc_runtime_System_Module_GateProxy_Handle__label__S__mangled__           
UNDEFED   xdc_runtime_System_Module_GateProxy_query__E__mangled__                   
UNDEFED   xdc_runtime_System_SupportProxy_abort__E                                  
UNDEFED   xdc_runtime_System_SupportProxy_exit__E                                   
UNDEFED   xdc_runtime_Timestamp_SupportProxy_get64__E__mangled__                    
UNDEFED   xdc_runtime_Timestamp_SupportProxy_getFreq__E__mangled__                  
UNDEFED   xdc_runtime_Timestamp_get32__E                                            
UNDEFED   xdc_runtime_Timestamp_get64__E                                            
UNDEFED   xdc_runtime_Timestamp_getFreq__E                                          

[1097 symbols]
