******************************************************************************
                  TI ARM Linker PC v16.9.4                     
******************************************************************************
>> Linked Fri Oct 06 15:26:20 2017

OUTPUT FILE NAME:   <simpleperipheral_cc1350lp_app_FlashROM.out>
ENTRY POINT SYMBOL: "ResetISR"  address: 00009aa9


MEMORY CONFIGURATION

         name            origin    length      used     unused   attr    fill
----------------------  --------  ---------  --------  --------  ----  --------
  FLASH                 00000000   0000f000  0000d57e  00001a82  R  X
  FLASH_LAST_PAGE       0001f000   00001000  00000058  00000fa8  R  X
  SRAM                  20000000   00004318  00003321  00000ff7  RW X


SEGMENT ALLOCATION MAP

run origin  load origin   length   init length attrs members
----------  ----------- ---------- ----------- ----- -------
00000000    00000000    0000d07c   0000d07c    r-x
  00000000    00000000    0000003c   0000003c    r-- .resetVecs
  0000003c    0000003c    00000fc4   00000fc4    r-x .text.1
  00001000    00001000    0000003c   0000003c    r-- .const:ti_sysbios_knl_Task_Object__PARAMS__C
  0000103c    0000103c    00000034   00000034    r-- .const:ti_sysbios_knl_Mailbox_Object__PARAMS__C
  00001070    00001070    00000030   00000030    r-- .const:ti_sysbios_family_arm_m3_Hwi_Object__PARAMS__C
  000010a0    000010a0    0000002c   0000002c    r-- .const:ti_sysbios_hal_Hwi_Object__PARAMS__C
  000010cc    000010cc    00000028   00000028    r-- .const:ti_sysbios_heaps_HeapMem_Module__FXNS__C
  000010f4    000010f4    00000028   00000028    r-- .const:ti_sysbios_knl_Swi_Object__PARAMS__C
  0000111c    0000111c    00000024   00000024    r-- .const:ti_sysbios_gates_GateHwi_Module__FXNS__C
  00001140    00001140    00000024   00000024    r-- .const:ti_sysbios_gates_GateMutex_Module__FXNS__C
  00001164    00001164    00000024   00000024    r-- .const:ti_sysbios_heaps_HeapMem_Object__PARAMS__C
  00001188    00001188    00000024   00000024    r-- .const:ti_sysbios_knl_Clock_Object__PARAMS__C
  000011ac    000011ac    00000024   00000024    r-- .const:ti_sysbios_knl_Semaphore_Object__PARAMS__C
  000011d0    000011d0    00000020   00000020    r-- .const:ti_sysbios_family_arm_m3_Hwi_Object__DESC__C
  000011f0    000011f0    00000020   00000020    r-- .const:ti_sysbios_gates_GateHwi_Object__DESC__C
  00001210    00001210    00000020   00000020    r-- .const:ti_sysbios_gates_GateMutex_Object__DESC__C
  00001230    00001230    00000020   00000020    r-- .const:ti_sysbios_hal_Hwi_Object__DESC__C
  00001250    00001250    00000020   00000020    r-- .const:ti_sysbios_heaps_HeapMem_Object__DESC__C
  00001270    00001270    00000020   00000020    r-- .const:ti_sysbios_knl_Clock_Object__DESC__C
  00001290    00001290    00000020   00000020    r-- .const:ti_sysbios_knl_Mailbox_Object__DESC__C
  000012b0    000012b0    00000020   00000020    r-- .const:ti_sysbios_knl_Queue_Object__DESC__C
  000012d0    000012d0    00000020   00000020    r-- .const:ti_sysbios_knl_Semaphore_Object__DESC__C
  000012f0    000012f0    00000020   00000020    r-- .const:ti_sysbios_knl_Swi_Object__DESC__C
  00001310    00001310    00000020   00000020    r-- .const:ti_sysbios_knl_Task_Object__DESC__C
  00001330    00001330    00000018   00000018    r-- .const:ti_sysbios_gates_GateHwi_Object__PARAMS__C
  00001348    00001348    00000018   00000018    r-- .const:ti_sysbios_gates_GateMutex_Object__PARAMS__C
  00001360    00001360    00000018   00000018    r-- .const:ti_sysbios_knl_Queue_Object__PARAMS__C
  00001378    00001378    00000008   00000008    r-- .const:ti_sysbios_knl_Idle_funcList__C
  00001380    00001380    00000004   00000004    r-x .text.2
  00001384    00001384    00000004   00000004    r-- .const:ti_sysbios_family_arm_cc26xx_Timer_startupNeeded__C
  00001388    00001388    00000004   00000004    r-- .const:ti_sysbios_family_arm_m3_Hwi_E_alreadyDefined__C
  0000138c    0000138c    00000004   00000004    r-- .const:ti_sysbios_family_arm_m3_Hwi_E_hwiLimitExceeded__C
  00001390    00001390    00000004   00000004    r-- .const:ti_sysbios_family_arm_m3_Hwi_NUM_INTERRUPTS__C
  00001394    00001394    00000004   00000004    r-- .const:ti_sysbios_family_arm_m3_Hwi_Object__count__C
  00001398    00001398    00000004   00000004    r-- .const:ti_sysbios_family_arm_m3_Hwi_Object__table__C
  0000139c    0000139c    00000004   00000004    r-- .const:ti_sysbios_family_arm_m3_Hwi_ccr__C
  000013a0    000013a0    00000004   00000004    r-- .const:ti_sysbios_family_arm_m3_Hwi_excHandlerFunc__C
  000013a4    000013a4    00000004   00000004    r-- .const:ti_sysbios_family_arm_m3_Hwi_nullIsrFunc__C
  000013a8    000013a8    00000004   00000004    r-- .const:ti_sysbios_family_arm_m3_Hwi_numSparseInterrupts__C
  000013ac    000013ac    00000004   00000004    r-- .const:ti_sysbios_family_arm_m3_Hwi_priGroup__C
  000013b0    000013b0    00000004   00000004    r-- .const:ti_sysbios_family_arm_m3_TaskSupport_stackAlignment__C
  000013b4    000013b4    00000004   00000004    r-- .const:ti_sysbios_heaps_HeapMem_E_memory__C
  000013b8    000013b8    00000004   00000004    r-- .const:ti_sysbios_heaps_HeapMem_Module__gateObj__C
  000013bc    000013bc    00000004   00000004    r-- .const:ti_sysbios_heaps_HeapMem_Object__count__C
  000013c0    000013c0    00000004   00000004    r-- .const:ti_sysbios_heaps_HeapMem_Object__table__C
  000013c4    000013c4    00000004   00000004    r-- .const:ti_sysbios_heaps_HeapMem_reqAlign__C
  000013c8    000013c8    00000004   00000004    r-- .const:ti_sysbios_knl_Clock_serviceMargin__C
  000013cc    000013cc    00000004   00000004    r-- .const:ti_sysbios_knl_Mailbox_Object__count__C
  000013d0    000013d0    00000004   00000004    r-- .const:ti_sysbios_knl_Mailbox_Object__table__C
  000013d4    000013d4    00000004   00000004    r-- .const:ti_sysbios_knl_Mailbox_maxTypeAlign__C
  000013d8    000013d8    00000004   00000004    r-- .const:ti_sysbios_knl_Queue_Object__count__C
  000013dc    000013dc    00000004   00000004    r-- .const:ti_sysbios_knl_Queue_Object__table__C
  000013e0    000013e0    00000004   00000004    r-- .const:ti_sysbios_knl_Swi_Object__count__C
  000013e4    000013e4    00000004   00000004    r-- .const:ti_sysbios_knl_Swi_Object__table__C
  000013e8    000013e8    00000004   00000004    r-- .const:ti_sysbios_knl_Swi_numPriorities__C
  000013ec    000013ec    00000004   00000004    r-- .const:ti_sysbios_knl_Task_Object__count__C
  000013f0    000013f0    00000004   00000004    r-- .const:ti_sysbios_knl_Task_Object__table__C
  000013f4    000013f4    00000004   00000004    r-- .const:ti_sysbios_knl_Task_allBlockedFunc__C
  000013f8    000013f8    00000004   00000004    r-- .const:ti_sysbios_knl_Task_defaultStackHeap__C
  000013fc    000013fc    00000004   00000004    r-- .const:ti_sysbios_knl_Task_defaultStackSize__C
  00001400    00001400    00000004   00000004    r-- .const:ti_sysbios_knl_Task_numConstructedTasks__C
  00001404    00001404    00000002   00000002    r-x .text.3
  00001406    00001406    00000002   00000002    r-- .const:ti_sysbios_family_arm_cc26xx_Timer_Module__id__C
  00001408    00001408    00000002   00000002    r-- .const:ti_sysbios_family_arm_cc26xx_TimestampProvider_useClockTimer__C
  0000140a    0000140a    00000002   00000002    r-- .const:ti_sysbios_family_arm_m3_Hwi_Module__id__C
  0000140c    0000140c    00000002   00000002    r-- .const:ti_sysbios_gates_GateHwi_Module__id__C
  0000140e    0000140e    00000002   00000002    r-- .const:ti_sysbios_gates_GateMutex_Module__id__C
  00001410    00001410    00000002   00000002    r-- .const:ti_sysbios_heaps_HeapMem_Module__id__C
  00001412    00001412    00000002   00000002    r-- .const:ti_sysbios_knl_Task_initStackFlag__C
  00001414    00001414    00000001   00000001    r-- .const:ti_sysbios_knl_Clock_tickMode__C
  00001418    00001418    00000008   00000008    r-- .const:xdc_runtime_Startup_firstFxns__C
  00001420    00001420    00000008   00000008    r-- .const:xdc_runtime_Startup_lastFxns__C
  00001428    00001428    00000004   00000004    r-- .const:xdc_runtime_Assert_E_assertFailed__C
  0000142c    0000142c    00000004   00000004    r-- .const:xdc_runtime_Error_E_memory__C
  00001430    00001430    00000004   00000004    r-- .const:xdc_runtime_Error_policyFxn__C
  00001434    00001434    00000004   00000004    r-- .const:xdc_runtime_IGateProvider_Interface__BASE__C
  00001438    00001438    00000004   00000004    r-- .const:xdc_runtime_IHeap_Interface__BASE__C
  0000143c    0000143c    00000004   00000004    r-- .const:xdc_runtime_IModule_Interface__BASE__C
  00001440    00001440    00000004   00000004    r-- .const:xdc_runtime_Main_Module__diagsEnabled__C
  00001444    00001444    00000004   00000004    r-- .const:xdc_runtime_Main_Module__diagsIncluded__C
  00001448    00001448    00000004   00000004    r-- .const:xdc_runtime_Main_Module__diagsMask__C
  0000144c    0000144c    00000004   00000004    r-- .const:xdc_runtime_Memory_defaultHeapInstance__C
  00001450    00001450    00000004   00000004    r-- .const:xdc_runtime_Startup_execImpl__C
  00001454    00001454    00000004   00000004    r-- .const:xdc_runtime_Startup_maxPasses__C
  00001458    00001458    00000004   00000004    r-- .const:xdc_runtime_Startup_sfxnRts__C
  0000145c    0000145c    00000004   00000004    r-- .const:xdc_runtime_Startup_sfxnTab__C
  00001460    00001460    00000004   00000004    r-- .const:xdc_runtime_Startup_startModsFxn__C
  00001464    00001464    00000004   00000004    r-- .const:xdc_runtime_SysCallback_abortFxn__C
  00001468    00001468    00000004   00000004    r-- .const:xdc_runtime_SysCallback_exitFxn__C
  0000146c    0000146c    00000004   00000004    r-- .const:xdc_runtime_System_abortFxn__C
  00001470    00001470    00000004   00000004    r-- .const:xdc_runtime_System_exitFxn__C
  00001474    00001474    00000004   00000004    r-- .const:xdc_runtime_System_maxAtexitHandlers__C
  00001478    00001478    00000004   00000004    r-- .const:xdc_runtime_Text_charTab__C
  0000147c    0000147c    00000004   00000004    r-- .const:xdc_runtime_Text_nameEmpty__C
  00001480    00001480    00000004   00000004    r-- .const:xdc_runtime_Text_nameStatic__C
  00001484    00001484    00000004   00000004    r-- .const:xdc_runtime_Text_nameUnknown__C
  00001488    00001488    00000002   00000002    r-- .const:xdc_runtime_Main_Module__id__C
  0000148a    0000148a    00000002   00000002    r-- .const:xdc_runtime_Memory_Module__id__C
  0000148c    0000148c    00000002   00000002    r-- .const:xdc_runtime_Text_charCnt__C
  0000148e    0000148e    00000002   00000002    r-- .const:xdc_runtime_Text_isLoaded__C
  00001490    00001490    00000001   00000001    r-- .const:xdc_runtime_Error_policy__C
  00001494    00001494    00000004   00000004    r-- .const:ti_sysbios_rom_ROM_AONRTCChannelEnable
  00001498    00001498    00000004   00000004    r-- .const:ti_sysbios_rom_ROM_AONRTCCompareValueSet
  0000149c    0000149c    00000004   00000004    r-- .const:ti_sysbios_rom_ROM_AONRTCCurrentCompareValueGet
  000014a0    000014a0    00000004   00000004    r-- .const:ti_sysbios_rom_ROM_AONRTCEventClear
  000014a4    000014a4    00000004   00000004    r-- .const:ti_sysbios_rom_ROM_ti_sysbios_family_arm_cc26xx_Timer_getCount64__E
  000014a8    000014a8    00000004   00000004    r-- .const:ti_sysbios_rom_ROM_ti_sysbios_family_arm_cc26xx_Timer_getCurrentTick__E
  000014ac    000014ac    00000004   00000004    r-- .const:ti_sysbios_rom_ROM_ti_sysbios_family_arm_cc26xx_Timer_getMaxTicks__E
  000014b0    000014b0    00000004   00000004    r-- .const:ti_sysbios_rom_ROM_ti_sysbios_family_arm_cc26xx_Timer_initDevice__I
  000014b4    000014b4    00000004   00000004    r-- .const:ti_sysbios_rom_ROM_ti_sysbios_family_arm_cc26xx_Timer_setNextTick__E
  000014b8    000014b8    00000004   00000004    r-- .const:ti_sysbios_rom_ROM_ti_sysbios_family_arm_cc26xx_Timer_setThreshold__I
  000014bc    000014bc    00000004   00000004    r-- .const:ti_sysbios_rom_ROM_ti_sysbios_family_arm_cc26xx_Timer_start__E
  000014c0    000014c0    00000004   00000004    r-- .const:ti_sysbios_rom_ROM_ti_sysbios_family_arm_cc26xx_TimestampProvider_get32__E
  000014c4    000014c4    00000004   00000004    r-- .const:ti_sysbios_rom_ROM_xdc_runtime_Startup_getState__I
  000014c8    000014c8    00000004   00000004    r-- .const:ti_sysbios_rom_ROM_xdc_runtime_System_SupportProxy_abort__E
  000014cc    000014cc    00000004   00000004    r-- .const:ti_sysbios_rom_ROM_xdc_runtime_System_SupportProxy_exit__E
  000014d0    000014d0    00000004   00000004    r-- .const:ti_sysbios_gates_GateMutex_Instance_State_sem__O
  000014d4    000014d4    00000004   00000004    r-- .const:ti_sysbios_knl_Clock_Module_State_clockQ__O
  000014d8    000014d8    00000004   00000004    r-- .const:ti_sysbios_knl_Mailbox_Instance_State_dataQue__O
  000014dc    000014dc    00000004   00000004    r-- .const:ti_sysbios_knl_Mailbox_Instance_State_dataSem__O
  000014e0    000014e0    00000004   00000004    r-- .const:ti_sysbios_knl_Mailbox_Instance_State_freeQue__O
  000014e4    000014e4    00000004   00000004    r-- .const:ti_sysbios_knl_Mailbox_Instance_State_freeSem__O
  000014e8    000014e8    00000004   00000004    r-- .const:ti_sysbios_knl_Semaphore_Instance_State_pendQ__O
  000014ec    000014ec    00000004   00000004    r-- .const:ti_sysbios_knl_Task_Module_State_inactiveQ__O
  000014f0    000014f0    0000a88c   0000a88c    r-x .text.4
  0000bd7c    0000bd7c    00001300   00001300    r-- .const
0000d07c    0000d07c    00000008   00000008    rw-
  0000d07c    0000d07c    00000008   00000008    rw- .args
0000d088    0000d088    00000500   00000500    r--
  0000d088    0000d088    00000500   00000500    r-- .cinit
0001ffa8    0001ffa8    00000058   00000058    r--
  0001ffa8    0001ffa8    00000058   00000058    r-- .ccfg
20000100    20000100    00002e5d   00000000    rw-
  20000100    20000100    00000044   00000000    rw- .data:ti_sysbios_knl_Task_Module__state__V
  20000144    20000144    00000034   00000000    rw- .data:ti_sysbios_family_arm_m3_Hwi_Module__state__V
  20000178    20000178    0000002c   00000000    rw- .data:ti_sysbios_knl_Clock_Module__state__V
  200001a4    200001a4    00000024   00000000    rw- .data:ti_sysbios_BIOS_Module__state__V
  200001c8    200001c8    0000001c   00000000    rw- .data:ti_sysbios_knl_Swi_Module__state__V
  200001e4    200001e4    00000008   00000000    rw- .data:ti_sysbios_family_arm_cc26xx_Timer_Module__state__V
  200001ec    200001ec    00000004   00000000    rw- .data:ti_sysbios_family_arm_cc26xx_TimestampProvider_Module__state__V
  200001f0    200001f0    00000008   00000000    rw- .data:xdc_runtime_Startup_Module__state__V
  200001f8    200001f8    00000008   00000000    rw- .data:xdc_runtime_System_Module__state__V
  20000200    20000200    00000004   00000000    rw- .data:xdc_runtime_Memory_Module__state__V
  20000208    20000208    00001f5c   00000000    rw- .data
  20002168    20002168    00000df5   00000000    rw- .bss
20003f18    20003f18    00000400   00000000    rw-
  20003f18    20003f18    00000400   00000000    rw- .stack


SECTION ALLOCATION MAP

 output                                  attributes/
section   page    origin      length       input sections
--------  ----  ----------  ----------   ----------------
.resetVecs 
*          0    00000000    0000003c     
                  00000000    0000003c     app_ble_pem3.oem3 (.resetVecs)

.text.1    0    0000003c    00000fc4     
                  0000003c    00000664     wearableDevice.obj (.text:mainTaskStructFunction$7)
                  000006a0    00000008     (.tramp.ti_sysbios_knl_Clock_start__E.1)
                  000006a8    000005cc     peripheral.obj (.text:gapRole_taskFxn$19)
                  00000c74    0000030c     drivers_cc13x0.aem3 : PowerCC26XX_calibrateRCOSC.oem3 (.text:PowerCC26XX_auxISR)
                  00000f80    0000007c     peripheral.obj (.text:gapRole_startConnUpdate$19)
                  00000ffc    00000004     Adafruit_GFX.obj (.text:AdafruitGFX_printc)

.const:ti_sysbios_knl_Task_Object__PARAMS__C 
*          0    00001000    0000003c     
                  00001000    0000003c     app_ble_pem3.oem3 (.const:ti_sysbios_knl_Task_Object__PARAMS__C)

.const:ti_sysbios_knl_Mailbox_Object__PARAMS__C 
*          0    0000103c    00000034     
                  0000103c    00000034     app_ble_pem3.oem3 (.const:ti_sysbios_knl_Mailbox_Object__PARAMS__C)

.const:ti_sysbios_family_arm_m3_Hwi_Object__PARAMS__C 
*          0    00001070    00000030     
                  00001070    00000030     app_ble_pem3.oem3 (.const:ti_sysbios_family_arm_m3_Hwi_Object__PARAMS__C)

.const:ti_sysbios_hal_Hwi_Object__PARAMS__C 
*          0    000010a0    0000002c     
                  000010a0    0000002c     app_ble_pem3.oem3 (.const:ti_sysbios_hal_Hwi_Object__PARAMS__C)

.const:ti_sysbios_heaps_HeapMem_Module__FXNS__C 
*          0    000010cc    00000028     
                  000010cc    00000028     app_ble_pem3.oem3 (.const:ti_sysbios_heaps_HeapMem_Module__FXNS__C)

.const:ti_sysbios_knl_Swi_Object__PARAMS__C 
*          0    000010f4    00000028     
                  000010f4    00000028     app_ble_pem3.oem3 (.const:ti_sysbios_knl_Swi_Object__PARAMS__C)

.const:ti_sysbios_gates_GateHwi_Module__FXNS__C 
*          0    0000111c    00000024     
                  0000111c    00000024     app_ble_pem3.oem3 (.const:ti_sysbios_gates_GateHwi_Module__FXNS__C)

.const:ti_sysbios_gates_GateMutex_Module__FXNS__C 
*          0    00001140    00000024     
                  00001140    00000024     app_ble_pem3.oem3 (.const:ti_sysbios_gates_GateMutex_Module__FXNS__C)

.const:ti_sysbios_heaps_HeapMem_Object__PARAMS__C 
*          0    00001164    00000024     
                  00001164    00000024     app_ble_pem3.oem3 (.const:ti_sysbios_heaps_HeapMem_Object__PARAMS__C)

.const:ti_sysbios_knl_Clock_Object__PARAMS__C 
*          0    00001188    00000024     
                  00001188    00000024     app_ble_pem3.oem3 (.const:ti_sysbios_knl_Clock_Object__PARAMS__C)

.const:ti_sysbios_knl_Semaphore_Object__PARAMS__C 
*          0    000011ac    00000024     
                  000011ac    00000024     app_ble_pem3.oem3 (.const:ti_sysbios_knl_Semaphore_Object__PARAMS__C)

.const:ti_sysbios_family_arm_m3_Hwi_Object__DESC__C 
*          0    000011d0    00000020     
                  000011d0    00000020     app_ble_pem3.oem3 (.const:ti_sysbios_family_arm_m3_Hwi_Object__DESC__C)

.const:ti_sysbios_gates_GateHwi_Object__DESC__C 
*          0    000011f0    00000020     
                  000011f0    00000020     app_ble_pem3.oem3 (.const:ti_sysbios_gates_GateHwi_Object__DESC__C)

.const:ti_sysbios_gates_GateMutex_Object__DESC__C 
*          0    00001210    00000020     
                  00001210    00000020     app_ble_pem3.oem3 (.const:ti_sysbios_gates_GateMutex_Object__DESC__C)

.const:ti_sysbios_hal_Hwi_Object__DESC__C 
*          0    00001230    00000020     
                  00001230    00000020     app_ble_pem3.oem3 (.const:ti_sysbios_hal_Hwi_Object__DESC__C)

.const:ti_sysbios_heaps_HeapMem_Object__DESC__C 
*          0    00001250    00000020     
                  00001250    00000020     app_ble_pem3.oem3 (.const:ti_sysbios_heaps_HeapMem_Object__DESC__C)

.const:ti_sysbios_knl_Clock_Object__DESC__C 
*          0    00001270    00000020     
                  00001270    00000020     app_ble_pem3.oem3 (.const:ti_sysbios_knl_Clock_Object__DESC__C)

.const:ti_sysbios_knl_Mailbox_Object__DESC__C 
*          0    00001290    00000020     
                  00001290    00000020     app_ble_pem3.oem3 (.const:ti_sysbios_knl_Mailbox_Object__DESC__C)

.const:ti_sysbios_knl_Queue_Object__DESC__C 
*          0    000012b0    00000020     
                  000012b0    00000020     app_ble_pem3.oem3 (.const:ti_sysbios_knl_Queue_Object__DESC__C)

.const:ti_sysbios_knl_Semaphore_Object__DESC__C 
*          0    000012d0    00000020     
                  000012d0    00000020     app_ble_pem3.oem3 (.const:ti_sysbios_knl_Semaphore_Object__DESC__C)

.const:ti_sysbios_knl_Swi_Object__DESC__C 
*          0    000012f0    00000020     
                  000012f0    00000020     app_ble_pem3.oem3 (.const:ti_sysbios_knl_Swi_Object__DESC__C)

.const:ti_sysbios_knl_Task_Object__DESC__C 
*          0    00001310    00000020     
                  00001310    00000020     app_ble_pem3.oem3 (.const:ti_sysbios_knl_Task_Object__DESC__C)

.const:ti_sysbios_gates_GateHwi_Object__PARAMS__C 
*          0    00001330    00000018     
                  00001330    00000018     app_ble_pem3.oem3 (.const:ti_sysbios_gates_GateHwi_Object__PARAMS__C)

.const:ti_sysbios_gates_GateMutex_Object__PARAMS__C 
*          0    00001348    00000018     
                  00001348    00000018     app_ble_pem3.oem3 (.const:ti_sysbios_gates_GateMutex_Object__PARAMS__C)

.const:ti_sysbios_knl_Queue_Object__PARAMS__C 
*          0    00001360    00000018     
                  00001360    00000018     app_ble_pem3.oem3 (.const:ti_sysbios_knl_Queue_Object__PARAMS__C)

.const:ti_sysbios_knl_Idle_funcList__C 
*          0    00001378    00000008     
                  00001378    00000008     app_ble_pem3.oem3 (.const:ti_sysbios_knl_Idle_funcList__C)

.text.2    0    00001380    00000004     
                  00001380    00000004     dpl_cc13x0.aem3 : PowerCC26XX_tirtos.oem3 (.text:CPUwfi)

.const:ti_sysbios_family_arm_cc26xx_Timer_startupNeeded__C 
*          0    00001384    00000004     
                  00001384    00000004     app_ble_pem3.oem3 (.const:ti_sysbios_family_arm_cc26xx_Timer_startupNeeded__C)

.const:ti_sysbios_family_arm_m3_Hwi_E_alreadyDefined__C 
*          0    00001388    00000004     
                  00001388    00000004     app_ble_pem3.oem3 (.const:ti_sysbios_family_arm_m3_Hwi_E_alreadyDefined__C)

.const:ti_sysbios_family_arm_m3_Hwi_E_hwiLimitExceeded__C 
*          0    0000138c    00000004     
                  0000138c    00000004     app_ble_pem3.oem3 (.const:ti_sysbios_family_arm_m3_Hwi_E_hwiLimitExceeded__C)

.const:ti_sysbios_family_arm_m3_Hwi_NUM_INTERRUPTS__C 
*          0    00001390    00000004     
                  00001390    00000004     app_ble_pem3.oem3 (.const:ti_sysbios_family_arm_m3_Hwi_NUM_INTERRUPTS__C)

.const:ti_sysbios_family_arm_m3_Hwi_Object__count__C 
*          0    00001394    00000004     
                  00001394    00000004     app_ble_pem3.oem3 (.const:ti_sysbios_family_arm_m3_Hwi_Object__count__C)

.const:ti_sysbios_family_arm_m3_Hwi_Object__table__C 
*          0    00001398    00000004     
                  00001398    00000004     app_ble_pem3.oem3 (.const:ti_sysbios_family_arm_m3_Hwi_Object__table__C)

.const:ti_sysbios_family_arm_m3_Hwi_ccr__C 
*          0    0000139c    00000004     
                  0000139c    00000004     app_ble_pem3.oem3 (.const:ti_sysbios_family_arm_m3_Hwi_ccr__C)

.const:ti_sysbios_family_arm_m3_Hwi_excHandlerFunc__C 
*          0    000013a0    00000004     
                  000013a0    00000004     app_ble_pem3.oem3 (.const:ti_sysbios_family_arm_m3_Hwi_excHandlerFunc__C)

.const:ti_sysbios_family_arm_m3_Hwi_nullIsrFunc__C 
*          0    000013a4    00000004     
                  000013a4    00000004     app_ble_pem3.oem3 (.const:ti_sysbios_family_arm_m3_Hwi_nullIsrFunc__C)

.const:ti_sysbios_family_arm_m3_Hwi_numSparseInterrupts__C 
*          0    000013a8    00000004     
                  000013a8    00000004     app_ble_pem3.oem3 (.const:ti_sysbios_family_arm_m3_Hwi_numSparseInterrupts__C)

.const:ti_sysbios_family_arm_m3_Hwi_priGroup__C 
*          0    000013ac    00000004     
                  000013ac    00000004     app_ble_pem3.oem3 (.const:ti_sysbios_family_arm_m3_Hwi_priGroup__C)

.const:ti_sysbios_family_arm_m3_TaskSupport_stackAlignment__C 
*          0    000013b0    00000004     
                  000013b0    00000004     app_ble_pem3.oem3 (.const:ti_sysbios_family_arm_m3_TaskSupport_stackAlignment__C)

.const:ti_sysbios_heaps_HeapMem_E_memory__C 
*          0    000013b4    00000004     
                  000013b4    00000004     app_ble_pem3.oem3 (.const:ti_sysbios_heaps_HeapMem_E_memory__C)

.const:ti_sysbios_heaps_HeapMem_Module__gateObj__C 
*          0    000013b8    00000004     
                  000013b8    00000004     app_ble_pem3.oem3 (.const:ti_sysbios_heaps_HeapMem_Module__gateObj__C)

.const:ti_sysbios_heaps_HeapMem_Object__count__C 
*          0    000013bc    00000004     
                  000013bc    00000004     app_ble_pem3.oem3 (.const:ti_sysbios_heaps_HeapMem_Object__count__C)

.const:ti_sysbios_heaps_HeapMem_Object__table__C 
*          0    000013c0    00000004     
                  000013c0    00000004     app_ble_pem3.oem3 (.const:ti_sysbios_heaps_HeapMem_Object__table__C)

.const:ti_sysbios_heaps_HeapMem_reqAlign__C 
*          0    000013c4    00000004     
                  000013c4    00000004     app_ble_pem3.oem3 (.const:ti_sysbios_heaps_HeapMem_reqAlign__C)

.const:ti_sysbios_knl_Clock_serviceMargin__C 
*          0    000013c8    00000004     
                  000013c8    00000004     app_ble_pem3.oem3 (.const:ti_sysbios_knl_Clock_serviceMargin__C)

.const:ti_sysbios_knl_Mailbox_Object__count__C 
*          0    000013cc    00000004     
                  000013cc    00000004     app_ble_pem3.oem3 (.const:ti_sysbios_knl_Mailbox_Object__count__C)

.const:ti_sysbios_knl_Mailbox_Object__table__C 
*          0    000013d0    00000004     
                  000013d0    00000004     app_ble_pem3.oem3 (.const:ti_sysbios_knl_Mailbox_Object__table__C)

.const:ti_sysbios_knl_Mailbox_maxTypeAlign__C 
*          0    000013d4    00000004     
                  000013d4    00000004     app_ble_pem3.oem3 (.const:ti_sysbios_knl_Mailbox_maxTypeAlign__C)

.const:ti_sysbios_knl_Queue_Object__count__C 
*          0    000013d8    00000004     
                  000013d8    00000004     app_ble_pem3.oem3 (.const:ti_sysbios_knl_Queue_Object__count__C)

.const:ti_sysbios_knl_Queue_Object__table__C 
*          0    000013dc    00000004     
                  000013dc    00000004     app_ble_pem3.oem3 (.const:ti_sysbios_knl_Queue_Object__table__C)

.const:ti_sysbios_knl_Swi_Object__count__C 
*          0    000013e0    00000004     
                  000013e0    00000004     app_ble_pem3.oem3 (.const:ti_sysbios_knl_Swi_Object__count__C)

.const:ti_sysbios_knl_Swi_Object__table__C 
*          0    000013e4    00000004     
                  000013e4    00000004     app_ble_pem3.oem3 (.const:ti_sysbios_knl_Swi_Object__table__C)

.const:ti_sysbios_knl_Swi_numPriorities__C 
*          0    000013e8    00000004     
                  000013e8    00000004     app_ble_pem3.oem3 (.const:ti_sysbios_knl_Swi_numPriorities__C)

.const:ti_sysbios_knl_Task_Object__count__C 
*          0    000013ec    00000004     
                  000013ec    00000004     app_ble_pem3.oem3 (.const:ti_sysbios_knl_Task_Object__count__C)

.const:ti_sysbios_knl_Task_Object__table__C 
*          0    000013f0    00000004     
                  000013f0    00000004     app_ble_pem3.oem3 (.const:ti_sysbios_knl_Task_Object__table__C)

.const:ti_sysbios_knl_Task_allBlockedFunc__C 
*          0    000013f4    00000004     
                  000013f4    00000004     app_ble_pem3.oem3 (.const:ti_sysbios_knl_Task_allBlockedFunc__C)

.const:ti_sysbios_knl_Task_defaultStackHeap__C 
*          0    000013f8    00000004     
                  000013f8    00000004     app_ble_pem3.oem3 (.const:ti_sysbios_knl_Task_defaultStackHeap__C)

.const:ti_sysbios_knl_Task_defaultStackSize__C 
*          0    000013fc    00000004     
                  000013fc    00000004     app_ble_pem3.oem3 (.const:ti_sysbios_knl_Task_defaultStackSize__C)

.const:ti_sysbios_knl_Task_numConstructedTasks__C 
*          0    00001400    00000004     
                  00001400    00000004     app_ble_pem3.oem3 (.const:ti_sysbios_knl_Task_numConstructedTasks__C)

.text.3    0    00001404    00000002     
                  00001404    00000002     Adafruit_GFX.obj (.text:AdafruitGFX_endwrite)

.const:ti_sysbios_family_arm_cc26xx_Timer_Module__id__C 
*          0    00001406    00000002     
                  00001406    00000002     app_ble_pem3.oem3 (.const:ti_sysbios_family_arm_cc26xx_Timer_Module__id__C)

.const:ti_sysbios_family_arm_cc26xx_TimestampProvider_useClockTimer__C 
*          0    00001408    00000002     
                  00001408    00000002     app_ble_pem3.oem3 (.const:ti_sysbios_family_arm_cc26xx_TimestampProvider_useClockTimer__C)

.const:ti_sysbios_family_arm_m3_Hwi_Module__id__C 
*          0    0000140a    00000002     
                  0000140a    00000002     app_ble_pem3.oem3 (.const:ti_sysbios_family_arm_m3_Hwi_Module__id__C)

.const:ti_sysbios_gates_GateHwi_Module__id__C 
*          0    0000140c    00000002     
                  0000140c    00000002     app_ble_pem3.oem3 (.const:ti_sysbios_gates_GateHwi_Module__id__C)

.const:ti_sysbios_gates_GateMutex_Module__id__C 
*          0    0000140e    00000002     
                  0000140e    00000002     app_ble_pem3.oem3 (.const:ti_sysbios_gates_GateMutex_Module__id__C)

.const:ti_sysbios_heaps_HeapMem_Module__id__C 
*          0    00001410    00000002     
                  00001410    00000002     app_ble_pem3.oem3 (.const:ti_sysbios_heaps_HeapMem_Module__id__C)

.const:ti_sysbios_knl_Task_initStackFlag__C 
*          0    00001412    00000002     
                  00001412    00000002     app_ble_pem3.oem3 (.const:ti_sysbios_knl_Task_initStackFlag__C)

.const:ti_sysbios_knl_Clock_tickMode__C 
*          0    00001414    00000001     
                  00001414    00000001     app_ble_pem3.oem3 (.const:ti_sysbios_knl_Clock_tickMode__C)

.const:xdc_runtime_Startup_firstFxns__C 
*          0    00001418    00000008     
                  00001418    00000008     app_ble_pem3.oem3 (.const:xdc_runtime_Startup_firstFxns__C)

.const:xdc_runtime_Startup_lastFxns__C 
*          0    00001420    00000008     
                  00001420    00000008     app_ble_pem3.oem3 (.const:xdc_runtime_Startup_lastFxns__C)

.const:xdc_runtime_Assert_E_assertFailed__C 
*          0    00001428    00000004     
                  00001428    00000004     app_ble_pem3.oem3 (.const:xdc_runtime_Assert_E_assertFailed__C)

.const:xdc_runtime_Error_E_memory__C 
*          0    0000142c    00000004     
                  0000142c    00000004     app_ble_pem3.oem3 (.const:xdc_runtime_Error_E_memory__C)

.const:xdc_runtime_Error_policyFxn__C 
*          0    00001430    00000004     
                  00001430    00000004     app_ble_pem3.oem3 (.const:xdc_runtime_Error_policyFxn__C)

.const:xdc_runtime_IGateProvider_Interface__BASE__C 
*          0    00001434    00000004     
                  00001434    00000004     app_ble_pem3.oem3 (.const:xdc_runtime_IGateProvider_Interface__BASE__C)

.const:xdc_runtime_IHeap_Interface__BASE__C 
*          0    00001438    00000004     
                  00001438    00000004     app_ble_pem3.oem3 (.const:xdc_runtime_IHeap_Interface__BASE__C)

.const:xdc_runtime_IModule_Interface__BASE__C 
*          0    0000143c    00000004     
                  0000143c    00000004     app_ble_pem3.oem3 (.const:xdc_runtime_IModule_Interface__BASE__C)

.const:xdc_runtime_Main_Module__diagsEnabled__C 
*          0    00001440    00000004     
                  00001440    00000004     app_ble_pem3.oem3 (.const:xdc_runtime_Main_Module__diagsEnabled__C)

.const:xdc_runtime_Main_Module__diagsIncluded__C 
*          0    00001444    00000004     
                  00001444    00000004     app_ble_pem3.oem3 (.const:xdc_runtime_Main_Module__diagsIncluded__C)

.const:xdc_runtime_Main_Module__diagsMask__C 
*          0    00001448    00000004     
                  00001448    00000004     app_ble_pem3.oem3 (.const:xdc_runtime_Main_Module__diagsMask__C)

.const:xdc_runtime_Memory_defaultHeapInstance__C 
*          0    0000144c    00000004     
                  0000144c    00000004     app_ble_pem3.oem3 (.const:xdc_runtime_Memory_defaultHeapInstance__C)

.const:xdc_runtime_Startup_execImpl__C 
*          0    00001450    00000004     
                  00001450    00000004     app_ble_pem3.oem3 (.const:xdc_runtime_Startup_execImpl__C)

.const:xdc_runtime_Startup_maxPasses__C 
*          0    00001454    00000004     
                  00001454    00000004     app_ble_pem3.oem3 (.const:xdc_runtime_Startup_maxPasses__C)

.const:xdc_runtime_Startup_sfxnRts__C 
*          0    00001458    00000004     
                  00001458    00000004     app_ble_pem3.oem3 (.const:xdc_runtime_Startup_sfxnRts__C)

.const:xdc_runtime_Startup_sfxnTab__C 
*          0    0000145c    00000004     
                  0000145c    00000004     app_ble_pem3.oem3 (.const:xdc_runtime_Startup_sfxnTab__C)

.const:xdc_runtime_Startup_startModsFxn__C 
*          0    00001460    00000004     
                  00001460    00000004     app_ble_pem3.oem3 (.const:xdc_runtime_Startup_startModsFxn__C)

.const:xdc_runtime_SysCallback_abortFxn__C 
*          0    00001464    00000004     
                  00001464    00000004     app_ble_pem3.oem3 (.const:xdc_runtime_SysCallback_abortFxn__C)

.const:xdc_runtime_SysCallback_exitFxn__C 
*          0    00001468    00000004     
                  00001468    00000004     app_ble_pem3.oem3 (.const:xdc_runtime_SysCallback_exitFxn__C)

.const:xdc_runtime_System_abortFxn__C 
*          0    0000146c    00000004     
                  0000146c    00000004     app_ble_pem3.oem3 (.const:xdc_runtime_System_abortFxn__C)

.const:xdc_runtime_System_exitFxn__C 
*          0    00001470    00000004     
                  00001470    00000004     app_ble_pem3.oem3 (.const:xdc_runtime_System_exitFxn__C)

.const:xdc_runtime_System_maxAtexitHandlers__C 
*          0    00001474    00000004     
                  00001474    00000004     app_ble_pem3.oem3 (.const:xdc_runtime_System_maxAtexitHandlers__C)

.const:xdc_runtime_Text_charTab__C 
*          0    00001478    00000004     
                  00001478    00000004     app_ble_pem3.oem3 (.const:xdc_runtime_Text_charTab__C)

.const:xdc_runtime_Text_nameEmpty__C 
*          0    0000147c    00000004     
                  0000147c    00000004     app_ble_pem3.oem3 (.const:xdc_runtime_Text_nameEmpty__C)

.const:xdc_runtime_Text_nameStatic__C 
*          0    00001480    00000004     
                  00001480    00000004     app_ble_pem3.oem3 (.const:xdc_runtime_Text_nameStatic__C)

.const:xdc_runtime_Text_nameUnknown__C 
*          0    00001484    00000004     
                  00001484    00000004     app_ble_pem3.oem3 (.const:xdc_runtime_Text_nameUnknown__C)

.const:xdc_runtime_Main_Module__id__C 
*          0    00001488    00000002     
                  00001488    00000002     app_ble_pem3.oem3 (.const:xdc_runtime_Main_Module__id__C)

.const:xdc_runtime_Memory_Module__id__C 
*          0    0000148a    00000002     
                  0000148a    00000002     app_ble_pem3.oem3 (.const:xdc_runtime_Memory_Module__id__C)

.const:xdc_runtime_Text_charCnt__C 
*          0    0000148c    00000002     
                  0000148c    00000002     app_ble_pem3.oem3 (.const:xdc_runtime_Text_charCnt__C)

.const:xdc_runtime_Text_isLoaded__C 
*          0    0000148e    00000002     
                  0000148e    00000002     app_ble_pem3.oem3 (.const:xdc_runtime_Text_isLoaded__C)

.const:xdc_runtime_Error_policy__C 
*          0    00001490    00000001     
                  00001490    00000001     app_ble_pem3.oem3 (.const:xdc_runtime_Error_policy__C)

.const:ti_sysbios_rom_ROM_AONRTCChannelEnable 
*          0    00001494    00000004     
                  00001494    00000004     app_ble_pem3.oem3 (.const:ti_sysbios_rom_ROM_AONRTCChannelEnable)

.const:ti_sysbios_rom_ROM_AONRTCCompareValueSet 
*          0    00001498    00000004     
                  00001498    00000004     app_ble_pem3.oem3 (.const:ti_sysbios_rom_ROM_AONRTCCompareValueSet)

.const:ti_sysbios_rom_ROM_AONRTCCurrentCompareValueGet 
*          0    0000149c    00000004     
                  0000149c    00000004     app_ble_pem3.oem3 (.const:ti_sysbios_rom_ROM_AONRTCCurrentCompareValueGet)

.const:ti_sysbios_rom_ROM_AONRTCEventClear 
*          0    000014a0    00000004     
                  000014a0    00000004     app_ble_pem3.oem3 (.const:ti_sysbios_rom_ROM_AONRTCEventClear)

.const:ti_sysbios_rom_ROM_ti_sysbios_family_arm_cc26xx_Timer_getCount64__E 
*          0    000014a4    00000004     
                  000014a4    00000004     app_ble_pem3.oem3 (.const:ti_sysbios_rom_ROM_ti_sysbios_family_arm_cc26xx_Timer_getCount64__E)

.const:ti_sysbios_rom_ROM_ti_sysbios_family_arm_cc26xx_Timer_getCurrentTick__E 
*          0    000014a8    00000004     
                  000014a8    00000004     app_ble_pem3.oem3 (.const:ti_sysbios_rom_ROM_ti_sysbios_family_arm_cc26xx_Timer_getCurrentTick__E)

.const:ti_sysbios_rom_ROM_ti_sysbios_family_arm_cc26xx_Timer_getMaxTicks__E 
*          0    000014ac    00000004     
                  000014ac    00000004     app_ble_pem3.oem3 (.const:ti_sysbios_rom_ROM_ti_sysbios_family_arm_cc26xx_Timer_getMaxTicks__E)

.const:ti_sysbios_rom_ROM_ti_sysbios_family_arm_cc26xx_Timer_initDevice__I 
*          0    000014b0    00000004     
                  000014b0    00000004     app_ble_pem3.oem3 (.const:ti_sysbios_rom_ROM_ti_sysbios_family_arm_cc26xx_Timer_initDevice__I)

.const:ti_sysbios_rom_ROM_ti_sysbios_family_arm_cc26xx_Timer_setNextTick__E 
*          0    000014b4    00000004     
                  000014b4    00000004     app_ble_pem3.oem3 (.const:ti_sysbios_rom_ROM_ti_sysbios_family_arm_cc26xx_Timer_setNextTick__E)

.const:ti_sysbios_rom_ROM_ti_sysbios_family_arm_cc26xx_Timer_setThreshold__I 
*          0    000014b8    00000004     
                  000014b8    00000004     app_ble_pem3.oem3 (.const:ti_sysbios_rom_ROM_ti_sysbios_family_arm_cc26xx_Timer_setThreshold__I)

.const:ti_sysbios_rom_ROM_ti_sysbios_family_arm_cc26xx_Timer_start__E 
*          0    000014bc    00000004     
                  000014bc    00000004     app_ble_pem3.oem3 (.const:ti_sysbios_rom_ROM_ti_sysbios_family_arm_cc26xx_Timer_start__E)

.const:ti_sysbios_rom_ROM_ti_sysbios_family_arm_cc26xx_TimestampProvider_get32__E 
*          0    000014c0    00000004     
                  000014c0    00000004     app_ble_pem3.oem3 (.const:ti_sysbios_rom_ROM_ti_sysbios_family_arm_cc26xx_TimestampProvider_get32__E)

.const:ti_sysbios_rom_ROM_xdc_runtime_Startup_getState__I 
*          0    000014c4    00000004     
                  000014c4    00000004     app_ble_pem3.oem3 (.const:ti_sysbios_rom_ROM_xdc_runtime_Startup_getState__I)

.const:ti_sysbios_rom_ROM_xdc_runtime_System_SupportProxy_abort__E 
*          0    000014c8    00000004     
                  000014c8    00000004     app_ble_pem3.oem3 (.const:ti_sysbios_rom_ROM_xdc_runtime_System_SupportProxy_abort__E)

.const:ti_sysbios_rom_ROM_xdc_runtime_System_SupportProxy_exit__E 
*          0    000014cc    00000004     
                  000014cc    00000004     app_ble_pem3.oem3 (.const:ti_sysbios_rom_ROM_xdc_runtime_System_SupportProxy_exit__E)

.const:ti_sysbios_gates_GateMutex_Instance_State_sem__O 
*          0    000014d0    00000004     
                  000014d0    00000004     app_ble_pem3.oem3 (.const:ti_sysbios_gates_GateMutex_Instance_State_sem__O)

.const:ti_sysbios_knl_Clock_Module_State_clockQ__O 
*          0    000014d4    00000004     
                  000014d4    00000004     app_ble_pem3.oem3 (.const:ti_sysbios_knl_Clock_Module_State_clockQ__O)

.const:ti_sysbios_knl_Mailbox_Instance_State_dataQue__O 
*          0    000014d8    00000004     
                  000014d8    00000004     app_ble_pem3.oem3 (.const:ti_sysbios_knl_Mailbox_Instance_State_dataQue__O)

.const:ti_sysbios_knl_Mailbox_Instance_State_dataSem__O 
*          0    000014dc    00000004     
                  000014dc    00000004     app_ble_pem3.oem3 (.const:ti_sysbios_knl_Mailbox_Instance_State_dataSem__O)

.const:ti_sysbios_knl_Mailbox_Instance_State_freeQue__O 
*          0    000014e0    00000004     
                  000014e0    00000004     app_ble_pem3.oem3 (.const:ti_sysbios_knl_Mailbox_Instance_State_freeQue__O)

.const:ti_sysbios_knl_Mailbox_Instance_State_freeSem__O 
*          0    000014e4    00000004     
                  000014e4    00000004     app_ble_pem3.oem3 (.const:ti_sysbios_knl_Mailbox_Instance_State_freeSem__O)

.const:ti_sysbios_knl_Semaphore_Instance_State_pendQ__O 
*          0    000014e8    00000004     
                  000014e8    00000004     app_ble_pem3.oem3 (.const:ti_sysbios_knl_Semaphore_Instance_State_pendQ__O)

.const:ti_sysbios_knl_Task_Module_State_inactiveQ__O 
*          0    000014ec    00000004     
                  000014ec    00000004     app_ble_pem3.oem3 (.const:ti_sysbios_knl_Task_Module_State_inactiveQ__O)

.cinit     0    0000d088    00000500     
                  0000d088    000003c7     (.cinit..data.load) [load image, compression = lzss]
                  0000d44f    0000002a     (.cinit..data:ti_sysbios_family_arm_m3_Hwi_Module__state__V.load) [load image, compression = lzss]
                  0000d479    00000021     (.cinit..data:ti_sysbios_knl_Task_Module__state__V.load) [load image, compression = lzss]
                  0000d49a    0000001f     (.cinit..data:ti_sysbios_BIOS_Module__state__V.load) [load image, compression = lzss]
                  0000d4b9    0000001d     (.cinit..data:ti_sysbios_knl_Clock_Module__state__V.load) [load image, compression = lzss]
                  0000d4d6    00000010     (.cinit..data:ti_sysbios_knl_Swi_Module__state__V.load) [load image, compression = lzss]
                  0000d4e6    00000002     --HOLE-- [fill = 0]
                  0000d4e8    0000000c     (__TI_handler_table)
                  0000d4f4    0000000b     (.cinit..data:ti_sysbios_family_arm_cc26xx_Timer_Module__state__V.load) [load image, compression = lzss]
                  0000d4ff    00000001     --HOLE-- [fill = 0]
                  0000d500    00000008     (.cinit..bss.load) [load image, compression = zero_init]
                  0000d508    00000008     (.cinit..data:xdc_runtime_Memory_Module__state__V.load) [load image, compression = lzss]
                  0000d510    00000007     (.cinit..data:ti_sysbios_family_arm_cc26xx_TimestampProvider_Module__state__V.load) [load image, compression = lzss]
                  0000d517    00000007     (.cinit..data:xdc_runtime_Startup_Module__state__V.load) [load image, compression = lzss]
                  0000d51e    00000007     (.cinit..data:xdc_runtime_System_Module__state__V.load) [load image, compression = lzss]
                  0000d525    00000003     --HOLE-- [fill = 0]
                  0000d528    00000060     (__TI_cinit_table)

.ccfg      0    0001ffa8    00000058     
                  0001ffa8    00000058     ccfg_app_ble.obj (.ccfg:retain)

.vecs      0    20000000    000000c8     NOLOAD SECTION
                  20000000    000000c8     app_ble_pem3.oem3 (.vecs)

.data:ti_sysbios_knl_Task_Module__state__V 
*          0    20000100    00000044     UNINITIALIZED
                  20000100    00000044     app_ble_pem3.oem3 (.data:ti_sysbios_knl_Task_Module__state__V)

.data:ti_sysbios_family_arm_m3_Hwi_Module__state__V 
*          0    20000144    00000034     UNINITIALIZED
                  20000144    00000034     app_ble_pem3.oem3 (.data:ti_sysbios_family_arm_m3_Hwi_Module__state__V)

.data:ti_sysbios_knl_Clock_Module__state__V 
*          0    20000178    0000002c     UNINITIALIZED
                  20000178    0000002c     app_ble_pem3.oem3 (.data:ti_sysbios_knl_Clock_Module__state__V)

.data:ti_sysbios_BIOS_Module__state__V 
*          0    200001a4    00000024     UNINITIALIZED
                  200001a4    00000024     app_ble_pem3.oem3 (.data:ti_sysbios_BIOS_Module__state__V)

.data:ti_sysbios_knl_Swi_Module__state__V 
*          0    200001c8    0000001c     UNINITIALIZED
                  200001c8    0000001c     app_ble_pem3.oem3 (.data:ti_sysbios_knl_Swi_Module__state__V)

.data:ti_sysbios_family_arm_cc26xx_Timer_Module__state__V 
*          0    200001e4    00000008     UNINITIALIZED
                  200001e4    00000008     app_ble_pem3.oem3 (.data:ti_sysbios_family_arm_cc26xx_Timer_Module__state__V)

.data:ti_sysbios_family_arm_cc26xx_TimestampProvider_Module__state__V 
*          0    200001ec    00000004     UNINITIALIZED
                  200001ec    00000004     app_ble_pem3.oem3 (.data:ti_sysbios_family_arm_cc26xx_TimestampProvider_Module__state__V)

.data:xdc_runtime_Startup_Module__state__V 
*          0    200001f0    00000008     UNINITIALIZED
                  200001f0    00000008     app_ble_pem3.oem3 (.data:xdc_runtime_Startup_Module__state__V)

.data:xdc_runtime_System_Module__state__V 
*          0    200001f8    00000008     UNINITIALIZED
                  200001f8    00000008     app_ble_pem3.oem3 (.data:xdc_runtime_System_Module__state__V)

.data:xdc_runtime_Memory_Module__state__V 
*          0    20000200    00000004     UNINITIALIZED
                  20000200    00000004     app_ble_pem3.oem3 (.data:xdc_runtime_Memory_Module__state__V)

.bootVecs 
*          0    00000000    00000008     DSECT
                  00000000    00000008     boot.aem3 : boot.oem3 (.bootVecs)

xdc.meta   0    00000000    00000107     COPY SECTION
                  00000000    00000107     app_ble_pem3.oem3 (xdc.meta)

xdc.noload 
*          0    00000000    00000000     COPY SECTION

.init_array 
*          0    00000000    00000000     UNINITIALIZED

.text.4    0    000014f0    0000a88c     
                  000014f0    00002164     rf_multiMode_cc13x0.arm3 : RFCC26XX_multiMode.orm3 (.text)
                  00003654    000010f2     rtsv7M3_T_le_eabi.lib : _printfi.obj (.text)
                  00004746    00000002     Adafruit_GFX.obj (.text:AdafruitGFX_startwrite)
                  00004748    00000500     driverlib.lib : setup.obj (.text:TrimAfterColdResetWakeupFromShutDown$52)
                  00004c48    00000488     simple_peripheral.obj (.text:SimpleBLEPeripheral_taskFxn$5)
                  000050d0    00000248     peripheral.obj (.text:GAPRole_SetParameter)
                  00005318    00000228     driverlib.lib : sys_ctrl.obj (.text:NOROM_SysCtrlSetRechargeBeforePowerDown)
                  00005540    00000224     drivers_cc13x0.aem3 : PowerCC26XX.oem3 (.text:Power_sleep)
                  00005764    000001f4     rtsv7M3_T_le_eabi.lib : ull_div_t2.obj (.text)
                  00005958    000001e4     Adafruit_GFX.obj (.text:AdafruitGFX_drawChar)
                  00005b3c    000001d4     Adafruit_SSD1306.obj (.text:AdafruitSSD1306_drawFastHLine)
                  00005d10    000001d0     Adafruit_SSD1306.obj (.text:AdafruitSSD1306_drawFastVLine)
                  00005ee0    000001bc     drivers_cc13x0.aem3 : PINCC26XX.oem3 (.text:PIN_init)
                  0000609c    000001b6     rtsv7M3_T_le_eabi.lib : fd_add_t2.obj (.text)
                  00006252    00000002     ble_user_config.obj (.text:DefaultAssertCback)
                  00006254    00000190     drivers_cc13x0.aem3 : PowerCC26XX_calibrateRCOSC.oem3 (.text:PowerCC26XX_doCalibrate)
                  000063e4    00000154                         : I2CCC26XX.oem3 (.text:I2CCC26XX_open)
                  00006538    00000136     rtsv7M3_T_le_eabi.lib : fd_div_t2.obj (.text)
                  0000666e    00000002     drivers_cc13x0.aem3 : PowerCC26XX.oem3 (.text:emptyClockFunc)
                  00006670    00000120     peripheral.obj (.text:GAPRole_GetParameter)
                  00006790    0000011c     driverlib.lib : setup.obj (.text:NOROM_SetupTrimDevice)
                  000068ac    00000118     main.obj (.text:main)
                  000069c4    00000114     drivers_cc13x0.aem3 : PowerCC26XX.oem3 (.text:Power_init)
                  00006ad8    00000114     wearableDevice.obj (.text:wearableDevice_init)
                  00006bec    00000110     drivers_cc13x0.aem3 : I2CCC26XX.oem3 (.text:I2CCC26XX_hwiFxn)
                  00006cfc    00000106     icall.obj (.text:ICall_primWaitMatch$12)
                  00006e02    000000fc     rtsv7M3_T_le_eabi.lib : fd_mul_t2.obj (.text)
                  00006efe    00000002     rom_sysbios.aem3 : rom_sysbios.obj (.text:ti_sysbios_BIOS_linkedWithIncorrectBootLibrary__E)
                  00006f00    000000f0     drivers_cc13x0.aem3 : GPIOCC26XX.oem3 (.text:GPIO_setConfig)
                  00006ff0    000000f0     simple_peripheral.obj (.text:SimpleBLEPeripheral_processStateChangeEvt$5)
                  000070e0    000000e8     rom_sysbios.aem3 : rom_sysbios.obj (.text:ti_sysbios_knl_Event_pend__E)
                  000071c8    000000e4     dpl_cc13x0.aem3 : PowerCC26XX_tirtos.oem3 (.text:PowerCC26XX_standbyPolicy)
                  000072ac    000000e0     Adafruit_GFX.obj (.text:AdafruitGFX_write)
                  0000738c    000000dc     drivers_cc13x0.aem3 : PINCC26XX.oem3 (.text:PINCC26XX_setIoCfg)
                  00007468    000000dc     simple_gatt_profile.obj (.text:simpleProfile_WriteAttrCB$20)
                  00007544    000000d8     driverlib.lib : rfc.obj (.text:NOROM_RFCRfTrimRead)
                  0000761c    000000d8     wearableDevice.obj (.text:mainClockTaskStructFunction)
                  000076f4    000000d4     driverlib.lib : rfc.obj (.text:NOROM_RFCOverrideUpdate)
                  000077c8    000000d2     Adafruit_GFX.obj (.text:AdafruitGFX_writeLine)
                  0000789a    00000002     app_ble_pem3.oem3 (.text:ti_sysbios_BIOS_nullFunc__I)
                  0000789c    000000d0     Adafruit_SSD1306.obj (.text:AdafruitSSD1306_drawPixel)
                  0000796c    000000d0     rtsv7M3_T_le_eabi.lib : s_scalbn.obj (.text)
                  00007a3c    000000c0     drivers_cc13x0.aem3 : I2CCC26XX.oem3 (.text:I2CCC26XX_transfer)
                  00007afc    000000c0     simple_gatt_profile.obj (.text:SimpleProfile_SetParameter)
                  00007bbc    000000bc     drivers_cc13x0.aem3 : GPIOCC26XX.oem3 (.text:GPIO_init)
                  00007c78    000000bc                         : PowerCC26XX.oem3 (.text:Power_releaseDependency)
                  00007d34    000000b4                         : PowerCC26XX.oem3 (.text:Power_setDependency)
                  00007de8    000000b0     devinfoservice.obj (.text:devInfo_ReadAttrCB$16)
                  00007e98    000000a4     drivers_cc13x0.aem3 : PowerCC26XX.oem3 (.text:switchXOSCHFclockFunc)
                  00007f3c    000000a0     TRNGCC26XX.obj (.text:TRNGCC26XX_getNumber)
                  00007fdc    000000a0     auto_init.aem3 : auto_init.oem3 (.text)
                  0000807c    0000009c     rtsv7M3_T_le_eabi.lib : memcpy_t2.obj (.text)
                  00008118    00000098     drivers_cc13x0.aem3 : PINCC26XX.oem3 (.text:PIN_open)
                  000081b0    00000098     rom_sysbios.aem3 : rom_sysbios.obj (.text:ti_sysbios_knl_Clock_workFuncDynamic__E)
                  00008248    00000094     icall.obj (.text:ICall_primSetTimer$12)
                  000082dc    00000090     Adafruit_GFX.obj (.text:AdafruitGFX_drawBitmap)
                  0000836c    00000090     drivers_cc13x0.aem3 : I2CCC26XX.oem3 (.text:I2CCC26XX_cancel)
                  000083fc    0000008c                         : I2CCC26XX.oem3 (.text:I2CCC26XX_primeTransfer)
                  00008488    00000088     driverlib.lib : osc.obj (.text:NOROM_OSCHF_GetStartupTime)
                  00008510    00000088     gattservapp_util.obj (.text:gattServApp_SendNotiInd$18)
                  00008598    00000086     rtsv7M3_T_le_eabi.lib : fd_cmp_t2.obj (.text:__aeabi_cdcmple)
                  0000861e    00000086                           : fd_cmp_t2.obj (.text:__aeabi_cdrcmple)
                  000086a4    00000084     icall.obj (.text:ICall_heapMalloc)
                  00008728    0000007a     rtsv7M3_T_le_eabi.lib : memset_t2.obj (.text)
                  000087a2    00000002     rom_sysbios.aem3 : rom_sysbios.obj (.text:ti_sysbios_knl_Clock_triggerFunc__I)
                  000087a4    00000078     simple_peripheral.obj (.text:SimpleBLEPeripheral_enqueueMsg$5)
                  0000881c    00000074     icall_cc2650.obj (.text:ICallPlatform_pwrUpdActivityCounter)
                  00008890    00000074     icall.obj (.text:ICall_primSend$12)
                  00008904    00000074     rom_sysbios.aem3 : rom_sysbios.obj (.text:ti_sysbios_family_arm_cc26xx_Timer_start__E)
                  00008978    00000070                      : rom_sysbios.obj (.text:ti_sysbios_knl_Event_post__E)
                  000089e8    0000006c     icall.obj (.text:ICall_createRemoteTasks)
                  00008a54    0000006c     drivers_cc13x0.aem3 : PowerCC26XX_calibrateRCOSC.oem3 (.text:PowerCC26XX_initiateCalibration)
                  00008ac0    00000068     Adafruit_SSD1306.obj (.text:AdafruitSSD1306_displayPage)
                  00008b28    00000068     drivers_cc13x0.aem3 : I2CCC26XX.oem3 (.text:I2CCC26XX_close)
                  00008b90    00000068     driverlib.lib : sys_ctrl.obj (.text:NOROM_SysCtrlAdjustRechargeAfterPowerDown)
                  00008bf8    00000068                   : sys_ctrl.obj (.text:NOROM_SysCtrl_DCDC_VoltageConditionalControl)
                  00008c60    00000068     rtsv7M3_T_le_eabi.lib : copy_decompress_lzss.obj (.text:decompress:lzss)
                  00008cc8    00000068     drivers_cc13x0.aem3 : PowerCC26XX.oem3 (.text:lfClockReadyCallback)
                  00008d30    00000064     driverlib.lib : osc.obj (.text:NOROM_OSCHF_AttemptToSwitchToXosc)
                  00008d94    00000064     drivers_cc13x0.aem3 : PINCC26XX.oem3 (.text:PIN_add)
                  00008df8    00000064                         : PowerCC26XX.oem3 (.text:configureXOSCHF)
                  00008e5c    00000064     wearableDevice.obj (.text:gpioButtonFxn0)
                  00008ec0    00000060     icall.obj (.text:ICall_primEnroll$12)
                  00008f20    00000060     driverlib.lib : osc.obj (.text:NOROM_OSCClockSourceSet)
                  00008f80    0000005c     icall.obj (.text:ICall_primThreadServes$12)
                  00008fdc    0000005c     drivers_cc13x0.aem3 : PowerCC26XX_calibrateRCOSC.oem3 (.text:PowerCC26XX_RCOSC_clockFunc)
                  00009038    0000005c                         : PowerCC26XX.oem3 (.text:PowerCC26XX_calibrate)
                  00009094    0000005c     rtsv7M3_T_le_eabi.lib : s_frexp.obj (.text)
                  000090f0    0000005c     simple_gatt_profile.obj (.text:simpleProfile_ReadAttrCB$20)
                  0000914c    0000005c     app_ble_pem3.oem3 (.text:xdc_runtime_Startup_getState__I)
                  000091a8    00000058     drivers_cc13x0.aem3 : I2CCC26XX.oem3 (.text:I2CCC26XX_swiFxn)
                  00009200    00000058                         : PINCC26XX.oem3 (.text:PIN_remove)
                  00009258    00000054     icall.obj (.text:ICall_primFetchMsg$12)
                  000092ac    00000054     rtsv7M3_T_le_eabi.lib : exit.obj (.text)
                  00009300    00000054                           : ltoa.obj (.text)
                  00009354    00000052     icall.obj (.text:ICall_primWait$12)
                  000093a6    00000052     rtsv7M3_T_le_eabi.lib : sprintf.obj (.text)
                  000093f8    00000050     Adafruit_GFX.obj (.text:AdafruitGFX_drawLine)
                  00009448    00000050     icall_api.obj (.text:GAP_UpdateAdvertisingData)
                  00009498    00000050     i2ctransfer.obj (.text:I2c_WriteRegister)
                  000094e8    00000050     icall.obj (.text:ICall_primRegisterApp$12)
                  00009538    00000050     wearableDevice.obj (.text:pedometer_measurement)
                  00009588    00000050     wearableDevice.obj (.text:primaryTaskStructFunction)
                  000095d8    0000004c     drivers_cc13x0.aem3 : I2CCC26XX.oem3 (.text:I2CCC26XX_initHw)
                  00009624    0000004c     icall.obj (.text:ICall_newTask$12)
                  00009670    0000004c     icall.obj (.text:ICall_primGetEntityId$12)
                  000096bc    0000004c     drivers_cc13x0.aem3 : GPIOCC26XX.oem3 (.text:powerPostNotify)
                  00009708    0000004c     rtsv7M3_T_le_eabi.lib : atoi.obj (.text)
                  00009754    0000004c                           : cpy_tbl.obj (.text)
                  000097a0    00000048     Adafruit_GFX.obj (.text:AdafruitGFX_drawRect)
                  000097e8    00000048     Adafruit_SSD1306.obj (.text:AdafruitSSD1306_display)
                  00009830    00000048     dpl_cc13x0.aem3 : ClockP_tirtos.oem3 (.text:ClockP_construct)
                  00009878    00000048     peripheral.obj (.text:GAPRole_TerminateConnection)
                  000098c0    00000048     util.obj (.text:Util_constructClock)
                  00009908    00000048     icall_api.obj (.text:gattIndNoti$15)
                  00009950    00000048     rtsv7M3_T_le_eabi.lib : fd_toi_t2.obj (.text)
                  00009998    00000044     main.obj (.text:AssertHandler)
                  000099dc    00000044     bigtime.obj (.text:Clock_setMonth)
                  00009a20    00000044     i2ctransfer.obj (.text:I2c_WriteByte)
                  00009a64    00000044     simple_gatt_profile.obj (.text:SimpleProfile_GetParameter)
                  00009aa8    00000044     boot.aem3 : boot.oem3 (.text)
                  00009aec    00000044     icall_api.obj (.text:gapSendParamAndPtrCmd$15)
                  00009b30    00000044     drivers_cc13x0.aem3 : PowerCC26XX.oem3 (.text:notify)
                  00009b74    00000042     icall.obj (.text:ICall_primCreateTask$12)
                  00009bb6    00000002     app_ble_pem3.oem3 (.text:ti_sysbios_rom_cortexm_cc13xx_CC13xx_badRomRevision__E)
                  00009bb8    00000040     peripheral.obj (.text:GAPRole_createTask)
                  00009bf8    00000040     drivers_cc13x0.aem3 : GPIOCC26XX.oem3 (.text:GPIO_enableInt)
                  00009c38    00000040                         : I2C.oem3 (.text:I2C_init)
                  00009c78    00000040                         : I2C.oem3 (.text:I2C_open)
                  00009cb8    00000040                         : PINCC26XX.oem3 (.text:PIN_swi)
                  00009cf8    00000040     rom_sysbios.aem3 : rom_sysbios.obj (.text:ti_sysbios_family_arm_cc26xx_Timer_setThreshold__I)
                  00009d38    0000003e     dpl_cc13x0.aem3 : HwiP_tirtos.oem3 (.text:HwiP_construct)
                  00009d76    0000003e     icall_api.obj (.text:hciSendParamsCmd$15)
                  00009db4    0000003c     icall_api.obj (.text:GAP_GetParamValue)
                  00009df0    0000003c     icall_api.obj (.text:GATTServApp_RegisterService)
                  00009e2c    0000003c     icall_cc2650.obj (.text:ICallPlatform_pwrConfigACAction)
                  00009e68    0000003c     icall.obj (.text:ICall_primFetchServiceMsg$12)
                  00009ea4    0000003c     driverlib.lib : osc.obj (.text:NOROM_OSC_HPOSCRelativeFrequencyOffsetGet)
                  00009ee0    0000003c                   : rfc.obj (.text:NOROM_RFCSynthPowerDown)
                  00009f1c    0000003c     drivers_cc13x0.aem3 : PowerCC26XX.oem3 (.text:PowerCC26XX_isStableXOSC_HF)
                  00009f58    0000003c     simple_peripheral.obj (.text:SimpleBLEPeripheral_createTask)
                  00009f94    0000003c     dpl_cc13x0.aem3 : SwiP_tirtos.oem3 (.text:SwiP_construct)
                  00009fd0    0000003c     drivers_cc13x0.aem3 : PowerCC26XX.oem3 (.text:disableLfClkQualifiersEnableClkLoss)
                  0000a00c    0000003c     icall_api.obj (.text:profileSetParameter$15)
                  0000a048    0000003c     icall_api.obj (.text:sendWaitMatchCS$15)
                  0000a084    0000003c     icall_api.obj (.text:sendWaitMatchValueCS$15)
                  0000a0c0    0000003c     rom_sysbios.aem3 : rom_sysbios.obj (.text:ti_sysbios_family_arm_m3_Hwi_construct2__E)
                  0000a0fc    00000038     icall.obj (.text:ICall_primGetMaxMSecs$12)
                  0000a134    00000038     drivers_cc13x0.aem3 : PINCC26XX.oem3 (.text:PIN_setOutputValue)
                  0000a16c    00000038     util.obj (.text:Util_restartClock)
                  0000a1a4    00000038     icall_api.obj (.text:registerTask$15)
                  0000a1dc    00000038     rom_sysbios.aem3 : rom_sysbios.obj (.text:ti_sysbios_family_arm_cc26xx_Seconds_get__E)
                  0000a214    00000038                      : rom_sysbios.obj (.text:ti_sysbios_family_arm_cc26xx_Timer_getCurrentTick__E)
                  0000a24c    00000036     icall_api.obj (.text:waitMatchCS$15)
                  0000a282    00000002     rom_sysbios.aem3 : rom_sysbios.obj (.text:xdc_runtime_SysCallback_defaultAbort)
                  0000a284    00000034     icall_api.obj (.text:GAPBondMgr_SetParameter)
                  0000a2b8    00000034     icall_api.obj (.text:GAP_SetParamValue)
                  0000a2ec    00000034     drivers_cc13x0.aem3 : GPIOCC26XX.oem3 (.text:GPIO_setCallback)
                  0000a320    00000034                         : GPIOCC26XX.oem3 (.text:GPIO_toggle)
                  0000a354    00000034     icall.obj (.text:ICall_dispatch$12)
                  0000a388    00000034     icall.obj (.text:ICall_primEntityId2ServiceId$12)
                  0000a3bc    00000034     icall.obj (.text:ICall_primRegisterISR$12)
                  0000a3f0    00000034     icall.obj (.text:ICall_primRegisterISR_Ext$12)
                  0000a424    00000034     icall.obj (.text:ICall_searchServiceEntity)
                  0000a458    00000034     driverlib.lib : ddi.obj (.text:NOROM_DDI32RegWrite)
                  0000a48c    00000034                   : osc.obj (.text:NOROM_OSCHF_SwitchToRcOscTurnOffXosc)
                  0000a4c0    00000034     drivers_cc13x0.aem3 : PINCC26XX.oem3 (.text:PIN_setConfig)
                  0000a4f4    00000034                         : PowerCC26XX.oem3 (.text:Power_releaseConstraint)
                  0000a528    00000034     icall_api.obj (.text:osal_snv_read)
                  0000a55c    00000034     icall_api.obj (.text:osal_snv_write)
                  0000a590    00000034     dvMMA9553.obj (.text:pedometer_Read)
                  0000a5c4    00000034     icall_api.obj (.text:profileAddService$15)
                  0000a5f8    00000034     rom_sysbios.aem3 : rom_sysbios.obj (.text:ti_sysbios_family_arm_cc26xx_Timer_initDevice__I)
                  0000a62c    00000034                      : rom_sysbios.obj (.text:ti_sysbios_knl_Swi_setPri__E)
                  0000a660    00000032     icall_api.obj (.text:gapSendParamsCmd$15)
                  0000a692    00000032     icall_api.obj (.text:gapSendPtrParamsCmd$15)
                  0000a6c4    00000032     icall_api.obj (.text:matchGapSetGetParamCS$15)
                  0000a6f6    00000032     icall_api.obj (.text:matchGattCmdStatus$15)
                  0000a728    00000032     icall_api.obj (.text:matchUtilNvCS$15)
                  0000a75a    00000032     rom_sysbios.aem3 : rom_sysbios.obj (.text:ti_sysbios_family_arm_cc26xx_Timer_setNextTick__E)
                  0000a78c    00000030     Adafruit_GFX.obj (.text:AdafruitGFX_setRotation)
                  0000a7bc    00000030     icall_cc2650.obj (.text:ICallPlatform_pwrNotify$13)
                  0000a7ec    00000030     icall_cc2650.obj (.text:ICallPlatform_pwrRegisterNotify)
                  0000a81c    00000030     icall.obj (.text:ICall_msecs2Ticks$12)
                  0000a84c    00000030     icall.obj (.text:ICall_searchTask$12)
                  0000a87c    00000030     driverlib.lib : setup_rom.obj (.text:NOROM_SetupSetAonRtcSubSecInc)
                  0000a8ac    00000030                   : trng.obj (.text:NOROM_TRNGConfigure)
                  0000a8dc    00000030     drivers_cc13x0.aem3 : PowerCC26XX.oem3 (.text:Power_setConstraint)
                  0000a90c    00000030     app_ble_pem3.oem3 (.text:ti_sysbios_BIOS_atExitFunc__I)
                  0000a93c    00000030     app_ble_pem3.oem3 (.text:ti_sysbios_BIOS_startFunc__I)
                  0000a96c    0000002e     icall_cc2650.obj (.text:ICallPlatform_pwrDispenseImpl$13)
                  0000a99a    0000002e     icall_cc2650.obj (.text:ICallPlatform_pwrRequireImpl$13)
                  0000a9c8    0000002e     rtsv7M3_T_le_eabi.lib : i_tofd_t2.obj (.text)
                  0000a9f6    00000002     rom_sysbios.aem3 : rom_sysbios.obj (.text:xdc_runtime_SysCallback_defaultExit)
                  0000a9f8    0000002c     icall_api.obj (.text:HCI_EXT_ConnEventNoticeCmd)
                  0000aa24    0000002c     icall.obj (.text:ICall_heapFree)
                  0000aa50    0000002c     icall.obj (.text:ICall_msgEnqueue$12)
                  0000aa7c    0000002c     icall.obj (.text:ICall_primAllocMsg$12)
                  0000aaa8    0000002c     icall_api.obj (.text:ICall_sendServiceMsg$15)
                  0000aad4    0000002c     driverlib.lib : chipinfo.obj (.text:NOROM_ChipInfo_GetChipType)
                  0000ab00    0000002c                   : osc.obj (.text:NOROM_OSCClockSourceGet)
                  0000ab2c    0000002c                   : rfc.obj (.text:NOROM_RFCCPEPatchReset)
                  0000ab58    0000002c     drivers_cc13x0.aem3 : PINCC26XX.oem3 (.text:PINCC26XX_setMux)
                  0000ab84    0000002c     dpl_cc13x0.aem3 : SemaphoreP_tirtos.oem3 (.text:SemaphoreP_constructBinary)
                  0000abb0    0000002c                     : SemaphoreP_tirtos.oem3 (.text:SemaphoreP_createBinary)
                  0000abdc    0000002c     simple_peripheral.obj (.text:SimpleBLEPeripheral_freeAttRsp$5)
                  0000ac08    0000002c     icall_api.obj (.text:hciSendCmd$15)
                  0000ac34    0000002c     icall_api.obj (.text:matchProfileAddServiceCS$15)
                  0000ac60    0000002c     rom_sysbios.aem3 : rom_sysbios.obj (.text:ti_sysbios_knl_Clock_getTicksUntilInterrupt__E)
                  0000ac8c    0000002c     app_ble_pem3.oem3 (.text:ti_sysbios_knl_Event_construct)
                  0000acb8    0000002c     rom_sysbios.aem3 : rom_sysbios.obj (.text:ti_sysbios_knl_Event_pendTimeout__I)
                  0000ace4    0000002a     Adafruit_GFX.obj (.text:AdafruitGFX_fillRect)
                  0000ad0e    0000002a     icall_api.obj (.text:ICall_waitMatch$15)
                  0000ad38    0000002a     icall_api.obj (.text:matchProfileCS$15)
                  0000ad62    0000002a     rom_sysbios.aem3 : rom_sysbios.obj (.text:ti_sysbios_knl_Clock_getTimeout__E)
                  0000ad8c    00000028     driverlib.lib : aon_batmon.obj (.text:NOROM_AONBatMonTemperatureGetDegC)
                  0000adb4    00000028                   : rfc.obj (.text:NOROM_RFCDoorbellSendTo)
                  0000addc    00000028     drivers_cc13x0.aem3 : PowerCC26XX.oem3 (.text:Power_registerNotify)
                  0000ae04    00000028     driverlib.lib : adi.obj (.text:SafeHapiVoid)
                  0000ae2c    00000028     TRNGCC26XX.obj (.text:TRNGCC26XX_init)
                  0000ae54    00000028     WDsDisplay.obj (.text:WDsDisplay__clear_character)
                  0000ae7c    00000024     drivers_cc13x0.aem3 : GPIOCC26XX.oem3 (.text:GPIO_hwiIntFxn)
                  0000aea0    00000024     icall_api.obj (.text:ICall_getLocalMsgEntityId$15)
                  0000aec4    00000024     main.obj (.text:rFSwitchNotifyCb$23)
                  0000aee8    00000024     app_ble_pem3.oem3 (.text:ti_sysbios_BIOS_registerRTSLock__I)
                  0000af0c    00000024     app_ble_pem3.oem3 (.text:ti_sysbios_BIOS_removeRTSLock__I)
                  0000af30    00000024     rom_sysbios.aem3 : rom_sysbios.obj (.text:ti_sysbios_family_arm_cc26xx_Timer_getMaxTicks__E)
                  0000af54    00000022     drivers_cc13x0.aem3 : List.oem3 (.text:List_put)
                  0000af76    00000020     icall_api.obj (.text:ICall_allocMsg$15)
                  0000af96    00000020     icall_api.obj (.text:ICall_getEntityId$15)
                  0000afb6    00000002     --HOLE-- [fill = 0]
                  0000afb8    00000020     icall.obj (.text:ICall_primService$12)
                  0000afd8    00000020     driverlib.lib : rfc.obj (.text:NOROM_RFCAdi3VcoLdoVoltageMode)
                  0000aff8    00000020     dpl_cc13x0.aem3 : PowerCC26XX_tirtos.oem3 (.text:PowerCC26XX_schedulerDisable)
                  0000b018    00000020                     : PowerCC26XX_tirtos.oem3 (.text:PowerCC26XX_schedulerRestore)
                  0000b038    00000020     drivers_cc13x0.aem3 : PowerCC26XX.oem3 (.text:Power_unregisterNotify)
                  0000b058    00000020     gattservapp_util.obj (.text:gattServApp_FindCharCfgItem$18)
                  0000b078    00000020     dvMMA9553.obj (.text:pedometer_write_config)
                  0000b098    00000020     app_ble_pem3.oem3 (.text:ti_sysbios_BIOS_rtsLock__I)
                  0000b0b8    00000008     (.tramp.ti_sysbios_BIOS_RtsGateProxy_enter__E.1)
                  0000b0c0    00000020     rom_sysbios.aem3 : rom_sysbios.obj (.text:ti_sysbios_family_arm_cc26xx_Timer_dynamicStub__E)
                  0000b0e0    00000020                      : rom_sysbios.obj (.text:ti_sysbios_knl_Clock_stop__E)
                  0000b100    00000020                      : rom_sysbios.obj (.text:ti_sysbios_knl_Event_checkEvents__I)
                  0000b120    0000001e     icall.obj (.text:ICall_primSendServiceMsg$12)
                  0000b13e    0000001e     drivers_cc13x0.aem3 : PINCC26XX.oem3 (.text:PIN_close)
                  0000b15c    0000001e                         : PowerCC26XX.oem3 (.text:Power_getTransitionLatency)
                  0000b17a    0000001e     icall_api.obj (.text:matchHciCS$15)
                  0000b198    0000001c     Adafruit_GFX.obj (.text:AdafruitGFX_fillScreen)
                  0000b1b4    0000001c     driverlib.lib : chipinfo.obj (.text:NOROM_ChipInfo_GetChipFamily)
                  0000b1d0    0000001c     drivers_cc13x0.aem3 : PINCC26XX.oem3 (.text:PINCC26XX_setIoCfgMux)
                  0000b1ec    0000001c                         : PINCC26XX.oem3 (.text:PIN_hwi)
                  0000b208    0000001c     TRNGCC26XX.obj (.text:TRNGCC26XX_open)
                  0000b224    0000001c     icall_api.obj (.text:getStatusValueFromErrNo$15)
                  0000b240    0000001c     TRNGCC26XX.obj (.text:openTRNG)
                  0000b25c    0000001c     rom_sysbios.aem3 : rom_sysbios.obj (.text:ti_sysbios_knl_Swi_construct2__E)
                  0000b278    00000008     (.tramp.ti_sysbios_knl_Swi_construct.1)
                  0000b280    0000001a     icall.obj (.text:ICall_enterCSImpl)
                  0000b29a    0000001a     icall.obj (.text:ICall_primSetTimerMSecs$12)
                  0000b2b4    0000001a     icall_api.obj (.text:matchGattIndNotiCS$15)
                  0000b2ce    00000002     --HOLE-- [fill = 0]
                  0000b2d0    00000018     icall_api.obj (.text:GATT_bm_free)
                  0000b2e8    00000018     icall_cc2650.obj (.text:ICallPlatform_pwrDispense)
                  0000b300    00000018     icall_cc2650.obj (.text:ICallPlatform_pwrRequire)
                  0000b318    00000018     util.obj (.text:ICall_free$6)
                  0000b330    00000018     icall_api.obj (.text:ICall_freeMsg$15)
                  0000b348    00000018     simple_peripheral.obj (.text:ICall_freeMsg$5)
                  0000b360    00000018     icall.obj (.text:ICall_primMalloc$12)
                  0000b378    00000018     driverlib.lib : aon_rtc.obj (.text:NOROM_AONRTCCurrentCompareValueGet)
                  0000b390    00000018                   : chipinfo.obj (.text:NOROM_ChipInfo_GetPackageType)
                  0000b3a8    00000018                   : osc.obj (.text:NOROM_OSCHF_TurnOnXosc)
                  0000b3c0    00000018                   : rfc.obj (.text:NOROM_RFCCpeIntGetAndClear)
                  0000b3d8    00000018                   : rfc.obj (.text:NOROM_RFCHWIntGetAndClear)
                  0000b3f0    00000018     drivers_cc13x0.aem3 : PowerCC26XX.oem3 (.text:Power_idleFunc)
                  0000b408    00000018                         : PowerCC26XX.oem3 (.text:configureRFCoreClocks)
                  0000b420    00000018     peripheral.obj (.text:gapRole_setEvent$19)
                  0000b438    00000018     rtsv7M3_T_le_eabi.lib : args_main.obj (.text)
                  0000b450    00000018                           : ll_mul_t2.obj (.text)
                  0000b468    00000018     Adafruit_SSD1306.obj (.text:ssd1306_command)
                  0000b480    00000018     app_ble_pem3.oem3 (.text:ti_sysbios_BIOS_rtsUnlock__I)
                  0000b498    00000008     (.tramp.ti_sysbios_BIOS_RtsGateProxy_leave__E.1)
                  0000b4a0    00000018     rom_sysbios.aem3 : rom_sysbios.obj (.text:ti_sysbios_knl_Swi_or__E)
                  0000b4b8    00000008     (.tramp.ti_sysbios_knl_Swi_post__E.1)
                  0000b4c0    00000018     app_ble_pem3.oem3 (.text:ti_sysbios_rom_cortexm_cc13xx_CC13xx_checkRevision__E)
                  0000b4d8    00000016     icall.obj (.text:ICall_leaveCSImpl)
                  0000b4ee    00000016     icall.obj (.text:ICall_primStopTimer$12)
                  0000b504    00000016     drivers_cc13x0.aem3 : List.oem3 (.text:List_remove)
                  0000b51a    00000016     WDsDisplay.obj (.text:WDsDisplay__Clear_body)
                  0000b530    00000016     ble_user_config.obj (.text:driverTable_fnSpinlock)
                  0000b546    00000016     rtsv7M3_T_le_eabi.lib : strchr.obj (.text)
                  0000b55c    00000016     app_ble_pem3.oem3 (.text:ti_sysbios_BIOS_exitFunc__I)
                  0000b572    00000014     Adafruit_GFX.obj (.text:AdafruitGFX_print)
                  0000b586    00000002     --HOLE-- [fill = 0]
                  0000b588    00000014     Adafruit_SSD1306.obj (.text:AdafruitSSD1306_clearDisplay)
                  0000b59c    00000014     Adafruit_SSD1306.obj (.text:AdafruitSSD1306_fillRect)
                  0000b5b0    00000014     wearableDevice.obj (.text:HienThi_TurnONOFFDisplay)
                  0000b5c4    00000014     driverlib.lib : aon_rtc.obj (.text:NOROM_AONRTCCurrent64BitValueGet)
                  0000b5d8    00000014     simple_peripheral.obj (.text:SimpleBLEPeripheral_clockHandler$5)
                  0000b5ec    00000014     rtsv7M3_T_le_eabi.lib : _lock.obj (.text)
                  0000b600    00000014                           : strlen.obj (.text)
                  0000b614    00000014     icall_api.obj (.text:setICallCmdEvtHdr$15)
                  0000b628    00000014     app_ble_pem3.oem3 (.text:ti_sysbios_knl_Clock_doTick__I)
                  0000b63c    00000008     (.tramp.ti_sysbios_knl_Clock_logTick__E.1)
                  0000b644    00000014     rom_sysbios.aem3 : rom_sysbios.obj (.text:ti_sysbios_knl_Event_Instance_init__E)
                  0000b658    00000012     dpl_cc13x0.aem3 : SemaphoreP_tirtos.oem3 (.text:SemaphoreP_pend)
                  0000b66a    00000012     app_ble_pem3.oem3 (.text:xdc_runtime_Startup_exec__I)
                  0000b67c    00000008     (.tramp.xdc_runtime_Startup_startMods__I.1)
                  0000b684    00000010     Adafruit_GFX.obj (.text:AdafruitGFX_height)
                  0000b694    00000010     Adafruit_GFX.obj (.text:AdafruitGFX_setTextSize)
                  0000b6a4    00000010     Adafruit_GFX.obj (.text:AdafruitGFX_writeFastHLine)
                  0000b6b4    00000010     Adafruit_GFX.obj (.text:AdafruitGFX_writeFastVLine)
                  0000b6c4    00000010     Adafruit_GFX.obj (.text:AdafruitGFX_writePixel)
                  0000b6d4    00000010     Adafruit_SSD1306.obj (.text:AdafruitSSD1306_setCursor)
                  0000b6e4    00000010     Adafruit_SSD1306.obj (.text:AdafruitSSD1306_setTextColor)
                  0000b6f4    00000010     Adafruit_SSD1306.obj (.text:AdafruitSSD1306_setTextSize)
                  0000b704    00000010     dpl_cc13x0.aem3 : ClockP_tirtos.oem3 (.text:ClockP_isActive)
                  0000b714    00000010     icall_api.obj (.text:GAP_EndDiscoverable)
                  0000b724    00000010     dpl_cc13x0.aem3 : HwiP_tirtos.oem3 (.text:HwiP_Params_init)
                  0000b734    00000010     drivers_cc13x0.aem3 : I2C.oem3 (.text:I2C_Params_init)
                  0000b744    00000010     icall_cc2650.obj (.text:ICallPlatform_pwrGetXOSCStartupTime)
                  0000b754    00000010     icall.obj (.text:ICall_primGetTickPeriod$12)
                  0000b764    00000010     icall.obj (.text:ICall_taskEntry$12)
                  0000b774    00000010     driverlib.lib : rfc.obj (.text:NOROM_RFCRfTrimSet)
                  0000b784    00000010     drivers_cc13x0.aem3 : PINCC26XX.oem3 (.text:PINCC26XX_getPinCount)
                  0000b794    00000010     dpl_cc13x0.aem3 : SwiP_tirtos.oem3 (.text:SwiP_Params_init)
                  0000b7a4    00000010     util.obj (.text:Util_isActive)
                  0000b7b4    00000010     wearableDevice.obj (.text:countSleepClockStructFunction)
                  0000b7c4    00000010     drivers_cc13x0.aem3 : I2CCC26XX.oem3 (.text:i2cPostNotify)
                  0000b7d4    00000010     rom_sysbios.aem3 : rom_sysbios.obj (.text:ti_sysbios_family_arm_m3_Hwi_post__E)
                  0000b7e4    0000000e     icall_cc2650.obj (.text:ICallPlatform_pwrGetTransitionState)
                  0000b7f2    0000000e     icall_cc2650.obj (.text:ICallPlatform_pwrIsStableXOSCHF)
                  0000b800    0000000e     icall.obj (.text:ICall_primDisableMInt$12)
                  0000b80e    0000000e     icall.obj (.text:ICall_primEnableMInt$12)
                  0000b81c    00000008     (.tramp.ti_sysbios_family_arm_m3_Hwi_enableFxn__E.1)
                  0000b824    00000008     (.tramp.ti_sysbios_knl_Task_enable__E.1)
                  0000b82c    0000000e     icall.obj (.text:ICall_primFreeMsg$12)
                  0000b83a    0000000e     icall.obj (.text:ICall_primGetTicks$12)
                  0000b848    0000000e     driverlib.lib : vims.obj (.text:NOROM_VIMSModeGet)
                  0000b856    0000000e     rtsv7M3_T_le_eabi.lib : copy_decompress_none.obj (.text:decompress:none)
                  0000b864    0000000e     icall_api.obj (.text:matchGSARegisterServiceCS$15)
                  0000b872    0000000e     icall_api.obj (.text:matchGapLinkEstCS$15)
                  0000b880    0000000e     icall_api.obj (.text:matchGattSendRspCS$15)
                  0000b88e    0000000e     icall_api.obj (.text:matchLinkDBGetInfoCS$15)
                  0000b89c    0000000e     icall_api.obj (.text:matchLinkDBNumActiveCS$15)
                  0000b8aa    0000000e     icall_api.obj (.text:matchLinkDBNumConnsCS$15)
                  0000b8b8    0000000e     icall_api.obj (.text:setDispatchCmdEvtHdr$15)
                  0000b8c6    0000000e     rom_sysbios.aem3 : rom_sysbios.obj (.text:ti_sysbios_family_arm_cc26xx_TimestampProvider_get32__E)
                  0000b8d4    0000000c     Adafruit_GFX.obj (.text:AdafruitGFX_setCursor)
                  0000b8e0    0000000c     Adafruit_GFX.obj (.text:AdafruitGFX_setTextColor)
                  0000b8ec    0000000c     Adafruit_GFX.obj (.text:AdafruitGFX_width)
                  0000b8f8    0000000c     Adafruit_SSD1306.obj (.text:AdafruitSSD1306_getbuffer)
                  0000b904    0000000c     Adafruit_SSD1306.obj (.text:AdafruitSSD1306_onoff)
[...]
2000020b  enableSleep                                                               
2000020c  stateDisplay                                                              
2000020d  valueToCopy                                                               
20000210  eventChange                                                               
20000224  sem0Handle                                                                
20000228  sem1Handle                                                                
2000022c  i2c                                                                       
20000234  i2cParams                                                                 
20000244  operationEvent                                                            
20000258  operationEvent1                                                           
2000026c  elementHead                                                               
20000284  sem0Struct                                                                
200002a0  sem1Struct                                                                
200002bc  i2cTransaction                                                            
200002d8  countSleepClockStruct                                                     
200002fc  mainClockStruct                                                           
2000035c  mainTaskStruct                                                            
200003ac  primaryTaskStruct                                                         
20000bfc  _i2caddr                                                                  
20000bfd  _vccstate                                                                 
20000bfe  sid                                                                       
20000bff  sclk                                                                      
20000c00  dc                                                                        
20000c01  rst                                                                       
20000c02  cs                                                                        
20001004  linkDBNumConns                                                            
20001118  gapRoleTask                                                               
20001168  gapRoleTaskStack                                                          
200013ec  dispHandle                                                                
20001478  sbpTask                                                                   
200014c8  sbpTaskStack                                                              
20001a44  pinUpperBound                                                             
20001a48  pinLowerBound                                                             
20001adc  pinHandleTable                                                            
20001b58  PowerCC26XX_module                                                        
20001c6c  ICall_dispatcher                                                          
20001c74  ICall_enterCriticalSection                                                
20001c78  ICall_leaveCriticalSection                                                
20001c90  HEAPMGR_SIZE                                                              
20001d00  ti_sysbios_knl_Task_Module_State_0_readyQ__A                              
20001dd4  rfRegTbl                                                                  
20001e28  ti_sysbios_knl_Task_Object__table__V                                      
20001e74  appAssertCback                                                            
20001e78  ti_sysbios_family_arm_cc26xx_Timer_Object__table__V                       
20001ec0  ti_sysbios_gates_GateMutex_Object__table__V                               
20001ef8  radCtrlHandle                                                             
20001efc  radCtrlState                                                              
20001f08  radCtrlCfg                                                                
20001f14  rFSwitchPowerNotifyObj                                                    
20001f28  ti_sysbios_knl_Swi_Module_State_0_readyQ__A                               
20001f58  ti_sysbios_knl_Swi_Object__table__V                                       
20001f88  user0Cfg                                                                  
20001fb8  ti_sysbios_knl_Clock_Object__table__V                                     
20001fd8  xdc_runtime_Error_IgnoreBlock                                             
20001ff8  ti_sysbios_family_arm_m3_Hwi_Object__table__V                             
20002010  ti_sysbios_heaps_HeapMem_Object__table__V                                 
2000207e  ti_sysbios_family_arm_m3_Hwi_Module_State_0_excActive__A                  
20002080  gpioPinConfigs                                                            
20002090  __TI_cleanup_ptr                                                          
20002094  __TI_dtors_ptr                                                            
20002098  __TI_enable_exit_profile_output                                           
2000209c  lastAppOpcodeSent                                                         
200020a0  pfnBMAlloc                                                                
200020a4  pfnBMFree                                                                 
200020bc  _lock                                                                     
200020c0  _unlock                                                                   
200020c4  gpioCallbackFunctions                                                     
200020cc  postmask$AdafruitSSD1306_drawFastVLineInternal_1                          
200020d4  premask$AdafruitSSD1306_drawFastVLineInternal_1                           
200020dc  ti_sysbios_family_arm_cc26xx_Seconds_Module__state__V                     
200020e4  ti_sysbios_family_arm_m3_Hwi_Module__root__V                              
200020ec  ti_sysbios_gates_GateHwi_Module__root__V                                  
200020f4  ti_sysbios_gates_GateMutex_Module__root__V                                
200020fc  ti_sysbios_hal_Hwi_Module__root__V                                        
20002104  ti_sysbios_heaps_HeapMem_Module__root__V                                  
2000210c  ti_sysbios_knl_Clock_Module__root__V                                      
20002114  ti_sysbios_knl_Event_Module__root__V                                      
2000211c  ti_sysbios_knl_Mailbox_Module__root__V                                    
20002124  ti_sysbios_knl_Queue_Module__root__V                                      
2000212c  ti_sysbios_knl_Semaphore_Module__root__V                                  
20002134  ti_sysbios_knl_Swi_Module__root__V                                        
2000213c  ti_sysbios_knl_Task_Module__root__V                                       
20002144  timestamp                                                                 
20002148  heartRateNumber                                                           
20002150  errno                                                                     
20002154  main_func_sp                                                              
20002158  ti_sysbios_family_arm_m3_Hwi_Module_State_0_excContext__A                 
2000215c  ti_sysbios_family_arm_m3_Hwi_Module_State_0_excStack__A                   
20002160  ti_sysbios_knl_Task_Module_State_0_idleTask__A                            
20002168  ti_sysbios_heaps_HeapMem_Instance_State_0_buf__A                          
200027e8  ti_sysbios_knl_Task_Instance_State_0_stack__A                             
20002c84  i2cCC26xxObjects                                                          
20002d64  ti_sysbios_family_arm_m3_Hwi_dispatchTable                                
20002e2c  textsize                                                                  
20002e2d  rotation                                                                  
20002e2e  wrap                                                                      
20002e2f  _cp437                                                                    
20002e30  WIDTH                                                                     
20002e32  HEIGHT                                                                    
20002e34  _width                                                                    
20002e36  _height                                                                   
20002e38  cursor_x                                                                  
20002e3a  cursor_y                                                                  
20002e3c  textcolor                                                                 
20002e3e  textbgcolor                                                               
20002e40  gfxFont                                                                   
20002e44  P_drawPixel                                                               
20002e48  P_startWrite                                                              
20002e4c  P_writePixel                                                              
20002e50  P_writeFillRect                                                           
20002e54  P_writeFastVLine                                                          
20002e58  P_writeFastHLine                                                          
20002e5c  P_writeLine                                                               
20002e60  P_endWrite                                                                
20002e64  PsetRotation                                                              
20002e68  P_drawFastVLine                                                           
20002e6c  P_drawFastHLine                                                           
20002e70  P_fillRect                                                                
20002e74  P_fillScreen                                                              
20002e78  P_drawLine                                                                
20002e7c  P_drawRect                                                                
20002e80  P_setCursor                                                               
20002e84  P_setTextColor                                                            
20002e88  P_setTextSize                                                             
20002e8c  P_write                                                                   
20002ec8  id                                                                        
20002ecc  microsecond                                                               
20002ed0  millisecond                                                               
20002ed4  second                                                                    
20002ed8  minute                                                                    
20002edc  hour                                                                      
20002ee0  day                                                                       
20002ee4  month                                                                     
20002ee8  year                                                                      
20002eec  century                                                                   
20002ef0  millenium                                                                 
20002f40  PowerCC26XX_taskKey                                                       
20002f44  PowerCC26XX_swiKey                                                        
20002f50  colon_status                                                              
20002f51  footsteps_status                                                          
20002f52  heart_status                                                              
20002f54  ClockP_tickPeriod                                                         
20002f58  trngCC26XXObjects                                                         
20002f5c  driverlib_release_0_49471                                                 
20002f5d  heapStart                                                                 
20003f18  __stack                                                                   
20003f18  heapEnd                                                                   
20004318  __STACK_END                                                               
20004318  __STACK_TOP                                                               
20004f2c  A4_rw                                                                     
20004f2c  COMMON_RAM_BASE_ADDR                                                      
20004f40  P2_rw                                                                     
20004f40  P2_s0                                                                     
20004f40  eccRom_windowSize                                                         
20004f44  eccRom_workzone                                                           
20004f48  eccRom_param_p                                                            
20004f4c  eccRom_param_r                                                            
20004f50  eccRom_param_a                                                            
20004f54  inScalar                                                                  
20004f58  inPointX                                                                  
20004f5c  inPointY                                                                  
20004f60  outPointX                                                                 
20004f64  outPointY                                                                 
20004f68  SCAL                                                                      
20004f6c  EXPX                                                                      
20004f70  EXPY                                                                      
20004f74  EXPZ                                                                      
20004f78  EXPW                                                                      
20004f7c  ACCX                                                                      
20004f80  ACCY                                                                      
20004f84  ACCZ                                                                      
20004f88  TMP1                                                                      
20004f8c  TMP2                                                                      
20004f90  TMP3                                                                      
20004f94  TMP4                                                                      
20004f98  TMP5                                                                      
20004f9c  TMP6                                                                      
20004fa0  eccRom_param_Gx                                                           
20004fa4  eccRom_param_Gy                                                           
20004fa8  eccRom_param_b                                                            
20004fac  P2_zi                                                                     
20004fac  ratChanInfo                                                               
20004fcc  fwInfoCmd                                                                 
20004fd8  MSBMOD                                                                    
20004fdc  aux64                                                                     
20004fe4  MOD                                                                       
20004fe8  LEN                                                                       
20004ffc  pSspAesEncrypt_Sw                                                         
e000e000  ti_sysbios_family_arm_m3_Hwi_nvic                                         
ffffffff  __TI_pprof_out_hndl                                                       
ffffffff  __TI_prof_data_size                                                       
ffffffff  __TI_prof_data_start                                                      
ffffffff  __binit__                                                                 
ffffffff  binit                                                                     
UNDEFED   ClockP_getSystemTicks                                                     
UNDEFED   HwiP_restore                                                              
UNDEFED   SHT$$INIT_ARRAY$$Base                                                     
UNDEFED   SHT$$INIT_ARRAY$$Limit                                                    
UNDEFED   SwiP_restore                                                              
UNDEFED   ti_sysbios_BIOS_RtsGateProxy_Handle__label__S__mangled__                  
UNDEFED   ti_sysbios_BIOS_RtsGateProxy_Params__init__S__mangled__                   
UNDEFED   ti_sysbios_BIOS_RtsGateProxy_query__E__mangled__                          
UNDEFED   ti_sysbios_hal_Hwi_HwiProxy_Module__startupDone__S__mangled__             
UNDEFED   ti_sysbios_hal_Hwi_HwiProxy_Params__init__S__mangled__                    
UNDEFED   ti_sysbios_hal_Hwi_HwiProxy_disableInterrupt__E__mangled__                
UNDEFED   ti_sysbios_hal_Hwi_HwiProxy_enableInterrupt__E__mangled__                 
UNDEFED   ti_sysbios_hal_Hwi_HwiProxy_getStackInfo__E__mangled__                    
UNDEFED   ti_sysbios_hal_Hwi_HwiProxy_startup__E__mangled__                         
UNDEFED   ti_sysbios_hal_Hwi_HwiProxy_switchFromBootStack__E__mangled__             
UNDEFED   ti_sysbios_hal_Hwi_disableInterrupt__E                                    
UNDEFED   ti_sysbios_hal_Hwi_enableInterrupt__E                                     
UNDEFED   ti_sysbios_hal_Hwi_getStackInfo__E                                        
UNDEFED   ti_sysbios_hal_Hwi_startup__E                                             
UNDEFED   ti_sysbios_hal_Hwi_switchFromBootStack__E                                 
UNDEFED   ti_sysbios_heaps_HeapMem_Module_GateProxy_Handle__label__S__mangled__     
UNDEFED   ti_sysbios_heaps_HeapMem_Module_GateProxy_Params__init__S__mangled__      
UNDEFED   ti_sysbios_heaps_HeapMem_Module_GateProxy_query__E__mangled__             
UNDEFED   ti_sysbios_knl_Clock_TimerProxy_Module__startupDone__S__mangled__         
UNDEFED   ti_sysbios_knl_Clock_TimerProxy_startup__E__mangled__                     
UNDEFED   ti_sysbios_knl_Task_SupportProxy_Module__startupDone__S__mangled__        
UNDEFED   ti_sysbios_knl_Task_SupportProxy_getStackAlignment__E__mangled__          
UNDEFED   ti_sysbios_knl_Task_SupportProxy_start__E__mangled__                      
UNDEFED   ti_sysbios_knl_Task_SupportProxy_swap__E__mangled__                       
UNDEFED   xdc_runtime_Main_Module_GateProxy_Handle__label__S                        
UNDEFED   xdc_runtime_Main_Module_GateProxy_query__E                                
UNDEFED   xdc_runtime_Memory_HeapProxy_Handle__label__S__mangled__                  
UNDEFED   xdc_runtime_System_Module_GateProxy_Handle__label__S__mangled__           
UNDEFED   xdc_runtime_System_Module_GateProxy_query__E__mangled__                   
UNDEFED   xdc_runtime_System_SupportProxy_abort__E                                  
UNDEFED   xdc_runtime_System_SupportProxy_exit__E                                   
UNDEFED   xdc_runtime_Timestamp_SupportProxy_get64__E__mangled__                    
UNDEFED   xdc_runtime_Timestamp_SupportProxy_getFreq__E__mangled__                  
UNDEFED   xdc_runtime_Timestamp_get32__E                                            
UNDEFED   xdc_runtime_Timestamp_get64__E                                            
UNDEFED   xdc_runtime_Timestamp_getFreq__E                                          

[1281 symbols]
